[0.019s] Invoking command in '/home/ros2/tower_ws/build/zed_components': CMAKE_PREFIX_PATH=${CMAKE_PREFIX_PATH}:/home/ros2/Downloads/final-ai/install/py_fakedata:/home/ros2/Downloads/final-ai/install/py_detectionmessage:/home/ros2/Downloads/final-ai/install/py_aiproc:/opt/ros/humble /usr/bin/cmake --build /home/ros2/tower_ws/build/zed_components -- -j24 -l24
[0.116s] -- Found CUDA: /usr/local/cuda (found suitable version "13.1", minimum required is "13") 
[0.230s] -- Found CUDA: /usr/local/cuda (found version "13.1") 
[0.230s] -- Found ament_cmake_auto: 1.3.14 (/opt/ros/humble/share/ament_cmake_auto/cmake)
[0.730s] -- Found rosidl_generator_c: 3.1.9 (/opt/ros/humble/share/rosidl_generator_c/cmake)
[0.735s] -- Found rosidl_adapter: 3.1.9 (/opt/ros/humble/share/rosidl_adapter/cmake)
[0.746s] -- Found rosidl_generator_cpp: 3.1.9 (/opt/ros/humble/share/rosidl_generator_cpp/cmake)
[0.758s] -- Using all available rosidl_typesupport_c: rosidl_typesupport_fastrtps_c;rosidl_typesupport_introspection_c
[0.777s] -- Using all available rosidl_typesupport_cpp: rosidl_typesupport_fastrtps_cpp;rosidl_typesupport_introspection_cpp
[0.933s] -- Found rmw_implementation_cmake: 6.1.3 (/opt/ros/humble/share/rmw_implementation_cmake/cmake)
[0.933s] -- Found rmw_fastrtps_cpp: 6.2.10 (/opt/ros/humble/share/rmw_fastrtps_cpp/cmake)
[1.036s] -- Using RMW implementation 'rmw_fastrtps_cpp' as default
[1.273s] -- Found eigen3_cmake_module: 0.1.1 (/opt/ros/humble/share/eigen3_cmake_module/cmake)
[1.274s] -- Ensuring Eigen3 include directory is part of orocos-kdl CMake target
[1.365s] -- Found ament_lint_auto: 0.12.15 (/opt/ros/humble/share/ament_lint_auto/cmake)
[1.395s] -- Added test 'copyright' to check source files copyright and LICENSE
[1.396s] -- Added test 'cppcheck' to perform static code analysis on C / C++ code
[1.396s] -- Configured cppcheck include dirs: /home/ros2/tower_ws/src/zed-ros2-wrapper/zed_components/src/include;/home/ros2/tower_ws/src/zed-ros2-wrapper/zed_components/src/zed_camera/include;/home/ros2/tower_ws/src/zed-ros2-wrapper/zed_components/src/tools/include;/home/ros2/tower_ws/src/zed-ros2-wrapper/zed_components/src/zed_camera_one/include
[1.397s] -- Configured cppcheck exclude dirs and/or files: 
[1.397s] -- Added test 'lint_cmake' to check CMake code style
[1.398s] -- Added test 'uncrustify' to check C / C++ code style
[1.398s] -- Configured uncrustify additional arguments: 
[1.398s] -- Added test 'xmllint' to check XML markup files
[1.401s] -- Configuring done
[1.424s] -- Generating done
[1.430s] -- Build files have been written to: /home/ros2/tower_ws/build/zed_components
[1.458s] [35m[1mConsolidate compiler generated dependencies of target zed_camera_one_component[0m
[1.458s] [35m[1mConsolidate compiler generated dependencies of target zed_camera_component[0m
[1.482s] [  5%] [32mBuilding CXX object CMakeFiles/zed_camera_component.dir/src/tools/src/gnss_replay.cpp.o[0m
[1.484s] [ 17%] [32mBuilding CXX object CMakeFiles/zed_camera_component.dir/src/tools/src/sl_win_avg.cpp.o[0m
[1.484s] [ 17%] [32mBuilding CXX object CMakeFiles/zed_camera_component.dir/src/tools/src/sl_tools.cpp.o[0m
[1.484s] [ 35%] [32mBuilding CXX object CMakeFiles/zed_camera_one_component.dir/src/tools/src/sl_win_avg.cpp.o[0m
[1.484s] [ 35%] [32mBuilding CXX object CMakeFiles/zed_camera_one_component.dir/src/tools/src/gnss_replay.cpp.o[0m
[1.484s] [ 35%] [32mBuilding CXX object CMakeFiles/zed_camera_one_component.dir/src/tools/src/sl_tools.cpp.o[0m
[1.496s] [ 41%] [32mBuilding CXX object CMakeFiles/zed_camera_one_component.dir/src/tools/src/sl_types.cpp.o[0m
[1.497s] [ 47%] [32mBuilding CXX object CMakeFiles/zed_camera_component.dir/src/zed_camera/src/zed_camera_component_main.cpp.o[0m
[1.497s] [ 52%] [32mBuilding CXX object CMakeFiles/zed_camera_component.dir/src/tools/src/sl_types.cpp.o[0m
[1.497s] [ 64%] [32mBuilding CXX object CMakeFiles/zed_camera_one_component.dir/src/zed_camera_one/src/zed_camera_one_component_sensors.cpp.o[0m
[1.498s] [ 64%] [32mBuilding CXX object CMakeFiles/zed_camera_one_component.dir/src/zed_camera_one/src/zed_camera_one_component_main.cpp.o[0m
[1.499s] [ 70%] [32mBuilding CXX object CMakeFiles/zed_camera_component.dir/src/zed_camera/src/zed_camera_component_video_depth.cpp.o[0m
[1.500s] [ 76%] [32mBuilding CXX object CMakeFiles/zed_camera_one_component.dir/src/zed_camera_one/src/zed_camera_one_component_video.cpp.o[0m
[1.500s] [ 82%] [32mBuilding CXX object CMakeFiles/zed_camera_component.dir/src/zed_camera/src/zed_camera_component_objdet.cpp.o[0m
[1.501s] [ 88%] [32mBuilding CXX object CMakeFiles/zed_camera_component.dir/src/zed_camera/src/zed_camera_component_bodytrk.cpp.o[0m
[36.818s] [ 94%] [32m[1mLinking CXX shared library libzed_camera_one_component.so[0m
[37.466s] [ 94%] Built target zed_camera_one_component
[68.272s] [100%] [32m[1mLinking CXX shared library libzed_camera_component.so[0m
[68.990s] [100%] Built target zed_camera_component
[69.002s] Invoked command in '/home/ros2/tower_ws/build/zed_components' returned '0': CMAKE_PREFIX_PATH=${CMAKE_PREFIX_PATH}:/home/ros2/Downloads/final-ai/install/py_fakedata:/home/ros2/Downloads/final-ai/install/py_detectionmessage:/home/ros2/Downloads/final-ai/install/py_aiproc:/opt/ros/humble /usr/bin/cmake --build /home/ros2/tower_ws/build/zed_components -- -j24 -l24
[69.004s] Invoking command in '/home/ros2/tower_ws/build/zed_components': CMAKE_PREFIX_PATH=${CMAKE_PREFIX_PATH}:/home/ros2/Downloads/final-ai/install/py_fakedata:/home/ros2/Downloads/final-ai/install/py_detectionmessage:/home/ros2/Downloads/final-ai/install/py_aiproc:/opt/ros/humble /usr/bin/cmake --install /home/ros2/tower_ws/build/zed_components
[69.016s] -- Install configuration: "Release"
[69.017s] -- Installing: /home/ros2/tower_ws/install/zed_components/lib/libzed_camera_component.so
[69.024s] -- Set runtime path of "/home/ros2/tower_ws/install/zed_components/lib/libzed_camera_component.so" to ""
[69.025s] -- Installing: /home/ros2/tower_ws/install/zed_components/lib/libzed_camera_one_component.so
[69.028s] -- Set runtime path of "/home/ros2/tower_ws/install/zed_components/lib/libzed_camera_one_component.so" to ""
[69.029s] -- Up-to-date: /home/ros2/tower_ws/install/zed_components/include/zed_components/
[69.029s] -- Up-to-date: /home/ros2/tower_ws/install/zed_components/include/zed_components//cost_traversability.hpp
[69.029s] -- Up-to-date: /home/ros2/tower_ws/install/zed_components/include/zed_components//zed_camera_component.hpp
[69.029s] -- Up-to-date: /home/ros2/tower_ws/install/zed_components/include/zed_components/
[69.029s] -- Up-to-date: /home/ros2/tower_ws/install/zed_components/include/zed_components//sl_types.hpp
[69.029s] -- Up-to-date: /home/ros2/tower_ws/install/zed_components/include/zed_components//sl_tools.hpp
[69.029s] -- Up-to-date: /home/ros2/tower_ws/install/zed_components/include/zed_components//sl_win_avg.hpp
[69.029s] -- Up-to-date: /home/ros2/tower_ws/install/zed_components/include/zed_components//gnss_replay.hpp
[69.029s] -- Up-to-date: /home/ros2/tower_ws/install/zed_components/include/zed_components//json.hpp
[69.030s] -- Up-to-date: /home/ros2/tower_ws/install/zed_components/include/zed_components//sl_logging.hpp
[69.030s] -- Up-to-date: /home/ros2/tower_ws/install/zed_components/include/zed_components/
[69.030s] -- Up-to-date: /home/ros2/tower_ws/install/zed_components/include/zed_components//visibility_control.hpp
[69.030s] -- Up-to-date: /home/ros2/tower_ws/install/zed_components/include/zed_components//sl_version.hpp
[69.030s] -- Up-to-date: /home/ros2/tower_ws/install/zed_components/share/zed_components/environment/library_path.sh
[69.030s] -- Installing: /home/ros2/tower_ws/install/zed_components/share/zed_components/environment/library_path.dsv
[69.030s] -- Up-to-date: /home/ros2/tower_ws/install/zed_components/share/ament_index/resource_index/package_run_dependencies/zed_components
[69.030s] -- Installing: /home/ros2/tower_ws/install/zed_components/share/ament_index/resource_index/parent_prefix_path/zed_components
[69.030s] -- Up-to-date: /home/ros2/tower_ws/install/zed_components/share/zed_components/environment/ament_prefix_path.sh
[69.030s] -- Installing: /home/ros2/tower_ws/install/zed_components/share/zed_components/environment/ament_prefix_path.dsv
[69.030s] -- Up-to-date: /home/ros2/tower_ws/install/zed_components/share/zed_components/environment/path.sh
[69.031s] -- Installing: /home/ros2/tower_ws/install/zed_components/share/zed_components/environment/path.dsv
[69.031s] -- Up-to-date: /home/ros2/tower_ws/install/zed_components/share/zed_components/local_setup.bash
[69.031s] -- Up-to-date: /home/ros2/tower_ws/install/zed_components/share/zed_components/local_setup.sh
[69.031s] -- Up-to-date: /home/ros2/tower_ws/install/zed_components/share/zed_components/local_setup.zsh
[69.031s] -- Installing: /home/ros2/tower_ws/install/zed_components/share/zed_components/local_setup.dsv
[69.031s] -- Installing: /home/ros2/tower_ws/install/zed_components/share/zed_components/package.dsv
[69.031s] -- Up-to-date: /home/ros2/tower_ws/install/zed_components/share/ament_index/resource_index/packages/zed_components
[69.031s] -- Up-to-date: /home/ros2/tower_ws/install/zed_components/share/ament_index/resource_index/rclcpp_components/zed_components
[69.032s] -- Up-to-date: /home/ros2/tower_ws/install/zed_components/share/zed_components/cmake/ament_cmake_export_include_directories-extras.cmake
[69.032s] -- Up-to-date: /home/ros2/tower_ws/install/zed_components/share/zed_components/cmake/ament_cmake_export_libraries-extras.cmake
[69.032s] -- Up-to-date: /home/ros2/tower_ws/install/zed_components/share/zed_components/cmake/ament_cmake_export_dependencies-extras.cmake
[69.032s] -- Up-to-date: /home/ros2/tower_ws/install/zed_components/share/zed_components/cmake/zed_componentsConfig.cmake
[69.032s] -- Up-to-date: /home/ros2/tower_ws/install/zed_components/share/zed_components/cmake/zed_componentsConfig-version.cmake
[69.032s] -- Up-to-date: /home/ros2/tower_ws/install/zed_components/share/zed_components/package.xml
[69.035s] Invoked command in '/home/ros2/tower_ws/build/zed_components' returned '0': CMAKE_PREFIX_PATH=${CMAKE_PREFIX_PATH}:/home/ros2/Downloads/final-ai/install/py_fakedata:/home/ros2/Downloads/final-ai/install/py_detectionmessage:/home/ros2/Downloads/final-ai/install/py_aiproc:/opt/ros/humble /usr/bin/cmake --install /home/ros2/tower_ws/build/zed_components
