[0.008s] Invoking command in '/home/ros2/tower_ws/build/nav_radar': AMENT_PREFIX_PATH=/home/ros2/tower_ws/install/nav_messages:${AMENT_PREFIX_PATH} CMAKE_PREFIX_PATH=/home/ros2/tower_ws/install/nav_messages:/home/ros2/ros2_ws/install/zed_ros2:/home/ros2/ros2_ws/install/zed_wrapper:/home/ros2/ros2_ws/install/zed_components:/home/ros2/Downloads/final-ai/install/detectionmessage:/home/ros2/Downloads/ros2cs/install:/home/ros2/Downloads/final-ai/install/py_fakedata:/home/ros2/Downloads/final-ai/install/py_detectionmessage:/home/ros2/Downloads/final-ai/install/py_aiproc:/opt/ros/humble LD_LIBRARY_PATH=/home/ros2/tower_ws/install/nav_messages/lib:${LD_LIBRARY_PATH} PYTHONPATH=/home/ros2/tower_ws/install/nav_messages/local/lib/python3.10/dist-packages:${PYTHONPATH} /usr/bin/cmake /home/ros2/tower_ws/src/navtech/src/nav_radar -DCMAKE_INSTALL_PREFIX=/home/ros2/tower_ws/install/nav_radar
[0.057s] -- The C compiler identification is GNU 11.4.0
[0.103s] -- The CXX compiler identification is GNU 11.4.0
[0.109s] -- Detecting C compiler ABI info
[0.172s] -- Detecting C compiler ABI info - done
[0.179s] -- Check for working C compiler: /usr/bin/cc - skipped
[0.180s] -- Detecting C compile features
[0.180s] -- Detecting C compile features - done
[0.183s] -- Detecting CXX compiler ABI info
[0.258s] -- Detecting CXX compiler ABI info - done
[0.263s] -- Check for working CXX compiler: /usr/bin/c++ - skipped
[0.263s] -- Detecting CXX compile features
[0.264s] -- Detecting CXX compile features - done
[0.266s] -- Found ament_cmake: 1.3.14 (/opt/ros/humble/share/ament_cmake/cmake)
[0.409s] -- Found Python3: /usr/bin/python3 (found version "3.10.12") found components: Interpreter 
[0.496s] -- Found rclcpp: 16.0.19 (/opt/ros/humble/share/rclcpp/cmake)
[0.553s] -- Found rosidl_generator_c: 3.1.9 (/opt/ros/humble/share/rosidl_generator_c/cmake)
[0.561s] -- Found rosidl_adapter: 3.1.9 (/opt/ros/humble/share/rosidl_adapter/cmake)
[0.569s] -- Found rosidl_generator_cpp: 3.1.9 (/opt/ros/humble/share/rosidl_generator_cpp/cmake)
[0.579s] -- Using all available rosidl_typesupport_c: rosidl_typesupport_fastrtps_c;rosidl_typesupport_introspection_c
[0.592s] -- Using all available rosidl_typesupport_cpp: rosidl_typesupport_fastrtps_cpp;rosidl_typesupport_introspection_cpp
[0.636s] -- Found rmw_implementation_cmake: 6.1.3 (/opt/ros/humble/share/rmw_implementation_cmake/cmake)
[0.639s] -- Found rmw_fastrtps_cpp: 6.2.10 (/opt/ros/humble/share/rmw_fastrtps_cpp/cmake)
[0.708s] -- Found OpenSSL: /usr/lib/x86_64-linux-gnu/libcrypto.so (found version "3.0.2")  
[0.726s] -- Found FastRTPS: /opt/ros/humble/include  
[0.753s] -- Using RMW implementation 'rmw_fastrtps_cpp' as default
[0.762s] -- Looking for pthread.h
[0.814s] -- Looking for pthread.h - found
[0.814s] -- Performing Test CMAKE_HAVE_LIBC_PTHREAD
[0.870s] -- Performing Test CMAKE_HAVE_LIBC_PTHREAD - Success
[0.871s] -- Found Threads: TRUE  
[0.921s] -- Found tf2: 0.25.18 (/home/ros2/Downloads/ros2cs/install/share/tf2/cmake)
[0.949s] -- Found tf2_ros: 0.25.18 (/home/ros2/Downloads/ros2cs/install/share/tf2_ros/cmake)
[1.042s] -- Found nav_messages: 1.0.0 (/home/ros2/tower_ws/install/nav_messages/share/nav_messages/cmake)
[1.052s] -- Found sensor_msgs: 4.9.0 (/home/ros2/Downloads/ros2cs/install/share/sensor_msgs/cmake)
[1.070s] -- Found OpenCV: /usr (found suitable version "4.5.4", minimum required is "4.2.0") 
[1.080s] -- Found Protobuf: /usr/lib/x86_64-linux-gnu/libprotobuf.a (found version "3.12.4") 
[1.083s] -- Protobuf current output dir: /home/ros2/tower_ws/build/nav_radar/protobuf
[1.173s] -- Configuring done
[1.230s] -- Generating done
[1.251s] -- Build files have been written to: /home/ros2/tower_ws/build/nav_radar
[1.261s] Invoked command in '/home/ros2/tower_ws/build/nav_radar' returned '0': AMENT_PREFIX_PATH=/home/ros2/tower_ws/install/nav_messages:${AMENT_PREFIX_PATH} CMAKE_PREFIX_PATH=/home/ros2/tower_ws/install/nav_messages:/home/ros2/ros2_ws/install/zed_ros2:/home/ros2/ros2_ws/install/zed_wrapper:/home/ros2/ros2_ws/install/zed_components:/home/ros2/Downloads/final-ai/install/detectionmessage:/home/ros2/Downloads/ros2cs/install:/home/ros2/Downloads/final-ai/install/py_fakedata:/home/ros2/Downloads/final-ai/install/py_detectionmessage:/home/ros2/Downloads/final-ai/install/py_aiproc:/opt/ros/humble LD_LIBRARY_PATH=/home/ros2/tower_ws/install/nav_messages/lib:${LD_LIBRARY_PATH} PYTHONPATH=/home/ros2/tower_ws/install/nav_messages/local/lib/python3.10/dist-packages:${PYTHONPATH} /usr/bin/cmake /home/ros2/tower_ws/src/navtech/src/nav_radar -DCMAKE_INSTALL_PREFIX=/home/ros2/tower_ws/install/nav_radar
[1.263s] Invoking command in '/home/ros2/tower_ws/build/nav_radar': AMENT_PREFIX_PATH=/home/ros2/tower_ws/install/nav_messages:${AMENT_PREFIX_PATH} CMAKE_PREFIX_PATH=/home/ros2/tower_ws/install/nav_messages:/home/ros2/ros2_ws/install/zed_ros2:/home/ros2/ros2_ws/install/zed_wrapper:/home/ros2/ros2_ws/install/zed_components:/home/ros2/Downloads/final-ai/install/detectionmessage:/home/ros2/Downloads/ros2cs/install:/home/ros2/Downloads/final-ai/install/py_fakedata:/home/ros2/Downloads/final-ai/install/py_detectionmessage:/home/ros2/Downloads/final-ai/install/py_aiproc:/opt/ros/humble LD_LIBRARY_PATH=/home/ros2/tower_ws/install/nav_messages/lib:${LD_LIBRARY_PATH} PYTHONPATH=/home/ros2/tower_ws/install/nav_messages/local/lib/python3.10/dist-packages:${PYTHONPATH} /usr/bin/cmake --build /home/ros2/tower_ws/build/nav_radar -- -j24 -l24
[1.293s] [  1%] [34m[1mRunning cpp protocol buffer compiler on configurationdata.proto[0m
[1.293s] [  2%] [34m[1mRunning cpp protocol buffer compiler on healthinfo.proto[0m
[1.294s] [  3%] [34m[1mRunning cpp protocol buffer compiler on softwareversions.proto[0m
[1.295s] [  4%] [34m[1mRunning cpp protocol buffer compiler on nvramcontents.proto[0m
[1.295s] [  5%] [34m[1mRunning cpp protocol buffer compiler on radarmodel.proto[0m
[1.295s] [  7%] [34m[1mRunning cpp protocol buffer compiler on discovery.proto[0m
[1.295s] [  7%] [34m[1mRunning cpp protocol buffer compiler on health.proto[0m
[1.299s] [  8%] [34m[1mRunning cpp protocol buffer compiler on networkinfo.proto[0m
[1.301s] [  9%] [32mBuilding CXX object utility/CMakeFiles/utility.dir/Cartesian_coordinate.cpp.o[0m
[1.301s] [ 14%] [32mBuilding CXX object utility/CMakeFiles/utility.dir/threading/Active.cpp.o[0m
[1.301s] [ 14%] [32mBuilding CXX object utility/CMakeFiles/utility.dir/Timer.cpp.o[0m
[1.301s] [ 14%] [32mBuilding CXX object utility/CMakeFiles/utility.dir/Option_parser.cpp.o[0m
[1.302s] [ 14%] [32mBuilding CXX object utility/CMakeFiles/utility.dir/Time_utils.cpp.o[0m
[1.302s] [ 14%] [32mBuilding CXX object utility/CMakeFiles/utility.dir/Signal_handler.cpp.o[0m
[1.302s] [ 15%] [32mBuilding CXX object utility/CMakeFiles/utility.dir/threading/Mutex.cpp.o[0m
[1.302s] [ 16%] [32mBuilding CXX object utility/CMakeFiles/utility.dir/Log.cpp.o[0m
[1.303s] [ 17%] [32mBuilding CXX object utility/CMakeFiles/utility.dir/Polar_coordinate.cpp.o[0m
[1.330s] [ 22%] [32mBuilding CXX object protobuf/CMakeFiles/protobuf.dir/discovery.pb.cc.o[0m
[1.330s] [ 22%] [32mBuilding CXX object protobuf/CMakeFiles/protobuf.dir/configurationdata.pb.cc.o[0m
[1.330s] [ 22%] [32mBuilding CXX object protobuf/CMakeFiles/protobuf.dir/health.pb.cc.o[0m
[1.330s] [ 22%] [32mBuilding CXX object protobuf/CMakeFiles/protobuf.dir/healthinfo.pb.cc.o[0m
[1.330s] [ 22%] [32mBuilding CXX object protobuf/CMakeFiles/protobuf.dir/networkinfo.pb.cc.o[0m
[1.330s] [ 23%] [32mBuilding CXX object protobuf/CMakeFiles/protobuf.dir/softwareversions.pb.cc.o[0m
[1.333s] [ 24%] [32mBuilding CXX object protobuf/CMakeFiles/protobuf.dir/radarmodel.pb.cc.o[0m
[1.336s] [ 25%] [32mBuilding CXX object protobuf/CMakeFiles/protobuf.dir/nvramcontents.pb.cc.o[0m
[2.144s] [ 26%] [32m[1mLinking CXX static library libutility.a[0m
[2.173s] [ 26%] Built target utility
[2.408s] [ 27%] [32m[1mLinking CXX static library libprotobuf.a[0m
[2.446s] [ 27%] Built target protobuf
[2.464s] [ 29%] [32mBuilding CXX object navigation/CMakeFiles/navigation.dir/Sector_blanking.cpp.o[0m
[2.464s] [ 29%] [32mBuilding CXX object navigation/CMakeFiles/navigation.dir/Peak_finder.cpp.o[0m
[3.229s] [ 30%] [32m[1mLinking CXX static library libnavigation.a[0m
[3.261s] [ 30%] Built target navigation
[3.280s] [ 32%] [32mBuilding CXX object network/CMakeFiles/networking.dir/core/socket/UDP_socket.cpp.o[0m
[3.280s] [ 32%] [32mBuilding CXX object network/CMakeFiles/networking.dir/core/utility/net_conversion.cpp.o[0m
[3.280s] [ 33%] [32mBuilding CXX object network/CMakeFiles/networking.dir/core/socket/Socket.cpp.o[0m
[3.280s] [ 35%] [32mBuilding CXX object network/CMakeFiles/networking.dir/core/socket/TCP_socket.cpp.o[0m
[3.280s] [ 35%] [32mBuilding CXX object network/CMakeFiles/networking.dir/core/utility/IP_address.cpp.o[0m
[3.281s] [ 36%] [32mBuilding CXX object network/CMakeFiles/networking.dir/protocol/CAT_240/server/Cat240_server.cpp.o[0m
[3.281s] [ 36%] [32mBuilding CXX object network/CMakeFiles/networking.dir/core/utility/MAC_address.cpp.o[0m
[3.282s] [ 38%] [32mBuilding CXX object network/CMakeFiles/networking.dir/protocol/CAT_240/event_handling/Cat240_events.cpp.o[0m
[3.282s] [ 38%] [32mBuilding CXX object network/CMakeFiles/networking.dir/protocol/CAT_240/protocol/Cat240_message.cpp.o[0m
[3.282s] [ 40%] [32mBuilding CXX object network/CMakeFiles/networking.dir/protocol/Colossus/protocol/Colossus_network_message.cpp.o[0m
[3.282s] [ 40%] [32mBuilding CXX object network/CMakeFiles/networking.dir/protocol/Colossus/server/Colossus_server.cpp.o[0m
[3.282s] [ 41%] [32mBuilding CXX object network/CMakeFiles/networking.dir/protocol/Colossus/test/Colossus_test_cases.cpp.o[0m
[3.282s] [ 43%] [32mBuilding CXX object network/CMakeFiles/networking.dir/protocol/Colossus_UDP/event_handling/Colossus_UDP_events.cpp.o[0m
[3.282s] [ 43%] [32mBuilding CXX object network/CMakeFiles/networking.dir/protocol/CAT_240/client/Cat240_client.cpp.o[0m
[3.282s] [ 44%] [32mBuilding CXX object network/CMakeFiles/networking.dir/protocol/Colossus_UDP/client/Colossus_UDP_client.cpp.o[0m
[3.284s] [ 45%] [32mBuilding CXX object network/CMakeFiles/networking.dir/protocol/Colossus/event_handling/Colossus_events.cpp.o[0m
[3.284s] [ 46%] [32mBuilding CXX object network/CMakeFiles/networking.dir/protocol/Colossus/client/Colossus_client.cpp.o[0m
[3.285s] [ 47%] [32mBuilding CXX object network/CMakeFiles/networking.dir/protocol/Colossus/test/Colossus_test.cpp.o[0m
[3.286s] [ 48%] [32mBuilding CXX object network/CMakeFiles/networking.dir/protocol/NMEA/protocol/NMEA_message.cpp.o[0m
[3.287s] [ 49%] [32mBuilding CXX object network/CMakeFiles/networking.dir/protocol/Colossus_UDP/protocol/Colossus_UDP_network_message.cpp.o[0m
[3.287s] [ 50%] [32mBuilding CXX object network/CMakeFiles/networking.dir/protocol/Colossus/test/Colossus_test_runner.cpp.o[0m
[3.287s] [ 51%] [32mBuilding CXX object network/CMakeFiles/networking.dir/protocol/NMEA/protocol/NMEA_parser.cpp.o[0m
[3.288s] [ 52%] [32mBuilding CXX object network/CMakeFiles/networking.dir/protocol/NMEA/client/NMEA_client.cpp.o[0m
[3.289s] [ 53%] [32mBuilding CXX object network/CMakeFiles/networking.dir/protocol/NMEA/server/NMEA_server.cpp.o[0m
[3.506s] [ 54%] [32mBuilding CXX object network/CMakeFiles/networking.dir/protocol/NMEA/event_handling/NMEA_events.cpp.o[0m
[5.543s] [ 55%] [32m[1mLinking CXX static library libnetworking.a[0m
[5.633s] [ 55%] Built target networking
[5.651s] [ 56%] [32mBuilding CXX object CMakeFiles/point_cloud_publisher.dir/src/publishers/point_cloud_publisher.cpp.o[0m
[5.651s] [ 57%] [32mBuilding CXX object CMakeFiles/point_cloud_publisher.dir/src/publishers/point_cloud_publisher_main.cpp.o[0m
[5.651s] [ 58%] [32mBuilding CXX object CMakeFiles/colossus_subscriber_laser_scan_publisher.dir/src/publishers/colossus_subscriber_laser_scan_publisher_main.cpp.o[0m
[5.652s] [ 59%] [32mBuilding CXX object CMakeFiles/laser_scan_publisher.dir/src/publishers/laser_scan_publisher.cpp.o[0m
[5.652s] [ 60%] [32mBuilding CXX object CMakeFiles/laser_scan_subscriber_to_video.dir/src/subscribers/laser_scan_subscriber_to_video.cpp.o[0m
[5.652s] [ 61%] [32mBuilding CXX object CMakeFiles/colossus_subscriber.dir/src/subscribers/colossus_subscriber_main.cpp.o[0m
[5.652s] [ 62%] [32mBuilding CXX object CMakeFiles/laser_scan_subscriber_to_video.dir/src/subscribers/laser_scan_subscriber_to_video_main.cpp.o[0m
[5.652s] [ 63%] [32mBuilding CXX object CMakeFiles/laser_scan_publisher.dir/src/publishers/laser_scan_publisher_main.cpp.o[0m
[5.652s] [ 64%] [32mBuilding CXX object CMakeFiles/laser_scan_subscriber.dir/src/subscribers/laser_scan_subscriber.cpp.o[0m
[5.652s] [ 65%] [32mBuilding CXX object CMakeFiles/colossus_subscriber_laser_scan_publisher.dir/src/publishers/colossus_subscriber_laser_scan_publisher.cpp.o[0m
[5.652s] [ 66%] [32mBuilding CXX object CMakeFiles/colossus_subscriber_to_video.dir/src/subscribers/colossus_subscriber_to_video_main.cpp.o[0m
[5.652s] [ 67%] [32mBuilding CXX object CMakeFiles/navigation_mode_point_cloud_publisher.dir/src/publishers/navigation_mode_point_cloud_publisher.cpp.o[0m
[5.652s] [ 68%] [32mBuilding CXX object CMakeFiles/colossus_and_camera_subscriber_to_video.dir/src/subscribers/colossus_and_camera_subscriber_to_video_main.cpp.o[0m
[5.653s] [ 69%] [32mBuilding CXX object CMakeFiles/b_scan_publisher.dir/src/publishers/b_scan_publisher_main.cpp.o[0m
[5.653s] [ 69%] [32mBuilding CXX object CMakeFiles/b_scan_publisher.dir/src/publishers/b_scan_publisher.cpp.o[0m
[5.653s] [ 71%] [32mBuilding CXX object CMakeFiles/colossus_and_camera_publisher.dir/src/publishers/colossus_and_camera_publisher.cpp.o[0m
[5.653s] [ 72%] [32mBuilding CXX object CMakeFiles/colossus_subscriber_to_video.dir/src/subscribers/colossus_subscriber_to_video.cpp.o[0m
[5.653s] [ 71%] [32mBuilding CXX object CMakeFiles/colossus_publisher.dir/src/publishers/colossus_publisher_main.cpp.o[0m
[5.654s] [ 74%] [32mBuilding CXX object CMakeFiles/navigation_mode_point_cloud_publisher.dir/src/publishers/navigation_mode_point_cloud_publisher_main.cpp.o[0m
[5.656s] [ 74%] [32mBuilding CXX object CMakeFiles/native_point_cloud_publisher.dir/src/publishers/native_point_cloud_publisher_main.cpp.o[0m
[5.656s] [ 75%] [32mBuilding CXX object CMakeFiles/cfar_point_cloud_publisher.dir/src/publishers/cfar_point_cloud_publisher_main.cpp.o[0m
[5.656s] [ 76%] [32mBuilding CXX object CMakeFiles/laser_scan_subscriber.dir/src/subscribers/laser_scan_subscriber_main.cpp.o[0m
[5.657s] [ 77%] [32mBuilding CXX object CMakeFiles/colossus_and_camera_publisher.dir/src/publishers/colossus_and_camera_publisher_main.cpp.o[0m
[5.668s] [ 78%] [32mBuilding CXX object CMakeFiles/colossus_subscriber_point_cloud_publisher.dir/src/publishers/colossus_subscriber_point_cloud_publisher_main.cpp.o[0m
[9.209s] [ 79%] [32mBuilding CXX object CMakeFiles/colossus_publisher.dir/src/publishers/colossus_publisher.cpp.o[0m
[9.377s] [ 80%] [32mBuilding CXX object CMakeFiles/colossus_subscriber_point_cloud_publisher.dir/src/publishers/colossus_subscriber_point_cloud_publisher.cpp.o[0m
[9.505s] [ 81%] [32mBuilding CXX object CMakeFiles/colossus_subscriber.dir/src/subscribers/colossus_subscriber.cpp.o[0m
[9.579s] [ 82%] [32mBuilding CXX object CMakeFiles/cfar_point_cloud_publisher.dir/src/publishers/cfar_point_cloud_publisher.cpp.o[0m
[9.585s] [ 83%] [32mBuilding CXX object CMakeFiles/colossus_and_camera_subscriber_to_video.dir/src/subscribers/colossus_and_camera_subscriber_to_video.cpp.o[0m
[9.802s] [ 84%] [32mBuilding CXX object CMakeFiles/colossus_and_camera_publisher.dir/home/ros2/tower_ws/src/navtech/src/nav_camera/src/common/video_capture_manager.cpp.o[0m
[9.997s] [ 85%] [32mBuilding CXX object CMakeFiles/native_point_cloud_publisher.dir/src/publishers/native_point_cloud_publisher.cpp.o[0m
[13.069s] [ 86%] [32m[1mLinking CXX executable laser_scan_publisher[0m
[13.348s] [ 86%] Built target laser_scan_publisher
[13.701s] [ 87%] [32m[1mLinking CXX executable navigation_mode_point_cloud_publisher[0m
[13.843s] [ 88%] [32m[1mLinking CXX executable b_scan_publisher[0m
[14.077s] [ 88%] Built target navigation_mode_point_cloud_publisher
[14.244s] [ 88%] Built target b_scan_publisher
[14.303s] [ 89%] [32m[1mLinking CXX executable colossus_and_camera_publisher[0m
[14.555s] [ 90%] [32m[1mLinking CXX executable point_cloud_publisher[0m
[14.724s] [ 91%] [32m[1mLinking CXX executable colossus_publisher[0m
[14.883s] [ 91%] Built target point_cloud_publisher
[14.943s] [ 92%] [32m[1mLinking CXX executable native_point_cloud_publisher[0m
[15.080s] [ 92%] Built target colossus_publisher
[15.185s] [ 92%] Built target colossus_and_camera_publisher
[15.227s] [ 92%] Built target native_point_cloud_publisher
[16.049s] [ 93%] [32m[1mLinking CXX executable colossus_subscriber_laser_scan_publisher[0m
[16.249s] [ 94%] [32m[1mLinking CXX executable cfar_point_cloud_publisher[0m
[16.428s] [ 94%] Built target colossus_subscriber_laser_scan_publisher
[16.504s] [ 94%] Built target cfar_point_cloud_publisher
[17.294s] [ 95%] [32m[1mLinking CXX executable laser_scan_subscriber[0m
[17.377s] [ 96%] [32m[1mLinking CXX executable colossus_subscriber[0m
[17.646s] [ 96%] Built target laser_scan_subscriber
[17.715s] [ 96%] Built target colossus_subscriber
[17.807s] [ 97%] [32m[1mLinking CXX executable colossus_subscriber_to_video[0m
[18.337s] [ 98%] [32m[1mLinking CXX executable laser_scan_subscriber_to_video[0m
[18.368s] [ 98%] Built target colossus_subscriber_to_video
[18.877s] [ 98%] Built target laser_scan_subscriber_to_video
[19.321s] [ 99%] [32m[1mLinking CXX executable colossus_subscriber_point_cloud_publisher[0m
[19.634s] [ 99%] Built target colossus_subscriber_point_cloud_publisher
[21.104s] [100%] [32m[1mLinking CXX executable colossus_and_camera_subscriber_to_video[0m
[21.779s] [100%] Built target colossus_and_camera_subscriber_to_video
[21.790s] Invoked command in '/home/ros2/tower_ws/build/nav_radar' returned '0': AMENT_PREFIX_PATH=/home/ros2/tower_ws/install/nav_messages:${AMENT_PREFIX_PATH} CMAKE_PREFIX_PATH=/home/ros2/tower_ws/install/nav_messages:/home/ros2/ros2_ws/install/zed_ros2:/home/ros2/ros2_ws/install/zed_wrapper:/home/ros2/ros2_ws/install/zed_components:/home/ros2/Downloads/final-ai/install/detectionmessage:/home/ros2/Downloads/ros2cs/install:/home/ros2/Downloads/final-ai/install/py_fakedata:/home/ros2/Downloads/final-ai/install/py_detectionmessage:/home/ros2/Downloads/final-ai/install/py_aiproc:/opt/ros/humble LD_LIBRARY_PATH=/home/ros2/tower_ws/install/nav_messages/lib:${LD_LIBRARY_PATH} PYTHONPATH=/home/ros2/tower_ws/install/nav_messages/local/lib/python3.10/dist-packages:${PYTHONPATH} /usr/bin/cmake --build /home/ros2/tower_ws/build/nav_radar -- -j24 -l24
[21.791s] Invoking command in '/home/ros2/tower_ws/build/nav_radar': AMENT_PREFIX_PATH=/home/ros2/tower_ws/install/nav_messages:${AMENT_PREFIX_PATH} CMAKE_PREFIX_PATH=/home/ros2/tower_ws/install/nav_messages:/home/ros2/ros2_ws/install/zed_ros2:/home/ros2/ros2_ws/install/zed_wrapper:/home/ros2/ros2_ws/install/zed_components:/home/ros2/Downloads/final-ai/install/detectionmessage:/home/ros2/Downloads/ros2cs/install:/home/ros2/Downloads/final-ai/install/py_fakedata:/home/ros2/Downloads/final-ai/install/py_detectionmessage:/home/ros2/Downloads/final-ai/install/py_aiproc:/opt/ros/humble LD_LIBRARY_PATH=/home/ros2/tower_ws/install/nav_messages/lib:${LD_LIBRARY_PATH} PYTHONPATH=/home/ros2/tower_ws/install/nav_messages/local/lib/python3.10/dist-packages:${PYTHONPATH} /usr/bin/cmake --install /home/ros2/tower_ws/build/nav_radar
[21.797s] -- Install configuration: ""
[21.797s] -- Installing: /home/ros2/tower_ws/install/nav_radar/lib/nav_radar/colossus_publisher
[21.798s] -- Set runtime path of "/home/ros2/tower_ws/install/nav_radar/lib/nav_radar/colossus_publisher" to ""
[21.798s] -- Installing: /home/ros2/tower_ws/install/nav_radar/lib/nav_radar/colossus_subscriber
[21.801s] -- Set runtime path of "/home/ros2/tower_ws/install/nav_radar/lib/nav_radar/colossus_subscriber" to ""
[21.801s] -- Installing: /home/ros2/tower_ws/install/nav_radar/lib/nav_radar/colossus_subscriber_to_video
[21.803s] -- Set runtime path of "/home/ros2/tower_ws/install/nav_radar/lib/nav_radar/colossus_subscriber_to_video" to ""
[21.803s] -- Installing: /home/ros2/tower_ws/install/nav_radar/lib/nav_radar/laser_scan_publisher
[21.804s] -- Set runtime path of "/home/ros2/tower_ws/install/nav_radar/lib/nav_radar/laser_scan_publisher" to ""
[21.804s] -- Installing: /home/ros2/tower_ws/install/nav_radar/lib/nav_radar/laser_scan_subscriber
[21.806s] -- Set runtime path of "/home/ros2/tower_ws/install/nav_radar/lib/nav_radar/laser_scan_subscriber" to ""
[21.806s] -- Installing: /home/ros2/tower_ws/install/nav_radar/lib/nav_radar/laser_scan_subscriber_to_video
[21.809s] -- Set runtime path of "/home/ros2/tower_ws/install/nav_radar/lib/nav_radar/laser_scan_subscriber_to_video" to ""
[21.809s] -- Installing: /home/ros2/tower_ws/install/nav_radar/lib/nav_radar/point_cloud_publisher
[21.810s] -- Set runtime path of "/home/ros2/tower_ws/install/nav_radar/lib/nav_radar/point_cloud_publisher" to ""
[21.810s] -- Installing: /home/ros2/tower_ws/install/nav_radar/lib/nav_radar/navigation_mode_point_cloud_publisher
[21.812s] -- Set runtime path of "/home/ros2/tower_ws/install/nav_radar/lib/nav_radar/navigation_mode_point_cloud_publisher" to ""
[21.812s] -- Installing: /home/ros2/tower_ws/install/nav_radar/lib/nav_radar/b_scan_publisher
[21.813s] -- Set runtime path of "/home/ros2/tower_ws/install/nav_radar/lib/nav_radar/b_scan_publisher" to ""
[21.813s] -- Installing: /home/ros2/tower_ws/install/nav_radar/lib/nav_radar/colossus_and_camera_publisher
[21.815s] -- Set runtime path of "/home/ros2/tower_ws/install/nav_radar/lib/nav_radar/colossus_and_camera_publisher" to ""
[21.815s] -- Installing: /home/ros2/tower_ws/install/nav_radar/lib/nav_radar/colossus_and_camera_subscriber_to_video
[21.819s] -- Set runtime path of "/home/ros2/tower_ws/install/nav_radar/lib/nav_radar/colossus_and_camera_subscriber_to_video" to ""
[21.819s] -- Installing: /home/ros2/tower_ws/install/nav_radar/lib/nav_radar/colossus_subscriber_laser_scan_publisher
[21.821s] -- Set runtime path of "/home/ros2/tower_ws/install/nav_radar/lib/nav_radar/colossus_subscriber_laser_scan_publisher" to ""
[21.821s] -- Installing: /home/ros2/tower_ws/install/nav_radar/lib/nav_radar/colossus_subscriber_point_cloud_publisher
[21.824s] -- Set runtime path of "/home/ros2/tower_ws/install/nav_radar/lib/nav_radar/colossus_subscriber_point_cloud_publisher" to ""
[21.824s] -- Installing: /home/ros2/tower_ws/install/nav_radar/lib/nav_radar/cfar_point_cloud_publisher
[21.825s] -- Set runtime path of "/home/ros2/tower_ws/install/nav_radar/lib/nav_radar/cfar_point_cloud_publisher" to ""
[21.825s] -- Installing: /home/ros2/tower_ws/install/nav_radar/lib/nav_radar/native_point_cloud_publisher
[21.826s] -- Set runtime path of "/home/ros2/tower_ws/install/nav_radar/lib/nav_radar/native_point_cloud_publisher" to ""
[21.826s] -- Installing: /home/ros2/tower_ws/install/nav_radar/share/ament_index/resource_index/package_run_dependencies/nav_radar
[21.826s] -- Installing: /home/ros2/tower_ws/install/nav_radar/share/ament_index/resource_index/parent_prefix_path/nav_radar
[21.826s] -- Installing: /home/ros2/tower_ws/install/nav_radar/share/nav_radar/environment/ament_prefix_path.sh
[21.826s] -- Installing: /home/ros2/tower_ws/install/nav_radar/share/nav_radar/environment/ament_prefix_path.dsv
[21.826s] -- Installing: /home/ros2/tower_ws/install/nav_radar/share/nav_radar/environment/path.sh
[21.826s] -- Installing: /home/ros2/tower_ws/install/nav_radar/share/nav_radar/environment/path.dsv
[21.826s] -- Installing: /home/ros2/tower_ws/install/nav_radar/share/nav_radar/local_setup.bash
[21.826s] -- Installing: /home/ros2/tower_ws/install/nav_radar/share/nav_radar/local_setup.sh
[21.826s] -- Installing: /home/ros2/tower_ws/install/nav_radar/share/nav_radar/local_setup.zsh
[21.826s] -- Installing: /home/ros2/tower_ws/install/nav_radar/share/nav_radar/local_setup.dsv
[21.826s] -- Installing: /home/ros2/tower_ws/install/nav_radar/share/nav_radar/package.dsv
[21.826s] -- Installing: /home/ros2/tower_ws/install/nav_radar/share/ament_index/resource_index/packages/nav_radar
[21.827s] -- Installing: /home/ros2/tower_ws/install/nav_radar/share/nav_radar/cmake/nav_radarConfig.cmake
[21.827s] -- Installing: /home/ros2/tower_ws/install/nav_radar/share/nav_radar/cmake/nav_radarConfig-version.cmake
[21.827s] -- Installing: /home/ros2/tower_ws/install/nav_radar/share/nav_radar/package.xml
[21.828s] Invoked command in '/home/ros2/tower_ws/build/nav_radar' returned '0': AMENT_PREFIX_PATH=/home/ros2/tower_ws/install/nav_messages:${AMENT_PREFIX_PATH} CMAKE_PREFIX_PATH=/home/ros2/tower_ws/install/nav_messages:/home/ros2/ros2_ws/install/zed_ros2:/home/ros2/ros2_ws/install/zed_wrapper:/home/ros2/ros2_ws/install/zed_components:/home/ros2/Downloads/final-ai/install/detectionmessage:/home/ros2/Downloads/ros2cs/install:/home/ros2/Downloads/final-ai/install/py_fakedata:/home/ros2/Downloads/final-ai/install/py_detectionmessage:/home/ros2/Downloads/final-ai/install/py_aiproc:/opt/ros/humble LD_LIBRARY_PATH=/home/ros2/tower_ws/install/nav_messages/lib:${LD_LIBRARY_PATH} PYTHONPATH=/home/ros2/tower_ws/install/nav_messages/local/lib/python3.10/dist-packages:${PYTHONPATH} /usr/bin/cmake --install /home/ros2/tower_ws/build/nav_radar
