[0.017s] Invoking command in '/home/ros2/tower_ws/build/zed_wrapper': CMAKE_PREFIX_PATH=/home/ros2/tower_ws/install/zed_components:/home/ros2/tower_ws/install/zed_ros2:/home/ros2/tower_ws/install/zed_wrapper:/home/ros2/tower_ws/install/nav_launch:/home/ros2/tower_ws/install/nav_radar:/home/ros2/tower_ws/install/nav_camera:/home/ros2/tower_ws/install/nav_messages:/home/ros2/ros2_ws/install/zed_ros2:/home/ros2/ros2_ws/install/zed_wrapper:/home/ros2/ros2_ws/install/zed_components:/home/ros2/Downloads/final-ai/install/detectionmessage:/home/ros2/Downloads/ros2cs/install:/home/ros2/Downloads/final-ai/install/py_fakedata:/home/ros2/Downloads/final-ai/install/py_detectionmessage:/home/ros2/Downloads/final-ai/install/py_aiproc:/opt/ros/humble /usr/bin/cmake --build /home/ros2/tower_ws/build/zed_wrapper -- -j24 -l24
[0.075s] Invoked command in '/home/ros2/tower_ws/build/zed_wrapper' returned '0': CMAKE_PREFIX_PATH=/home/ros2/tower_ws/install/zed_components:/home/ros2/tower_ws/install/zed_ros2:/home/ros2/tower_ws/install/zed_wrapper:/home/ros2/tower_ws/install/nav_launch:/home/ros2/tower_ws/install/nav_radar:/home/ros2/tower_ws/install/nav_camera:/home/ros2/tower_ws/install/nav_messages:/home/ros2/ros2_ws/install/zed_ros2:/home/ros2/ros2_ws/install/zed_wrapper:/home/ros2/ros2_ws/install/zed_components:/home/ros2/Downloads/final-ai/install/detectionmessage:/home/ros2/Downloads/ros2cs/install:/home/ros2/Downloads/final-ai/install/py_fakedata:/home/ros2/Downloads/final-ai/install/py_detectionmessage:/home/ros2/Downloads/final-ai/install/py_aiproc:/opt/ros/humble /usr/bin/cmake --build /home/ros2/tower_ws/build/zed_wrapper -- -j24 -l24
[0.077s] Invoking command in '/home/ros2/tower_ws/build/zed_wrapper': CMAKE_PREFIX_PATH=/home/ros2/tower_ws/install/zed_components:/home/ros2/tower_ws/install/zed_ros2:/home/ros2/tower_ws/install/zed_wrapper:/home/ros2/tower_ws/install/nav_launch:/home/ros2/tower_ws/install/nav_radar:/home/ros2/tower_ws/install/nav_camera:/home/ros2/tower_ws/install/nav_messages:/home/ros2/ros2_ws/install/zed_ros2:/home/ros2/ros2_ws/install/zed_wrapper:/home/ros2/ros2_ws/install/zed_components:/home/ros2/Downloads/final-ai/install/detectionmessage:/home/ros2/Downloads/ros2cs/install:/home/ros2/Downloads/final-ai/install/py_fakedata:/home/ros2/Downloads/final-ai/install/py_detectionmessage:/home/ros2/Downloads/final-ai/install/py_aiproc:/opt/ros/humble /usr/bin/cmake --install /home/ros2/tower_ws/build/zed_wrapper
[0.085s] -- Install configuration: ""
[0.085s] -- Up-to-date: /home/ros2/tower_ws/install/zed_wrapper/share/zed_wrapper/config
[0.085s] -- Up-to-date: /home/ros2/tower_ws/install/zed_wrapper/share/zed_wrapper/config/object_detection.yaml
[0.086s] -- Up-to-date: /home/ros2/tower_ws/install/zed_wrapper/share/zed_wrapper/config/virtual.yaml
[0.086s] -- Up-to-date: /home/ros2/tower_ws/install/zed_wrapper/share/zed_wrapper/config/zedxone4k.yaml
[0.086s] -- Up-to-date: /home/ros2/tower_ws/install/zed_wrapper/share/zed_wrapper/config/zedxonegs.yaml
[0.086s] -- Up-to-date: /home/ros2/tower_ws/install/zed_wrapper/share/zed_wrapper/config/zedm.yaml
[0.086s] -- Up-to-date: /home/ros2/tower_ws/install/zed_wrapper/share/zed_wrapper/config/custom_object_detection.yaml
[0.086s] -- Up-to-date: /home/ros2/tower_ws/install/zed_wrapper/share/zed_wrapper/config/zedxhdrmax.yaml
[0.086s] -- Up-to-date: /home/ros2/tower_ws/install/zed_wrapper/share/zed_wrapper/config/common_mono.yaml
[0.086s] -- Up-to-date: /home/ros2/tower_ws/install/zed_wrapper/share/zed_wrapper/config/zedxm.yaml
[0.086s] -- Up-to-date: /home/ros2/tower_ws/install/zed_wrapper/share/zed_wrapper/config/zed.yaml
[0.086s] -- Up-to-date: /home/ros2/tower_ws/install/zed_wrapper/share/zed_wrapper/config/zedxonehdr.yaml
[0.086s] -- Up-to-date: /home/ros2/tower_ws/install/zed_wrapper/share/zed_wrapper/config/zedxhdrmini.yaml
[0.087s] -- Up-to-date: /home/ros2/tower_ws/install/zed_wrapper/share/zed_wrapper/config/zedx.yaml
[0.087s] -- Up-to-date: /home/ros2/tower_ws/install/zed_wrapper/share/zed_wrapper/config/zed2.yaml
[0.087s] -- Up-to-date: /home/ros2/tower_ws/install/zed_wrapper/share/zed_wrapper/config/common_stereo.yaml
[0.087s] -- Up-to-date: /home/ros2/tower_ws/install/zed_wrapper/share/zed_wrapper/config/zed2i.yaml
[0.087s] -- Up-to-date: /home/ros2/tower_ws/install/zed_wrapper/share/zed_wrapper/config/zedxhdr.yaml
[0.087s] -- Up-to-date: /home/ros2/tower_ws/install/zed_wrapper/share/zed_wrapper/urdf
[0.087s] -- Up-to-date: /home/ros2/tower_ws/install/zed_wrapper/share/zed_wrapper/urdf/zed_descr.urdf.xacro
[0.087s] -- Up-to-date: /home/ros2/tower_ws/install/zed_wrapper/share/zed_wrapper/urdf/zed_macro.urdf.xacro
[0.087s] -- Up-to-date: /home/ros2/tower_ws/install/zed_wrapper/share/zed_wrapper/launch
[0.087s] -- Up-to-date: /home/ros2/tower_ws/install/zed_wrapper/share/zed_wrapper/launch/zed_camera.launch.py
[0.087s] -- Up-to-date: /home/ros2/tower_ws/install/zed_wrapper/share/ament_index/resource_index/package_run_dependencies/zed_wrapper
[0.087s] -- Up-to-date: /home/ros2/tower_ws/install/zed_wrapper/share/ament_index/resource_index/parent_prefix_path/zed_wrapper
[0.088s] -- Up-to-date: /home/ros2/tower_ws/install/zed_wrapper/share/zed_wrapper/environment/ament_prefix_path.sh
[0.088s] -- Up-to-date: /home/ros2/tower_ws/install/zed_wrapper/share/zed_wrapper/environment/ament_prefix_path.dsv
[0.088s] -- Up-to-date: /home/ros2/tower_ws/install/zed_wrapper/share/zed_wrapper/environment/path.sh
[0.088s] -- Up-to-date: /home/ros2/tower_ws/install/zed_wrapper/share/zed_wrapper/environment/path.dsv
[0.088s] -- Up-to-date: /home/ros2/tower_ws/install/zed_wrapper/share/zed_wrapper/local_setup.bash
[0.088s] -- Up-to-date: /home/ros2/tower_ws/install/zed_wrapper/share/zed_wrapper/local_setup.sh
[0.088s] -- Up-to-date: /home/ros2/tower_ws/install/zed_wrapper/share/zed_wrapper/local_setup.zsh
[0.088s] -- Up-to-date: /home/ros2/tower_ws/install/zed_wrapper/share/zed_wrapper/local_setup.dsv
[0.088s] -- Up-to-date: /home/ros2/tower_ws/install/zed_wrapper/share/zed_wrapper/package.dsv
[0.088s] -- Up-to-date: /home/ros2/tower_ws/install/zed_wrapper/share/ament_index/resource_index/packages/zed_wrapper
[0.088s] -- Up-to-date: /home/ros2/tower_ws/install/zed_wrapper/share/zed_wrapper/cmake/zed_wrapperConfig.cmake
[0.088s] -- Up-to-date: /home/ros2/tower_ws/install/zed_wrapper/share/zed_wrapper/cmake/zed_wrapperConfig-version.cmake
[0.089s] -- Up-to-date: /home/ros2/tower_ws/install/zed_wrapper/share/zed_wrapper/package.xml
[0.091s] Invoked command in '/home/ros2/tower_ws/build/zed_wrapper' returned '0': CMAKE_PREFIX_PATH=/home/ros2/tower_ws/install/zed_components:/home/ros2/tower_ws/install/zed_ros2:/home/ros2/tower_ws/install/zed_wrapper:/home/ros2/tower_ws/install/nav_launch:/home/ros2/tower_ws/install/nav_radar:/home/ros2/tower_ws/install/nav_camera:/home/ros2/tower_ws/install/nav_messages:/home/ros2/ros2_ws/install/zed_ros2:/home/ros2/ros2_ws/install/zed_wrapper:/home/ros2/ros2_ws/install/zed_components:/home/ros2/Downloads/final-ai/install/detectionmessage:/home/ros2/Downloads/ros2cs/install:/home/ros2/Downloads/final-ai/install/py_fakedata:/home/ros2/Downloads/final-ai/install/py_detectionmessage:/home/ros2/Downloads/final-ai/install/py_aiproc:/opt/ros/humble /usr/bin/cmake --install /home/ros2/tower_ws/build/zed_wrapper
