[0.007s] Invoking command in '/home/ros2/tower_ws/build/nav_camera': CMAKE_PREFIX_PATH=/home/ros2/tower_ws/install/nav_messages:/home/ros2/tower_ws/install/nav_launch:/home/ros2/tower_ws/install/nav_radar:/home/ros2/tower_ws/install/nav_camera:/home/ros2/ros2_ws/install/zed_ros2:/home/ros2/ros2_ws/install/zed_wrapper:/home/ros2/ros2_ws/install/zed_components:/home/ros2/Downloads/final-ai/install/detectionmessage:/home/ros2/Downloads/ros2cs/install:/home/ros2/Downloads/final-ai/install/py_fakedata:/home/ros2/Downloads/final-ai/install/py_detectionmessage:/home/ros2/Downloads/final-ai/install/py_aiproc:/opt/ros/humble /usr/bin/cmake --build /home/ros2/tower_ws/build/nav_camera -- -j24 -l24
[0.037s] [35m[1mConsolidate compiler generated dependencies of target video_capture_manager[0m
[0.037s] [35m[1mConsolidate compiler generated dependencies of target camera_publisher[0m
[0.037s] [35m[1mConsolidate compiler generated dependencies of target camera_subscriber[0m
[0.037s] [35m[1mConsolidate compiler generated dependencies of target camera_subscriber_to_video[0m
[0.052s] [ 25%] Built target video_capture_manager
[0.057s] [ 50%] Built target camera_publisher
[0.065s] [100%] Built target camera_subscriber_to_video
[0.065s] [100%] Built target camera_subscriber
[0.082s] Invoked command in '/home/ros2/tower_ws/build/nav_camera' returned '0': CMAKE_PREFIX_PATH=/home/ros2/tower_ws/install/nav_messages:/home/ros2/tower_ws/install/nav_launch:/home/ros2/tower_ws/install/nav_radar:/home/ros2/tower_ws/install/nav_camera:/home/ros2/ros2_ws/install/zed_ros2:/home/ros2/ros2_ws/install/zed_wrapper:/home/ros2/ros2_ws/install/zed_components:/home/ros2/Downloads/final-ai/install/detectionmessage:/home/ros2/Downloads/ros2cs/install:/home/ros2/Downloads/final-ai/install/py_fakedata:/home/ros2/Downloads/final-ai/install/py_detectionmessage:/home/ros2/Downloads/final-ai/install/py_aiproc:/opt/ros/humble /usr/bin/cmake --build /home/ros2/tower_ws/build/nav_camera -- -j24 -l24
[0.083s] Invoking command in '/home/ros2/tower_ws/build/nav_camera': CMAKE_PREFIX_PATH=/home/ros2/tower_ws/install/nav_messages:/home/ros2/tower_ws/install/nav_launch:/home/ros2/tower_ws/install/nav_radar:/home/ros2/tower_ws/install/nav_camera:/home/ros2/ros2_ws/install/zed_ros2:/home/ros2/ros2_ws/install/zed_wrapper:/home/ros2/ros2_ws/install/zed_components:/home/ros2/Downloads/final-ai/install/detectionmessage:/home/ros2/Downloads/ros2cs/install:/home/ros2/Downloads/final-ai/install/py_fakedata:/home/ros2/Downloads/final-ai/install/py_detectionmessage:/home/ros2/Downloads/final-ai/install/py_aiproc:/opt/ros/humble /usr/bin/cmake --install /home/ros2/tower_ws/build/nav_camera
[0.091s] -- Install configuration: ""
[0.091s] -- Up-to-date: /home/ros2/tower_ws/install/nav_camera/lib/nav_camera/video_capture_manager
[0.091s] -- Up-to-date: /home/ros2/tower_ws/install/nav_camera/lib/nav_camera/camera_publisher
[0.091s] -- Up-to-date: /home/ros2/tower_ws/install/nav_camera/lib/nav_camera/camera_subscriber
[0.092s] -- Up-to-date: /home/ros2/tower_ws/install/nav_camera/lib/nav_camera/camera_subscriber_to_video
[0.092s] -- Up-to-date: /home/ros2/tower_ws/install/nav_camera/share/ament_index/resource_index/package_run_dependencies/nav_camera
[0.092s] -- Up-to-date: /home/ros2/tower_ws/install/nav_camera/share/ament_index/resource_index/parent_prefix_path/nav_camera
[0.092s] -- Up-to-date: /home/ros2/tower_ws/install/nav_camera/share/nav_camera/environment/ament_prefix_path.sh
[0.092s] -- Up-to-date: /home/ros2/tower_ws/install/nav_camera/share/nav_camera/environment/ament_prefix_path.dsv
[0.092s] -- Up-to-date: /home/ros2/tower_ws/install/nav_camera/share/nav_camera/environment/path.sh
[0.092s] -- Up-to-date: /home/ros2/tower_ws/install/nav_camera/share/nav_camera/environment/path.dsv
[0.092s] -- Up-to-date: /home/ros2/tower_ws/install/nav_camera/share/nav_camera/local_setup.bash
[0.092s] -- Up-to-date: /home/ros2/tower_ws/install/nav_camera/share/nav_camera/local_setup.sh
[0.092s] -- Up-to-date: /home/ros2/tower_ws/install/nav_camera/share/nav_camera/local_setup.zsh
[0.092s] -- Up-to-date: /home/ros2/tower_ws/install/nav_camera/share/nav_camera/local_setup.dsv
[0.093s] -- Installing: /home/ros2/tower_ws/install/nav_camera/share/nav_camera/package.dsv
[0.093s] -- Up-to-date: /home/ros2/tower_ws/install/nav_camera/share/ament_index/resource_index/packages/nav_camera
[0.093s] -- Up-to-date: /home/ros2/tower_ws/install/nav_camera/share/nav_camera/cmake/nav_cameraConfig.cmake
[0.093s] -- Up-to-date: /home/ros2/tower_ws/install/nav_camera/share/nav_camera/cmake/nav_cameraConfig-version.cmake
[0.093s] -- Up-to-date: /home/ros2/tower_ws/install/nav_camera/share/nav_camera/package.xml
[0.094s] Invoked command in '/home/ros2/tower_ws/build/nav_camera' returned '0': CMAKE_PREFIX_PATH=/home/ros2/tower_ws/install/nav_messages:/home/ros2/tower_ws/install/nav_launch:/home/ros2/tower_ws/install/nav_radar:/home/ros2/tower_ws/install/nav_camera:/home/ros2/ros2_ws/install/zed_ros2:/home/ros2/ros2_ws/install/zed_wrapper:/home/ros2/ros2_ws/install/zed_components:/home/ros2/Downloads/final-ai/install/detectionmessage:/home/ros2/Downloads/ros2cs/install:/home/ros2/Downloads/final-ai/install/py_fakedata:/home/ros2/Downloads/final-ai/install/py_detectionmessage:/home/ros2/Downloads/final-ai/install/py_aiproc:/opt/ros/humble /usr/bin/cmake --install /home/ros2/tower_ws/build/nav_camera
