-- Install configuration: ""
-- Up-to-date: /home/ros2/tower_ws/install/nav_launch/share/nav_launch/launch
-- Up-to-date: /home/ros2/tower_ws/install/nav_launch/share/nav_launch/launch/launch_cfar_point_cloud_publisher.launch.py
-- Up-to-date: /home/ros2/tower_ws/install/nav_launch/share/nav_launch/launch/launch_everything.py
-- Up-to-date: /home/ros2/tower_ws/install/nav_launch/share/nav_launch/launch/launch_colossus_and_camera_publisher.launch.py
-- Up-to-date: /home/ros2/tower_ws/install/nav_launch/share/nav_launch/launch/os1-991911000046-metadata.json
-- Up-to-date: /home/ros2/tower_ws/install/nav_launch/share/nav_launch/launch/launch_colossus_publisher.launch.py
-- Up-to-date: /home/ros2/tower_ws/install/nav_launch/share/nav_launch/launch/boat_tower_x.urdf
-- Up-to-date: /home/ros2/tower_ws/install/nav_launch/share/nav_launch/launch/launch_colossus_subscriber_laser_scan_publisher.launch.py
-- Up-to-date: /home/ros2/tower_ws/install/nav_launch/share/nav_launch/launch/launch_b_scan_publisher.launch.py
-- Up-to-date: /home/ros2/tower_ws/install/nav_launch/share/nav_launch/launch/launch_laser_scan_publisher.launch.py
-- Up-to-date: /home/ros2/tower_ws/install/nav_launch/share/nav_launch/launch/launch_colossus_subscriber_point_cloud_publisher.launch.py
-- Up-to-date: /home/ros2/tower_ws/install/nav_launch/share/nav_launch/launch/launch_navigation_mode_point_cloud_publisher.launch.py
-- Up-to-date: /home/ros2/tower_ws/install/nav_launch/share/nav_launch/launch/launch_point_cloud_publisher.launch.py
-- Up-to-date: /home/ros2/tower_ws/install/nav_launch/share/nav_launch/launch/launch_native_point_cloud_publisher.launch.py
-- Up-to-date: /home/ros2/tower_ws/install/nav_launch/share/nav_launch/launch/__pycache__
-- Up-to-date: /home/ros2/tower_ws/install/nav_launch/share/nav_launch/launch/__pycache__/launch_point_cloud_publisher.launch.cpython-310.pyc
-- Up-to-date: /home/ros2/tower_ws/install/nav_launch/share/nav_launch/launch/__pycache__/launch_point_cloud_publisher.launch.cpython-38.pyc
-- Up-to-date: /home/ros2/tower_ws/install/nav_launch/share/nav_launch/launch/launch_camera_publisher.launch.py
-- Up-to-date: /home/ros2/tower_ws/install/nav_launch/share/ament_index/resource_index/package_run_dependencies/nav_launch
-- Up-to-date: /home/ros2/tower_ws/install/nav_launch/share/ament_index/resource_index/parent_prefix_path/nav_launch
-- Up-to-date: /home/ros2/tower_ws/install/nav_launch/share/nav_launch/environment/ament_prefix_path.sh
-- Up-to-date: /home/ros2/tower_ws/install/nav_launch/share/nav_launch/environment/ament_prefix_path.dsv
-- Up-to-date: /home/ros2/tower_ws/install/nav_launch/share/nav_launch/environment/path.sh
-- Up-to-date: /home/ros2/tower_ws/install/nav_launch/share/nav_launch/environment/path.dsv
-- Up-to-date: /home/ros2/tower_ws/install/nav_launch/share/nav_launch/local_setup.bash
-- Up-to-date: /home/ros2/tower_ws/install/nav_launch/share/nav_launch/local_setup.sh
-- Up-to-date: /home/ros2/tower_ws/install/nav_launch/share/nav_launch/local_setup.zsh
-- Up-to-date: /home/ros2/tower_ws/install/nav_launch/share/nav_launch/local_setup.dsv
-- Installing: /home/ros2/tower_ws/install/nav_launch/share/nav_launch/package.dsv
-- Up-to-date: /home/ros2/tower_ws/install/nav_launch/share/ament_index/resource_index/packages/nav_launch
-- Up-to-date: /home/ros2/tower_ws/install/nav_launch/share/nav_launch/cmake/nav_launchConfig.cmake
-- Up-to-date: /home/ros2/tower_ws/install/nav_launch/share/nav_launch/cmake/nav_launchConfig-version.cmake
-- Up-to-date: /home/ros2/tower_ws/install/nav_launch/share/nav_launch/package.xml
