-- Found Protobuf: /usr/lib/x86_64-linux-gnu/libprotobuf.a (found version "3.12.4") 
-- Protobuf current output dir: /home/ros2/tower_ws/build/IASDK/protobuf
-- Configuring done
-- Generating done
-- Build files have been written to: /home/ros2/tower_ws/build/IASDK
[  2%] [34m[1mRunning cpp protocol buffer compiler on discovery.proto[0m
[  2%] [34m[1mRunning cpp protocol buffer compiler on healthinfo.proto[0m
[  4%] [34m[1mRunning cpp protocol buffer compiler on networkinfo.proto[0m
[  5%] [34m[1mRunning cpp protocol buffer compiler on nvramcontents.proto[0m
[  6%] [34m[1mRunning cpp protocol buffer compiler on softwareversions.proto[0m
[  8%] [34m[1mRunning cpp protocol buffer compiler on configurationdata.proto[0m
[  9%] [34m[1mRunning cpp protocol buffer compiler on health.proto[0m
[ 11%] [34m[1mRunning cpp protocol buffer compiler on radarmodel.proto[0m
[ 12%] [32mBuilding CXX object utility/CMakeFiles/utility.dir/Log.cpp.o[0m
[ 18%] [32mBuilding CXX object utility/CMakeFiles/utility.dir/Signal_handler.cpp.o[0m
[ 18%] [32mBuilding CXX object utility/CMakeFiles/utility.dir/Timer.cpp.o[0m
[ 18%] [32mBuilding CXX object utility/CMakeFiles/utility.dir/Time_utils.cpp.o[0m
[ 18%] [32mBuilding CXX object utility/CMakeFiles/utility.dir/Option_parser.cpp.o[0m
[ 20%] [32mBuilding CXX object utility/CMakeFiles/utility.dir/Polar_coordinate.cpp.o[0m
[ 20%] [32mBuilding CXX object utility/CMakeFiles/utility.dir/Cartesian_coordinate.cpp.o[0m
[ 22%] [32mBuilding CXX object utility/CMakeFiles/utility.dir/threading/Active.cpp.o[0m
[ 23%] [32mBuilding CXX object utility/CMakeFiles/utility.dir/threading/Mutex.cpp.o[0m
[ 25%] [32mBuilding CXX object protobuf/CMakeFiles/protobuf.dir/health.pb.cc.o[0m
[ 27%] [32mBuilding CXX object protobuf/CMakeFiles/protobuf.dir/discovery.pb.cc.o[0m
[ 27%] [32mBuilding CXX object protobuf/CMakeFiles/protobuf.dir/configurationdata.pb.cc.o[0m
[ 30%] [32mBuilding CXX object protobuf/CMakeFiles/protobuf.dir/nvramcontents.pb.cc.o[0m
[ 30%] [32mBuilding CXX object protobuf/CMakeFiles/protobuf.dir/networkinfo.pb.cc.o[0m
[ 31%] [32mBuilding CXX object protobuf/CMakeFiles/protobuf.dir/healthinfo.pb.cc.o[0m
[ 33%] [32mBuilding CXX object protobuf/CMakeFiles/protobuf.dir/softwareversions.pb.cc.o[0m
[ 34%] [32mBuilding CXX object protobuf/CMakeFiles/protobuf.dir/radarmodel.pb.cc.o[0m
[ 36%] [32m[1mLinking CXX static library libutility.a[0m
[ 36%] Built target utility
[ 37%] [32m[1mLinking CXX static library libprotobuf.a[0m
[ 37%] Built target protobuf
[ 38%] [32mBuilding CXX object navigation/CMakeFiles/navigation.dir/Peak_finder.cpp.o[0m
[ 40%] [32mBuilding CXX object navigation/CMakeFiles/navigation.dir/Sector_blanking.cpp.o[0m
[ 41%] [32m[1mLinking CXX static library libnavigation.a[0m
[ 41%] Built target navigation
[ 43%] [32mBuilding CXX object network/CMakeFiles/networking.dir/core/utility/net_conversion.cpp.o[0m
[ 44%] [32mBuilding CXX object network/CMakeFiles/networking.dir/core/socket/TCP_socket.cpp.o[0m
[ 45%] [32mBuilding CXX object network/CMakeFiles/networking.dir/core/utility/MAC_address.cpp.o[0m
[ 47%] [32mBuilding CXX object network/CMakeFiles/networking.dir/core/utility/IP_address.cpp.o[0m
[ 48%] [32mBuilding CXX object network/CMakeFiles/networking.dir/protocol/CAT_240/client/Cat240_client.cpp.o[0m
[ 50%] [32mBuilding CXX object network/CMakeFiles/networking.dir/core/socket/Socket.cpp.o[0m
[ 51%] [32mBuilding CXX object network/CMakeFiles/networking.dir/core/socket/UDP_socket.cpp.o[0m
[ 52%] [32mBuilding CXX object network/CMakeFiles/networking.dir/protocol/CAT_240/protocol/Cat240_message.cpp.o[0m
[ 55%] [32mBuilding CXX object network/CMakeFiles/networking.dir/protocol/Colossus/client/Colossus_client.cpp.o[0m
[ 55%] [32mBuilding CXX object network/CMakeFiles/networking.dir/protocol/CAT_240/server/Cat240_server.cpp.o[0m
[ 58%] [32mBuilding CXX object network/CMakeFiles/networking.dir/protocol/Colossus/test/Colossus_test.cpp.o[0m
[ 58%] [32mBuilding CXX object network/CMakeFiles/networking.dir/protocol/CAT_240/event_handling/Cat240_events.cpp.o[0m
[ 61%] [32mBuilding CXX object network/CMakeFiles/networking.dir/protocol/Colossus/server/Colossus_server.cpp.o[0m
[ 61%] [32mBuilding CXX object network/CMakeFiles/networking.dir/protocol/Colossus/event_handling/Colossus_events.cpp.o[0m
[ 62%] [32mBuilding CXX object network/CMakeFiles/networking.dir/protocol/Colossus/test/Colossus_test_runner.cpp.o[0m
[ 65%] [32mBuilding CXX object network/CMakeFiles/networking.dir/protocol/Colossus_UDP/client/Colossus_UDP_client.cpp.o[0m
[ 65%] [32mBuilding CXX object network/CMakeFiles/networking.dir/protocol/Colossus/protocol/Colossus_network_message.cpp.o[0m
[ 66%] [32mBuilding CXX object network/CMakeFiles/networking.dir/protocol/Colossus_UDP/event_handling/Colossus_UDP_events.cpp.o[0m
[ 68%] [32mBuilding CXX object network/CMakeFiles/networking.dir/protocol/NMEA/protocol/NMEA_message.cpp.o[0m
[ 69%] [32mBuilding CXX object network/CMakeFiles/networking.dir/protocol/Colossus/test/Colossus_test_cases.cpp.o[0m
[ 70%] [32mBuilding CXX object network/CMakeFiles/networking.dir/protocol/Colossus_UDP/protocol/Colossus_UDP_network_message.cpp.o[0m
[ 72%] [32mBuilding CXX object network/CMakeFiles/networking.dir/protocol/NMEA/protocol/NMEA_parser.cpp.o[0m
[ 73%] [32mBuilding CXX object network/CMakeFiles/networking.dir/protocol/NMEA/client/NMEA_client.cpp.o[0m
[ 75%] [32mBuilding CXX object network/CMakeFiles/networking.dir/protocol/NMEA/server/NMEA_server.cpp.o[0m
[ 76%] [32mBuilding CXX object network/CMakeFiles/networking.dir/protocol/NMEA/event_handling/NMEA_events.cpp.o[0m
[ 77%] [32m[1mLinking CXX static library libnetworking.a[0m
[ 77%] Built target networking
[ 80%] [32mBuilding CXX object CMakeFiles/colossus_relay.dir/relay_main.cpp.o[0m
[ 80%] [32mBuilding CXX object CMakeFiles/connection_tester.dir/connection_tester.cpp.o[0m
[ 81%] [32mBuilding CXX object CMakeFiles/nmea_server.dir/NMEA_server_main.cpp.o[0m
[ 83%] [32mBuilding CXX object CMakeFiles/nmea_client.dir/NMEA_client_main.cpp.o[0m
[ 84%] [32mBuilding CXX object CMakeFiles/colossus_client.dir/Colossus_client_main.cpp.o[0m
[ 86%] [32mBuilding CXX object CMakeFiles/colossus_udp_client.dir/Colossus_udp_client_main.cpp.o[0m
[ 87%] [32mBuilding CXX object CMakeFiles/cat240_client.dir/Cat240_client_main.cpp.o[0m
[ 88%] [32mBuilding CXX object CMakeFiles/navigation_client.dir/navigation_main.cpp.o[0m
[ 90%] [32m[1mLinking CXX executable bin/nmea_server[0m
[ 91%] [32m[1mLinking CXX executable bin/nmea_client[0m
[ 91%] Built target nmea_server
[ 93%] [32m[1mLinking CXX executable bin/cat240_client[0m
[ 93%] Built target nmea_client
[ 93%] Built target cat240_client
[ 94%] [32m[1mLinking CXX executable bin/colossus_udp_client[0m
[ 95%] [32m[1mLinking CXX executable bin/navigation_client[0m
[ 97%] [32m[1mLinking CXX executable bin/colossus_relay[0m
[ 98%] [32m[1mLinking CXX executable bin/colossus_client[0m
[100%] [32m[1mLinking CXX executable bin/connection_tester[0m
[100%] Built target colossus_udp_client
[100%] Built target colossus_relay
[100%] Built target connection_tester
[100%] Built target navigation_client
[100%] Built target colossus_client
