[0.008s] Invoking command in '/home/ros2/tower_ws/build/zed_wrapper': AMENT_PREFIX_PATH=/home/ros2/tower_ws/install/zed_components:${AMENT_PREFIX_PATH} CMAKE_PREFIX_PATH=/home/ros2/tower_ws/install/zed_components:/home/ros2/tower_ws/install/nav_launch:/home/ros2/tower_ws/install/nav_radar:/home/ros2/tower_ws/install/nav_camera:/home/ros2/tower_ws/install/nav_messages:/home/ros2/ros2_ws/install/zed_ros2:/home/ros2/ros2_ws/install/zed_wrapper:/home/ros2/ros2_ws/install/zed_components:/home/ros2/Downloads/final-ai/install/detectionmessage:/home/ros2/Downloads/ros2cs/install:/home/ros2/Downloads/final-ai/install/py_fakedata:/home/ros2/Downloads/final-ai/install/py_detectionmessage:/home/ros2/Downloads/final-ai/install/py_aiproc:/opt/ros/humble LD_LIBRARY_PATH=/home/ros2/tower_ws/install/zed_components/lib:${LD_LIBRARY_PATH} /usr/bin/cmake /home/ros2/tower_ws/src/zed-ros2-wrapper/zed_wrapper -DCMAKE_INSTALL_PREFIX=/home/ros2/tower_ws/install/zed_wrapper
[0.072s] -- The C compiler identification is GNU 11.4.0
[0.115s] -- The CXX compiler identification is GNU 11.4.0
[0.122s] -- Detecting C compiler ABI info
[0.225s] -- Detecting C compiler ABI info - done
[0.229s] -- Check for working C compiler: /usr/bin/cc - skipped
[0.230s] -- Detecting C compile features
[0.230s] -- Detecting C compile features - done
[0.231s] -- Detecting CXX compiler ABI info
[0.347s] -- Detecting CXX compiler ABI info - done
[0.351s] -- Check for working CXX compiler: /usr/bin/c++ - skipped
[0.351s] -- Detecting CXX compile features
[0.351s] -- Detecting CXX compile features - done
[0.353s] -- Found ament_cmake_auto: 1.3.14 (/opt/ros/humble/share/ament_cmake_auto/cmake)
[0.466s] -- Found Python3: /usr/bin/python3 (found version "3.10.12") found components: Interpreter 
[0.605s] -- Found rosidl_generator_c: 3.1.9 (/opt/ros/humble/share/rosidl_generator_c/cmake)
[0.609s] -- Found rosidl_adapter: 3.1.9 (/opt/ros/humble/share/rosidl_adapter/cmake)
[0.615s] -- Found rosidl_generator_cpp: 3.1.9 (/opt/ros/humble/share/rosidl_generator_cpp/cmake)
[0.623s] -- Using all available rosidl_typesupport_c: rosidl_typesupport_fastrtps_c;rosidl_typesupport_introspection_c
[0.634s] -- Using all available rosidl_typesupport_cpp: rosidl_typesupport_fastrtps_cpp;rosidl_typesupport_introspection_cpp
[0.667s] -- Found rmw_implementation_cmake: 6.1.3 (/opt/ros/humble/share/rmw_implementation_cmake/cmake)
[0.669s] -- Found rmw_fastrtps_cpp: 6.2.10 (/opt/ros/humble/share/rmw_fastrtps_cpp/cmake)
[0.757s] -- Found OpenSSL: /usr/lib/x86_64-linux-gnu/libcrypto.so (found version "3.0.2")  
[0.783s] -- Found FastRTPS: /opt/ros/humble/include  
[0.822s] -- Using RMW implementation 'rmw_fastrtps_cpp' as default
[0.828s] -- Looking for pthread.h
[0.916s] -- Looking for pthread.h - found
[0.916s] -- Performing Test CMAKE_HAVE_LIBC_PTHREAD
[1.025s] -- Performing Test CMAKE_HAVE_LIBC_PTHREAD - Success
[1.026s] -- Found Threads: TRUE  
[1.170s] -- Found eigen3_cmake_module: 0.1.1 (/opt/ros/humble/share/eigen3_cmake_module/cmake)
[1.170s] -- Found Eigen3: TRUE (found version "3.4.0") 
[1.170s] -- Ensuring Eigen3 include directory is part of orocos-kdl CMake target
[1.282s] -- Configuring done
[1.284s] -- Generating done
[1.286s] -- Build files have been written to: /home/ros2/tower_ws/build/zed_wrapper
[1.292s] Invoked command in '/home/ros2/tower_ws/build/zed_wrapper' returned '0': AMENT_PREFIX_PATH=/home/ros2/tower_ws/install/zed_components:${AMENT_PREFIX_PATH} CMAKE_PREFIX_PATH=/home/ros2/tower_ws/install/zed_components:/home/ros2/tower_ws/install/nav_launch:/home/ros2/tower_ws/install/nav_radar:/home/ros2/tower_ws/install/nav_camera:/home/ros2/tower_ws/install/nav_messages:/home/ros2/ros2_ws/install/zed_ros2:/home/ros2/ros2_ws/install/zed_wrapper:/home/ros2/ros2_ws/install/zed_components:/home/ros2/Downloads/final-ai/install/detectionmessage:/home/ros2/Downloads/ros2cs/install:/home/ros2/Downloads/final-ai/install/py_fakedata:/home/ros2/Downloads/final-ai/install/py_detectionmessage:/home/ros2/Downloads/final-ai/install/py_aiproc:/opt/ros/humble LD_LIBRARY_PATH=/home/ros2/tower_ws/install/zed_components/lib:${LD_LIBRARY_PATH} /usr/bin/cmake /home/ros2/tower_ws/src/zed-ros2-wrapper/zed_wrapper -DCMAKE_INSTALL_PREFIX=/home/ros2/tower_ws/install/zed_wrapper
[1.293s] Invoking command in '/home/ros2/tower_ws/build/zed_wrapper': AMENT_PREFIX_PATH=/home/ros2/tower_ws/install/zed_components:${AMENT_PREFIX_PATH} CMAKE_PREFIX_PATH=/home/ros2/tower_ws/install/zed_components:/home/ros2/tower_ws/install/nav_launch:/home/ros2/tower_ws/install/nav_radar:/home/ros2/tower_ws/install/nav_camera:/home/ros2/tower_ws/install/nav_messages:/home/ros2/ros2_ws/install/zed_ros2:/home/ros2/ros2_ws/install/zed_wrapper:/home/ros2/ros2_ws/install/zed_components:/home/ros2/Downloads/final-ai/install/detectionmessage:/home/ros2/Downloads/ros2cs/install:/home/ros2/Downloads/final-ai/install/py_fakedata:/home/ros2/Downloads/final-ai/install/py_detectionmessage:/home/ros2/Downloads/final-ai/install/py_aiproc:/opt/ros/humble LD_LIBRARY_PATH=/home/ros2/tower_ws/install/zed_components/lib:${LD_LIBRARY_PATH} /usr/bin/cmake --build /home/ros2/tower_ws/build/zed_wrapper -- -j24 -l24
[1.326s] Invoked command in '/home/ros2/tower_ws/build/zed_wrapper' returned '0': AMENT_PREFIX_PATH=/home/ros2/tower_ws/install/zed_components:${AMENT_PREFIX_PATH} CMAKE_PREFIX_PATH=/home/ros2/tower_ws/install/zed_components:/home/ros2/tower_ws/install/nav_launch:/home/ros2/tower_ws/install/nav_radar:/home/ros2/tower_ws/install/nav_camera:/home/ros2/tower_ws/install/nav_messages:/home/ros2/ros2_ws/install/zed_ros2:/home/ros2/ros2_ws/install/zed_wrapper:/home/ros2/ros2_ws/install/zed_components:/home/ros2/Downloads/final-ai/install/detectionmessage:/home/ros2/Downloads/ros2cs/install:/home/ros2/Downloads/final-ai/install/py_fakedata:/home/ros2/Downloads/final-ai/install/py_detectionmessage:/home/ros2/Downloads/final-ai/install/py_aiproc:/opt/ros/humble LD_LIBRARY_PATH=/home/ros2/tower_ws/install/zed_components/lib:${LD_LIBRARY_PATH} /usr/bin/cmake --build /home/ros2/tower_ws/build/zed_wrapper -- -j24 -l24
[1.328s] Invoking command in '/home/ros2/tower_ws/build/zed_wrapper': AMENT_PREFIX_PATH=/home/ros2/tower_ws/install/zed_components:${AMENT_PREFIX_PATH} CMAKE_PREFIX_PATH=/home/ros2/tower_ws/install/zed_components:/home/ros2/tower_ws/install/nav_launch:/home/ros2/tower_ws/install/nav_radar:/home/ros2/tower_ws/install/nav_camera:/home/ros2/tower_ws/install/nav_messages:/home/ros2/ros2_ws/install/zed_ros2:/home/ros2/ros2_ws/install/zed_wrapper:/home/ros2/ros2_ws/install/zed_components:/home/ros2/Downloads/final-ai/install/detectionmessage:/home/ros2/Downloads/ros2cs/install:/home/ros2/Downloads/final-ai/install/py_fakedata:/home/ros2/Downloads/final-ai/install/py_detectionmessage:/home/ros2/Downloads/final-ai/install/py_aiproc:/opt/ros/humble LD_LIBRARY_PATH=/home/ros2/tower_ws/install/zed_components/lib:${LD_LIBRARY_PATH} /usr/bin/cmake --install /home/ros2/tower_ws/build/zed_wrapper
[1.340s] -- Install configuration: ""
[1.340s] -- Installing: /home/ros2/tower_ws/install/zed_wrapper/share/zed_wrapper/config
[1.340s] -- Installing: /home/ros2/tower_ws/install/zed_wrapper/share/zed_wrapper/config/object_detection.yaml
[1.340s] -- Installing: /home/ros2/tower_ws/install/zed_wrapper/share/zed_wrapper/config/virtual.yaml
[1.340s] -- Installing: /home/ros2/tower_ws/install/zed_wrapper/share/zed_wrapper/config/zedxone4k.yaml
[1.340s] -- Installing: /home/ros2/tower_ws/install/zed_wrapper/share/zed_wrapper/config/zedxonegs.yaml
[1.340s] -- Installing: /home/ros2/tower_ws/install/zed_wrapper/share/zed_wrapper/config/zedm.yaml
[1.340s] -- Installing: /home/ros2/tower_ws/install/zed_wrapper/share/zed_wrapper/config/custom_object_detection.yaml
[1.340s] -- Installing: /home/ros2/tower_ws/install/zed_wrapper/share/zed_wrapper/config/zedxhdrmax.yaml
[1.340s] -- Installing: /home/ros2/tower_ws/install/zed_wrapper/share/zed_wrapper/config/common_mono.yaml
[1.340s] -- Installing: /home/ros2/tower_ws/install/zed_wrapper/share/zed_wrapper/config/zedxm.yaml
[1.340s] -- Installing: /home/ros2/tower_ws/install/zed_wrapper/share/zed_wrapper/config/zed.yaml
[1.340s] -- Installing: /home/ros2/tower_ws/install/zed_wrapper/share/zed_wrapper/config/zedxonehdr.yaml
[1.340s] -- Installing: /home/ros2/tower_ws/install/zed_wrapper/share/zed_wrapper/config/zedxhdrmini.yaml
[1.340s] -- Installing: /home/ros2/tower_ws/install/zed_wrapper/share/zed_wrapper/config/zedx.yaml
[1.340s] -- Installing: /home/ros2/tower_ws/install/zed_wrapper/share/zed_wrapper/config/zed2.yaml
[1.340s] -- Installing: /home/ros2/tower_ws/install/zed_wrapper/share/zed_wrapper/config/common_stereo.yaml
[1.340s] -- Installing: /home/ros2/tower_ws/install/zed_wrapper/share/zed_wrapper/config/zed2i.yaml
[1.340s] -- Installing: /home/ros2/tower_ws/install/zed_wrapper/share/zed_wrapper/config/zedxhdr.yaml
[1.340s] -- Installing: /home/ros2/tower_ws/install/zed_wrapper/share/zed_wrapper/urdf
[1.340s] -- Installing: /home/ros2/tower_ws/install/zed_wrapper/share/zed_wrapper/urdf/zed_descr.urdf.xacro
[1.341s] -- Installing: /home/ros2/tower_ws/install/zed_wrapper/share/zed_wrapper/urdf/zed_macro.urdf.xacro
[1.341s] -- Installing: /home/ros2/tower_ws/install/zed_wrapper/share/zed_wrapper/launch
[1.341s] -- Installing: /home/ros2/tower_ws/install/zed_wrapper/share/zed_wrapper/launch/zed_camera.launch.py
[1.341s] -- Installing: /home/ros2/tower_ws/install/zed_wrapper/share/ament_index/resource_index/package_run_dependencies/zed_wrapper
[1.341s] -- Installing: /home/ros2/tower_ws/install/zed_wrapper/share/ament_index/resource_index/parent_prefix_path/zed_wrapper
[1.341s] -- Installing: /home/ros2/tower_ws/install/zed_wrapper/share/zed_wrapper/environment/ament_prefix_path.sh
[1.341s] -- Installing: /home/ros2/tower_ws/install/zed_wrapper/share/zed_wrapper/environment/ament_prefix_path.dsv
[1.341s] -- Installing: /home/ros2/tower_ws/install/zed_wrapper/share/zed_wrapper/environment/path.sh
[1.341s] -- Installing: /home/ros2/tower_ws/install/zed_wrapper/share/zed_wrapper/environment/path.dsv
[1.341s] -- Installing: /home/ros2/tower_ws/install/zed_wrapper/share/zed_wrapper/local_setup.bash
[1.341s] -- Installing: /home/ros2/tower_ws/install/zed_wrapper/share/zed_wrapper/local_setup.sh
[1.341s] -- Installing: /home/ros2/tower_ws/install/zed_wrapper/share/zed_wrapper/local_setup.zsh
[1.341s] -- Installing: /home/ros2/tower_ws/install/zed_wrapper/share/zed_wrapper/local_setup.dsv
[1.341s] -- Installing: /home/ros2/tower_ws/install/zed_wrapper/share/zed_wrapper/package.dsv
[1.341s] -- Installing: /home/ros2/tower_ws/install/zed_wrapper/share/ament_index/resource_index/packages/zed_wrapper
[1.341s] -- Installing: /home/ros2/tower_ws/install/zed_wrapper/share/zed_wrapper/cmake/zed_wrapperConfig.cmake
[1.341s] -- Installing: /home/ros2/tower_ws/install/zed_wrapper/share/zed_wrapper/cmake/zed_wrapperConfig-version.cmake
[1.341s] -- Installing: /home/ros2/tower_ws/install/zed_wrapper/share/zed_wrapper/package.xml
[1.344s] Invoked command in '/home/ros2/tower_ws/build/zed_wrapper' returned '0': AMENT_PREFIX_PATH=/home/ros2/tower_ws/install/zed_components:${AMENT_PREFIX_PATH} CMAKE_PREFIX_PATH=/home/ros2/tower_ws/install/zed_components:/home/ros2/tower_ws/install/nav_launch:/home/ros2/tower_ws/install/nav_radar:/home/ros2/tower_ws/install/nav_camera:/home/ros2/tower_ws/install/nav_messages:/home/ros2/ros2_ws/install/zed_ros2:/home/ros2/ros2_ws/install/zed_wrapper:/home/ros2/ros2_ws/install/zed_components:/home/ros2/Downloads/final-ai/install/detectionmessage:/home/ros2/Downloads/ros2cs/install:/home/ros2/Downloads/final-ai/install/py_fakedata:/home/ros2/Downloads/final-ai/install/py_detectionmessage:/home/ros2/Downloads/final-ai/install/py_aiproc:/opt/ros/humble LD_LIBRARY_PATH=/home/ros2/tower_ws/install/zed_components/lib:${LD_LIBRARY_PATH} /usr/bin/cmake --install /home/ros2/tower_ws/build/zed_wrapper
