[0.016s] Invoking command in '/home/ros2/tower_ws/build/zed_ros2': AMENT_PREFIX_PATH=/home/ros2/tower_ws/install/zed_wrapper:/home/ros2/tower_ws/install/zed_components:${AMENT_PREFIX_PATH} CMAKE_PREFIX_PATH=/home/ros2/tower_ws/install/zed_wrapper:/home/ros2/tower_ws/install/zed_components:/home/ros2/tower_ws/install/nav_launch:/home/ros2/tower_ws/install/nav_radar:/home/ros2/tower_ws/install/nav_camera:/home/ros2/tower_ws/install/nav_messages:/home/ros2/ros2_ws/install/zed_ros2:/home/ros2/ros2_ws/install/zed_wrapper:/home/ros2/ros2_ws/install/zed_components:/home/ros2/Downloads/final-ai/install/detectionmessage:/home/ros2/Downloads/ros2cs/install:/home/ros2/Downloads/final-ai/install/py_fakedata:/home/ros2/Downloads/final-ai/install/py_detectionmessage:/home/ros2/Downloads/final-ai/install/py_aiproc:/opt/ros/humble LD_LIBRARY_PATH=/home/ros2/tower_ws/install/zed_components/lib:${LD_LIBRARY_PATH} /usr/bin/cmake /home/ros2/tower_ws/src/zed-ros2-wrapper/zed_ros2 -DCMAKE_INSTALL_PREFIX=/home/ros2/tower_ws/install/zed_ros2
[0.052s] -- Found ament_cmake_auto: 1.3.14 (/opt/ros/humble/share/ament_cmake_auto/cmake)
[0.191s] -- Found Python3: /usr/bin/python3 (found version "3.10.12") found components: Interpreter 
[0.304s] -- Found ament_lint_auto: 0.12.15 (/opt/ros/humble/share/ament_lint_auto/cmake)
[0.317s] -- Added test 'copyright' to check source files copyright and LICENSE
[0.318s] -- Added test 'lint_cmake' to check CMake code style
[0.318s] -- Added test 'xmllint' to check XML markup files
[0.318s] -- Configuring done
[0.320s] -- Generating done
[0.320s] -- Build files have been written to: /home/ros2/tower_ws/build/zed_ros2
[0.322s] Invoked command in '/home/ros2/tower_ws/build/zed_ros2' returned '0': AMENT_PREFIX_PATH=/home/ros2/tower_ws/install/zed_wrapper:/home/ros2/tower_ws/install/zed_components:${AMENT_PREFIX_PATH} CMAKE_PREFIX_PATH=/home/ros2/tower_ws/install/zed_wrapper:/home/ros2/tower_ws/install/zed_components:/home/ros2/tower_ws/install/nav_launch:/home/ros2/tower_ws/install/nav_radar:/home/ros2/tower_ws/install/nav_camera:/home/ros2/tower_ws/install/nav_messages:/home/ros2/ros2_ws/install/zed_ros2:/home/ros2/ros2_ws/install/zed_wrapper:/home/ros2/ros2_ws/install/zed_components:/home/ros2/Downloads/final-ai/install/detectionmessage:/home/ros2/Downloads/ros2cs/install:/home/ros2/Downloads/final-ai/install/py_fakedata:/home/ros2/Downloads/final-ai/install/py_detectionmessage:/home/ros2/Downloads/final-ai/install/py_aiproc:/opt/ros/humble LD_LIBRARY_PATH=/home/ros2/tower_ws/install/zed_components/lib:${LD_LIBRARY_PATH} /usr/bin/cmake /home/ros2/tower_ws/src/zed-ros2-wrapper/zed_ros2 -DCMAKE_INSTALL_PREFIX=/home/ros2/tower_ws/install/zed_ros2
[0.323s] Invoking command in '/home/ros2/tower_ws/build/zed_ros2': AMENT_PREFIX_PATH=/home/ros2/tower_ws/install/zed_wrapper:/home/ros2/tower_ws/install/zed_components:${AMENT_PREFIX_PATH} CMAKE_PREFIX_PATH=/home/ros2/tower_ws/install/zed_wrapper:/home/ros2/tower_ws/install/zed_components:/home/ros2/tower_ws/install/nav_launch:/home/ros2/tower_ws/install/nav_radar:/home/ros2/tower_ws/install/nav_camera:/home/ros2/tower_ws/install/nav_messages:/home/ros2/ros2_ws/install/zed_ros2:/home/ros2/ros2_ws/install/zed_wrapper:/home/ros2/ros2_ws/install/zed_components:/home/ros2/Downloads/final-ai/install/detectionmessage:/home/ros2/Downloads/ros2cs/install:/home/ros2/Downloads/final-ai/install/py_fakedata:/home/ros2/Downloads/final-ai/install/py_detectionmessage:/home/ros2/Downloads/final-ai/install/py_aiproc:/opt/ros/humble LD_LIBRARY_PATH=/home/ros2/tower_ws/install/zed_components/lib:${LD_LIBRARY_PATH} /usr/bin/cmake --build /home/ros2/tower_ws/build/zed_ros2 -- -j24 -l24
[0.358s] Invoked command in '/home/ros2/tower_ws/build/zed_ros2' returned '0': AMENT_PREFIX_PATH=/home/ros2/tower_ws/install/zed_wrapper:/home/ros2/tower_ws/install/zed_components:${AMENT_PREFIX_PATH} CMAKE_PREFIX_PATH=/home/ros2/tower_ws/install/zed_wrapper:/home/ros2/tower_ws/install/zed_components:/home/ros2/tower_ws/install/nav_launch:/home/ros2/tower_ws/install/nav_radar:/home/ros2/tower_ws/install/nav_camera:/home/ros2/tower_ws/install/nav_messages:/home/ros2/ros2_ws/install/zed_ros2:/home/ros2/ros2_ws/install/zed_wrapper:/home/ros2/ros2_ws/install/zed_components:/home/ros2/Downloads/final-ai/install/detectionmessage:/home/ros2/Downloads/ros2cs/install:/home/ros2/Downloads/final-ai/install/py_fakedata:/home/ros2/Downloads/final-ai/install/py_detectionmessage:/home/ros2/Downloads/final-ai/install/py_aiproc:/opt/ros/humble LD_LIBRARY_PATH=/home/ros2/tower_ws/install/zed_components/lib:${LD_LIBRARY_PATH} /usr/bin/cmake --build /home/ros2/tower_ws/build/zed_ros2 -- -j24 -l24
[0.360s] Invoking command in '/home/ros2/tower_ws/build/zed_ros2': AMENT_PREFIX_PATH=/home/ros2/tower_ws/install/zed_wrapper:/home/ros2/tower_ws/install/zed_components:${AMENT_PREFIX_PATH} CMAKE_PREFIX_PATH=/home/ros2/tower_ws/install/zed_wrapper:/home/ros2/tower_ws/install/zed_components:/home/ros2/tower_ws/install/nav_launch:/home/ros2/tower_ws/install/nav_radar:/home/ros2/tower_ws/install/nav_camera:/home/ros2/tower_ws/install/nav_messages:/home/ros2/ros2_ws/install/zed_ros2:/home/ros2/ros2_ws/install/zed_wrapper:/home/ros2/ros2_ws/install/zed_components:/home/ros2/Downloads/final-ai/install/detectionmessage:/home/ros2/Downloads/ros2cs/install:/home/ros2/Downloads/final-ai/install/py_fakedata:/home/ros2/Downloads/final-ai/install/py_detectionmessage:/home/ros2/Downloads/final-ai/install/py_aiproc:/opt/ros/humble LD_LIBRARY_PATH=/home/ros2/tower_ws/install/zed_components/lib:${LD_LIBRARY_PATH} /usr/bin/cmake --install /home/ros2/tower_ws/build/zed_ros2
[0.371s] -- Install configuration: ""
[0.371s] -- Installing: /home/ros2/tower_ws/install/zed_ros2/share/ament_index/resource_index/package_run_dependencies/zed_ros2
[0.371s] -- Installing: /home/ros2/tower_ws/install/zed_ros2/share/ament_index/resource_index/parent_prefix_path/zed_ros2
[0.372s] -- Installing: /home/ros2/tower_ws/install/zed_ros2/share/zed_ros2/environment/ament_prefix_path.sh
[0.372s] -- Installing: /home/ros2/tower_ws/install/zed_ros2/share/zed_ros2/environment/ament_prefix_path.dsv
[0.372s] -- Installing: /home/ros2/tower_ws/install/zed_ros2/share/zed_ros2/environment/path.sh
[0.372s] -- Installing: /home/ros2/tower_ws/install/zed_ros2/share/zed_ros2/environment/path.dsv
[0.372s] -- Installing: /home/ros2/tower_ws/install/zed_ros2/share/zed_ros2/local_setup.bash
[0.372s] -- Installing: /home/ros2/tower_ws/install/zed_ros2/share/zed_ros2/local_setup.sh
[0.372s] -- Installing: /home/ros2/tower_ws/install/zed_ros2/share/zed_ros2/local_setup.zsh
[0.372s] -- Installing: /home/ros2/tower_ws/install/zed_ros2/share/zed_ros2/local_setup.dsv
[0.372s] -- Installing: /home/ros2/tower_ws/install/zed_ros2/share/zed_ros2/package.dsv
[0.372s] -- Installing: /home/ros2/tower_ws/install/zed_ros2/share/ament_index/resource_index/packages/zed_ros2
[0.373s] -- Installing: /home/ros2/tower_ws/install/zed_ros2/share/zed_ros2/cmake/zed_ros2Config.cmake
[0.373s] -- Installing: /home/ros2/tower_ws/install/zed_ros2/share/zed_ros2/cmake/zed_ros2Config-version.cmake
[0.373s] -- Installing: /home/ros2/tower_ws/install/zed_ros2/share/zed_ros2/package.xml
[0.375s] Invoked command in '/home/ros2/tower_ws/build/zed_ros2' returned '0': AMENT_PREFIX_PATH=/home/ros2/tower_ws/install/zed_wrapper:/home/ros2/tower_ws/install/zed_components:${AMENT_PREFIX_PATH} CMAKE_PREFIX_PATH=/home/ros2/tower_ws/install/zed_wrapper:/home/ros2/tower_ws/install/zed_components:/home/ros2/tower_ws/install/nav_launch:/home/ros2/tower_ws/install/nav_radar:/home/ros2/tower_ws/install/nav_camera:/home/ros2/tower_ws/install/nav_messages:/home/ros2/ros2_ws/install/zed_ros2:/home/ros2/ros2_ws/install/zed_wrapper:/home/ros2/ros2_ws/install/zed_components:/home/ros2/Downloads/final-ai/install/detectionmessage:/home/ros2/Downloads/ros2cs/install:/home/ros2/Downloads/final-ai/install/py_fakedata:/home/ros2/Downloads/final-ai/install/py_detectionmessage:/home/ros2/Downloads/final-ai/install/py_aiproc:/opt/ros/humble LD_LIBRARY_PATH=/home/ros2/tower_ws/install/zed_components/lib:${LD_LIBRARY_PATH} /usr/bin/cmake --install /home/ros2/tower_ws/build/zed_ros2
