[  1%] [34m[1mGenerating C code for ROS interfaces[0m
[  2%] [34m[1mGenerating Rust code for ROS interfaces[0m
[  3%] [34m[1mGenerating C# code for ROS interfaces[0m
[  3%] [34m[1mGenerating C++ code for ROS interfaces[0m
[  3%] Built target ament_cmake_python_copy_nav_messages
running egg_info
creating nav_messages.egg-info
writing nav_messages.egg-info/PKG-INFO
writing dependency_links to nav_messages.egg-info/dependency_links.txt
writing top-level names to nav_messages.egg-info/top_level.txt
writing manifest file 'nav_messages.egg-info/SOURCES.txt'
reading manifest file 'nav_messages.egg-info/SOURCES.txt'
writing manifest file 'nav_messages.egg-info/SOURCES.txt'
[  3%] Built target ament_cmake_python_build_nav_messages_egg
[  3%] Built target nav_messages__rs
[  4%] [32mBuilding C object CMakeFiles/nav_messages__rosidl_generator_c.dir/rosidl_generator_c/nav_messages/msg/detail/radar_configuration_message__functions.c.o[0m
[  5%] [32mBuilding C object CMakeFiles/nav_messages__rosidl_generator_c.dir/rosidl_generator_c/nav_messages/msg/detail/radar_fft_data_message__functions.c.o[0m
[  6%] [32mBuilding C object CMakeFiles/nav_messages__rosidl_generator_c.dir/rosidl_generator_c/nav_messages/msg/detail/camera_configuration_message__functions.c.o[0m
[  6%] Built target nav_messages__cpp
[  7%] [34m[1mGenerating C++ type support for eProsima Fast-RTPS[0m
[  9%] [34m[1mGenerating C++ introspection for ROS interfaces[0m
[  9%] [34m[1mGenerating C++ type support dispatch for ROS interfaces[0m
[ 10%] [32m[1mLinking C shared library libnav_messages__rosidl_generator_c.so[0m
[ 10%] Built target nav_messages__rosidl_generator_c
[ 11%] [34m[1mGenerating C type support for eProsima Fast-RTPS[0m
[ 12%] [34m[1mGenerating C type support dispatch for ROS interfaces[0m
[ 13%] [34m[1mGenerating C introspection for ROS interfaces[0m
[ 14%] [32mBuilding CXX object CMakeFiles/nav_messages__rosidl_typesupport_fastrtps_cpp.dir/rosidl_typesupport_fastrtps_cpp/nav_messages/msg/detail/dds_fastrtps/radar_configuration_message__type_support.cpp.o[0m
[ 16%] [32mBuilding CXX object CMakeFiles/nav_messages__rosidl_typesupport_fastrtps_cpp.dir/rosidl_typesupport_fastrtps_cpp/nav_messages/msg/detail/dds_fastrtps/camera_configuration_message__type_support.cpp.o[0m
[ 16%] [32mBuilding CXX object CMakeFiles/nav_messages__rosidl_typesupport_fastrtps_cpp.dir/rosidl_typesupport_fastrtps_cpp/nav_messages/msg/detail/dds_fastrtps/radar_fft_data_message__type_support.cpp.o[0m
[ 18%] [32mBuilding CXX object CMakeFiles/nav_messages__rosidl_typesupport_c.dir/rosidl_typesupport_c/nav_messages/msg/radar_fft_data_message__type_support.cpp.o[0m
[ 19%] [32mBuilding CXX object CMakeFiles/nav_messages__rosidl_typesupport_c.dir/rosidl_typesupport_c/nav_messages/msg/radar_configuration_message__type_support.cpp.o[0m
[ 19%] [32mBuilding CXX object CMakeFiles/nav_messages__rosidl_typesupport_c.dir/rosidl_typesupport_c/nav_messages/msg/camera_configuration_message__type_support.cpp.o[0m
[ 20%] [32mBuilding CXX object CMakeFiles/nav_messages__rosidl_typesupport_fastrtps_c.dir/rosidl_typesupport_fastrtps_c/nav_messages/msg/detail/radar_configuration_message__type_support_c.cpp.o[0m
[ 21%] [32mBuilding CXX object CMakeFiles/nav_messages__rosidl_typesupport_fastrtps_c.dir/rosidl_typesupport_fastrtps_c/nav_messages/msg/detail/camera_configuration_message__type_support_c.cpp.o[0m
[ 21%] [32mBuilding CXX object CMakeFiles/nav_messages__rosidl_typesupport_fastrtps_c.dir/rosidl_typesupport_fastrtps_c/nav_messages/msg/detail/radar_fft_data_message__type_support_c.cpp.o[0m
[ 22%] [32m[1mLinking CXX shared library libnav_messages__rosidl_typesupport_c.so[0m
[ 23%] [32mBuilding C object CMakeFiles/nav_messages__rosidl_typesupport_introspection_c.dir/rosidl_typesupport_introspection_c/nav_messages/msg/detail/radar_fft_data_message__type_support.c.o[0m
[ 24%] [32mBuilding C object CMakeFiles/nav_messages__rosidl_typesupport_introspection_c.dir/rosidl_typesupport_introspection_c/nav_messages/msg/detail/radar_configuration_message__type_support.c.o[0m
[ 25%] [32mBuilding C object CMakeFiles/nav_messages__rosidl_typesupport_introspection_c.dir/rosidl_typesupport_introspection_c/nav_messages/msg/detail/camera_configuration_message__type_support.c.o[0m
[ 26%] [32mBuilding CXX object CMakeFiles/nav_messages__rosidl_typesupport_cpp.dir/rosidl_typesupport_cpp/nav_messages/msg/radar_configuration_message__type_support.cpp.o[0m
[ 27%] [32mBuilding CXX object CMakeFiles/nav_messages__rosidl_typesupport_cpp.dir/rosidl_typesupport_cpp/nav_messages/msg/camera_configuration_message__type_support.cpp.o[0m
[ 28%] [32mBuilding CXX object CMakeFiles/nav_messages__rosidl_typesupport_cpp.dir/rosidl_typesupport_cpp/nav_messages/msg/radar_fft_data_message__type_support.cpp.o[0m
[ 28%] Built target nav_messages__rosidl_typesupport_c
[ 31%] [32mBuilding C object CMakeFiles/nav_messages_radar_fft_data_message__rosidl_typesupport_c.dir/rosidl_generator_cs/nav_messages/msg/radar_fft_data_message.ep.rosidl_typesupport_c.c.o[0m
[ 30%] [32mBuilding C object CMakeFiles/nav_messages_radar_fft_data_message__rosidl_typesupport_c.dir/rosidl_generator_cs/nav_messages/msg/radar_fft_data_message_s.c.o[0m
[ 31%] [32mBuilding C object CMakeFiles/nav_messages_radar_fft_data_message__rosidl_typesupport_c.dir/rosidl_generator_cs/nav_messages/msg/radar_configuration_message_s.c.o[0m
[ 32%] [32mBuilding C object CMakeFiles/nav_messages_camera_configuration_message__rosidl_typesupport_c.dir/rosidl_generator_cs/nav_messages/msg/camera_configuration_message.ep.rosidl_typesupport_c.c.o[0m
[ 32%] [32mBuilding C object CMakeFiles/nav_messages_camera_configuration_message__rosidl_typesupport_c.dir/rosidl_generator_cs/nav_messages/msg/radar_configuration_message_s.c.o[0m
[ 33%] [32mBuilding C object CMakeFiles/nav_messages_radar_fft_data_message__rosidl_typesupport_c.dir/rosidl_generator_cs/nav_messages/msg/camera_configuration_message_s.c.o[0m
[ 34%] [32mBuilding C object CMakeFiles/nav_messages_radar_configuration_message__rosidl_typesupport_c.dir/rosidl_generator_cs/nav_messages/msg/radar_configuration_message_s.c.o[0m
[ 35%] [32mBuilding C object CMakeFiles/nav_messages_radar_configuration_message__rosidl_typesupport_c.dir/rosidl_generator_cs/nav_messages/msg/radar_fft_data_message_s.c.o[0m
[ 36%] [32mBuilding C object CMakeFiles/nav_messages_radar_configuration_message__rosidl_typesupport_c.dir/rosidl_generator_cs/nav_messages/msg/radar_configuration_message.ep.rosidl_typesupport_c.c.o[0m
[ 37%] [32mBuilding C object CMakeFiles/nav_messages_camera_configuration_message__rosidl_typesupport_c.dir/rosidl_generator_cs/nav_messages/msg/radar_fft_data_message_s.c.o[0m
[ 37%] Built target nav_messages__cs
[ 38%] [32mBuilding C object CMakeFiles/nav_messages_radar_configuration_message__rosidl_typesupport_c.dir/rosidl_generator_cs/nav_messages/msg/camera_configuration_message_s.c.o[0m
[ 39%] [32mBuilding CXX object CMakeFiles/nav_messages__rosidl_typesupport_introspection_cpp.dir/rosidl_typesupport_introspection_cpp/nav_messages/msg/detail/radar_configuration_message__type_support.cpp.o[0m
[ 40%] [32mBuilding CXX object CMakeFiles/nav_messages__rosidl_typesupport_introspection_cpp.dir/rosidl_typesupport_introspection_cpp/nav_messages/msg/detail/radar_fft_data_message__type_support.cpp.o[0m
[ 41%] [34m[1m/usr/bin/cmake;-version;/usr/bin/dotnet restore nav_messages_assembly_dotnetcore.csproj;          /usr/bin/dotnet build nav_messages_assembly_dotnetcore.csproj -> /home/ros2/tower_ws/build/nav_messages/nav_messages_assembly[0m
[ 42%] [32m[1mLinking C shared library libnav_messages__rosidl_typesupport_introspection_c.so[0m
[ 43%] [32mBuilding C object CMakeFiles/nav_messages_camera_configuration_message__rosidl_typesupport_c.dir/rosidl_generator_cs/nav_messages/msg/camera_configuration_message_s.c.o[0m
[ 44%] [32mBuilding CXX object CMakeFiles/nav_messages__rosidl_typesupport_introspection_cpp.dir/rosidl_typesupport_introspection_cpp/nav_messages/msg/detail/camera_configuration_message__type_support.cpp.o[0m
[ 45%] [32m[1mLinking C shared library rosidl_generator_cs/nav_messages/msg/libnav_messages_radar_fft_data_message__rosidl_typesupport_c_native.so[0m
[ 46%] [32m[1mLinking C shared library rosidl_generator_cs/nav_messages/msg/libnav_messages_radar_configuration_message__rosidl_typesupport_c_native.so[0m
[ 46%] Built target nav_messages__rosidl_typesupport_introspection_c
cmake version 3.22.1

CMake suite maintained and supported by Kitware (kitware.com/cmake).
[ 49%] [32mBuilding C object CMakeFiles/nav_messages_radar_configuration_message__rosidl_typesupport_introspection_c.dir/rosidl_generator_cs/nav_messages/msg/radar_fft_data_message_s.c.o[0m
[ 49%] [32mBuilding C object CMakeFiles/nav_messages_camera_configuration_message__rosidl_typesupport_introspection_c.dir/rosidl_generator_cs/nav_messages/msg/radar_configuration_message_s.c.o[0m
[ 49%] [32mBuilding C object CMakeFiles/nav_messages_camera_configuration_message__rosidl_typesupport_introspection_c.dir/rosidl_generator_cs/nav_messages/msg/camera_configuration_message.ep.rosidl_typesupport_introspection_c.c.o[0m
[ 50%] [32mBuilding C object CMakeFiles/nav_messages_radar_fft_data_message__rosidl_typesupport_introspection_c.dir/rosidl_generator_cs/nav_messages/msg/radar_fft_data_message.ep.rosidl_typesupport_introspection_c.c.o[0m
[ 51%] [32mBuilding C object CMakeFiles/nav_messages_camera_configuration_message__rosidl_typesupport_introspection_c.dir/rosidl_generator_cs/nav_messages/msg/radar_fft_data_message_s.c.o[0m
[ 52%] [32mBuilding C object CMakeFiles/nav_messages_radar_configuration_message__rosidl_typesupport_introspection_c.dir/rosidl_generator_cs/nav_messages/msg/camera_configuration_message_s.c.o[0m
[ 53%] [32mBuilding C object CMakeFiles/nav_messages_radar_configuration_message__rosidl_typesupport_introspection_c.dir/rosidl_generator_cs/nav_messages/msg/radar_configuration_message.ep.rosidl_typesupport_introspection_c.c.o[0m
[ 54%] [32mBuilding C object CMakeFiles/nav_messages_radar_configuration_message__rosidl_typesupport_introspection_c.dir/rosidl_generator_cs/nav_messages/msg/radar_configuration_message_s.c.o[0m
[ 55%] [32m[1mLinking C shared library rosidl_generator_cs/nav_messages/msg/libnav_messages_camera_configuration_message__rosidl_typesupport_c_native.so[0m
[ 56%] Built target nav_messages_radar_fft_data_message__rosidl_typesupport_c
[ 57%] [32mBuilding C object CMakeFiles/nav_messages_camera_configuration_message__rosidl_typesupport_introspection_c.dir/rosidl_generator_cs/nav_messages/msg/camera_configuration_message_s.c.o[0m
[ 58%] Built target nav_messages_radar_configuration_message__rosidl_typesupport_c
[ 59%] [32mBuilding C object CMakeFiles/nav_messages_radar_fft_data_message__rosidl_typesupport_introspection_c.dir/rosidl_generator_cs/nav_messages/msg/radar_configuration_message_s.c.o[0m
[ 60%] [32mBuilding C object CMakeFiles/nav_messages_radar_fft_data_message__rosidl_typesupport_introspection_c.dir/rosidl_generator_cs/nav_messages/msg/radar_fft_data_message_s.c.o[0m
[ 61%] [32mBuilding C object CMakeFiles/nav_messages_radar_fft_data_message__rosidl_typesupport_introspection_c.dir/rosidl_generator_cs/nav_messages/msg/camera_configuration_message_s.c.o[0m
[ 62%] Built target nav_messages_camera_configuration_message__rosidl_typesupport_c
[ 63%] [32m[1mLinking C shared library rosidl_generator_cs/nav_messages/msg/libnav_messages_radar_configuration_message__rosidl_typesupport_introspection_c_native.so[0m
[ 64%] [32m[1mLinking C shared library rosidl_generator_cs/nav_messages/msg/libnav_messages_camera_configuration_message__rosidl_typesupport_introspection_c_native.so[0m
[ 65%] [32m[1mLinking C shared library rosidl_generator_cs/nav_messages/msg/libnav_messages_radar_fft_data_message__rosidl_typesupport_introspection_c_native.so[0m
[ 66%] Built target nav_messages_radar_configuration_message__rosidl_typesupport_introspection_c
[ 67%] Built target nav_messages_camera_configuration_message__rosidl_typesupport_introspection_c
[ 68%] Built target nav_messages_radar_fft_data_message__rosidl_typesupport_introspection_c
[?1h=[ 69%] [32m[1mLinking CXX shared library libnav_messages__rosidl_typesupport_cpp.so[0m
[ 69%] Built target nav_messages__rosidl_typesupport_cpp
[ 70%] [32m[1mLinking CXX shared library libnav_messages__rosidl_typesupport_fastrtps_c.so[0m
[ 71%] [32m[1mLinking CXX shared library libnav_messages__rosidl_typesupport_fastrtps_cpp.so[0m
[ 71%] Built target nav_messages__rosidl_typesupport_fastrtps_c
[ 72%] [32m[1mLinking CXX shared library libnav_messages__rosidl_typesupport_introspection_cpp.so[0m
[ 75%] [32mBuilding C object CMakeFiles/nav_messages_camera_configuration_message__rosidl_typesupport_fastrtps_c.dir/rosidl_generator_cs/nav_messages/msg/radar_fft_data_message_s.c.o[0m
[ 75%] [32mBuilding C object CMakeFiles/nav_messages_radar_configuration_message__rosidl_typesupport_fastrtps_c.dir/rosidl_generator_cs/nav_messages/msg/radar_configuration_message_s.c.o[0m
[ 75%] [32mBuilding C object CMakeFiles/nav_messages_camera_configuration_message__rosidl_typesupport_fastrtps_c.dir/rosidl_generator_cs/nav_messages/msg/camera_configuration_message.ep.rosidl_typesupport_fastrtps_c.c.o[0m
[ 76%] [32mBuilding C object CMakeFiles/nav_messages_radar_fft_data_message__rosidl_typesupport_fastrtps_c.dir/rosidl_generator_cs/nav_messages/msg/radar_fft_data_message_s.c.o[0m
[ 77%] [32mBuilding C object CMakeFiles/nav_messages_camera_configuration_message__rosidl_typesupport_fastrtps_c.dir/rosidl_generator_cs/nav_messages/msg/radar_configuration_message_s.c.o[0m
[ 78%] [32mBuilding C object CMakeFiles/nav_messages_radar_configuration_message__rosidl_typesupport_fastrtps_c.dir/rosidl_generator_cs/nav_messages/msg/radar_configuration_message.ep.rosidl_typesupport_fastrtps_c.c.o[0m
[ 79%] [32mBuilding C object CMakeFiles/nav_messages_radar_fft_data_message__rosidl_typesupport_fastrtps_c.dir/rosidl_generator_cs/nav_messages/msg/camera_configuration_message_s.c.o[0m
[ 81%] [32mBuilding C object CMakeFiles/nav_messages_camera_configuration_message__rosidl_typesupport_fastrtps_c.dir/rosidl_generator_cs/nav_messages/msg/camera_configuration_message_s.c.o[0m
[ 81%] [32mBuilding C object CMakeFiles/nav_messages_radar_fft_data_message__rosidl_typesupport_fastrtps_c.dir/rosidl_generator_cs/nav_messages/msg/radar_fft_data_message.ep.rosidl_typesupport_fastrtps_c.c.o[0m
[ 82%] [32mBuilding C object CMakeFiles/nav_messages_radar_configuration_message__rosidl_typesupport_fastrtps_c.dir/rosidl_generator_cs/nav_messages/msg/radar_fft_data_message_s.c.o[0m
[ 82%] [32mBuilding C object CMakeFiles/nav_messages_radar_configuration_message__rosidl_typesupport_fastrtps_c.dir/rosidl_generator_cs/nav_messages/msg/camera_configuration_message_s.c.o[0m
[ 83%] [32mBuilding C object CMakeFiles/nav_messages_radar_fft_data_message__rosidl_typesupport_fastrtps_c.dir/rosidl_generator_cs/nav_messages/msg/radar_configuration_message_s.c.o[0m
[ 83%] Built target nav_messages__rosidl_typesupport_fastrtps_cpp
[ 84%] [32m[1mLinking C shared library rosidl_generator_cs/nav_messages/msg/libnav_messages_radar_fft_data_message__rosidl_typesupport_fastrtps_c_native.so[0m
[ 86%] [32m[1mLinking C shared library rosidl_generator_cs/nav_messages/msg/libnav_messages_radar_configuration_message__rosidl_typesupport_fastrtps_c_native.so[0m
[ 86%] [32m[1mLinking C shared library rosidl_generator_cs/nav_messages/msg/libnav_messages_camera_configuration_message__rosidl_typesupport_fastrtps_c_native.so[0m
[ 87%] Built target nav_messages_radar_fft_data_message__rosidl_typesupport_fastrtps_c
[ 88%] Built target nav_messages_camera_configuration_message__rosidl_typesupport_fastrtps_c
[ 89%] Built target nav_messages_radar_configuration_message__rosidl_typesupport_fastrtps_c
[ 89%] Built target nav_messages__rosidl_typesupport_introspection_cpp
[ 89%] Built target nav_messages
[ 90%] [34m[1mGenerating Python code for ROS interfaces[0m
  Determining projects to restore...
  Restored /home/ros2/tower_ws/build/nav_messages/nav_messages_assembly/nav_messages_assembly_dotnetcore.csproj (in 117 ms).
[?1h=Microsoft (R) Build Engine version 17.0.4+85d71072f for .NET
Copyright (C) Microsoft Corporation. All rights reserved.

[ 90%] Built target nav_messages__py
[ 91%] [32mBuilding C object CMakeFiles/nav_messages__rosidl_generator_py.dir/rosidl_generator_py/nav_messages/msg/_radar_configuration_message_s.c.o[0m
[ 92%] [32mBuilding C object CMakeFiles/nav_messages__rosidl_generator_py.dir/rosidl_generator_py/nav_messages/msg/_radar_fft_data_message_s.c.o[0m
[ 93%] [32mBuilding C object CMakeFiles/nav_messages__rosidl_generator_py.dir/rosidl_generator_py/nav_messages/msg/_camera_configuration_message_s.c.o[0m
[ 94%] [32m[1mLinking C shared library rosidl_generator_py/nav_messages/libnav_messages__rosidl_generator_py.so[0m
[ 94%] Built target nav_messages__rosidl_generator_py
[ 95%] [32mBuilding C object CMakeFiles/nav_messages__rosidl_typesupport_fastrtps_c__pyext.dir/rosidl_generator_py/nav_messages/_nav_messages_s.ep.rosidl_typesupport_fastrtps_c.c.o[0m
[ 96%] [32mBuilding C object CMakeFiles/nav_messages__rosidl_typesupport_introspection_c__pyext.dir/rosidl_generator_py/nav_messages/_nav_messages_s.ep.rosidl_typesupport_introspection_c.c.o[0m
[ 97%] [32mBuilding C object CMakeFiles/nav_messages__rosidl_typesupport_c__pyext.dir/rosidl_generator_py/nav_messages/_nav_messages_s.ep.rosidl_typesupport_c.c.o[0m
[ 98%] [32m[1mLinking C shared library rosidl_generator_py/nav_messages/nav_messages_s__rosidl_typesupport_fastrtps_c.cpython-310-x86_64-linux-gnu.so[0m
[ 99%] [32m[1mLinking C shared library rosidl_generator_py/nav_messages/nav_messages_s__rosidl_typesupport_introspection_c.cpython-310-x86_64-linux-gnu.so[0m
[100%] [32m[1mLinking C shared library rosidl_generator_py/nav_messages/nav_messages_s__rosidl_typesupport_c.cpython-310-x86_64-linux-gnu.so[0m
[100%] Built target nav_messages__rosidl_typesupport_fastrtps_c__pyext
[100%] Built target nav_messages__rosidl_typesupport_introspection_c__pyext
[100%] Built target nav_messages__rosidl_typesupport_c__pyext
  Determining projects to restore...
  All projects are up-to-date for restore.
  nav_messages_assembly_dotnetcore -> /home/ros2/tower_ws/build/nav_messages/netstandard2.0/nav_messages_assembly.dll
[39;49m[92m
Build succeeded.
[39;49m    0 Warning(s)
[39;49m    0 Error(s)
[39;49m
Time Elapsed 00:00:01.84
[100%] Built target nav_messages_assembly
-- Install configuration: ""
-- Installing: /home/ros2/tower_ws/install/nav_messages/share/ament_index/resource_index/rosidl_interfaces/nav_messages
-- Installing: /home/ros2/tower_ws/install/nav_messages/include/nav_messages/nav_messages
-- Installing: /home/ros2/tower_ws/install/nav_messages/include/nav_messages/nav_messages/msg
-- Installing: /home/ros2/tower_ws/install/nav_messages/include/nav_messages/nav_messages/msg/radar_fft_data_message.h
-- Installing: /home/ros2/tower_ws/install/nav_messages/include/nav_messages/nav_messages/msg/rosidl_generator_c__visibility_control.h
-- Installing: /home/ros2/tower_ws/install/nav_messages/include/nav_messages/nav_messages/msg/camera_configuration_message.h
-- Installing: /home/ros2/tower_ws/install/nav_messages/include/nav_messages/nav_messages/msg/detail
-- Installing: /home/ros2/tower_ws/install/nav_messages/include/nav_messages/nav_messages/msg/detail/radar_configuration_message__type_support.h
-- Installing: /home/ros2/tower_ws/install/nav_messages/include/nav_messages/nav_messages/msg/detail/camera_configuration_message__functions.h
-- Installing: /home/ros2/tower_ws/install/nav_messages/include/nav_messages/nav_messages/msg/detail/radar_configuration_message__functions.h
-- Installing: /home/ros2/tower_ws/install/nav_messages/include/nav_messages/nav_messages/msg/detail/radar_configuration_message__functions.c
-- Installing: /home/ros2/tower_ws/install/nav_messages/include/nav_messages/nav_messages/msg/detail/camera_configuration_message__functions.c
-- Installing: /home/ros2/tower_ws/install/nav_messages/include/nav_messages/nav_messages/msg/detail/camera_configuration_message__type_support.h
-- Installing: /home/ros2/tower_ws/install/nav_messages/include/nav_messages/nav_messages/msg/detail/radar_fft_data_message__functions.h
-- Installing: /home/ros2/tower_ws/install/nav_messages/include/nav_messages/nav_messages/msg/detail/radar_fft_data_message__type_support.h
-- Installing: /home/ros2/tower_ws/install/nav_messages/include/nav_messages/nav_messages/msg/detail/radar_fft_data_message__struct.h
-- Installing: /home/ros2/tower_ws/install/nav_messages/include/nav_messages/nav_messages/msg/detail/radar_fft_data_message__functions.c
-- Installing: /home/ros2/tower_ws/install/nav_messages/include/nav_messages/nav_messages/msg/detail/camera_configuration_message__struct.h
-- Installing: /home/ros2/tower_ws/install/nav_messages/include/nav_messages/nav_messages/msg/detail/radar_configuration_message__struct.h
-- Installing: /home/ros2/tower_ws/install/nav_messages/include/nav_messages/nav_messages/msg/radar_configuration_message.h
-- Installing: /home/ros2/tower_ws/install/nav_messages/share/nav_messages/environment/library_path.sh
-- Installing: /home/ros2/tower_ws/install/nav_messages/share/nav_messages/environment/library_path.dsv
-- Installing: /home/ros2/tower_ws/install/nav_messages/lib/libnav_messages__rosidl_generator_c.so
-- Set runtime path of "/home/ros2/tower_ws/install/nav_messages/lib/libnav_messages__rosidl_generator_c.so" to ""
-- Up-to-date: /home/ros2/tower_ws/install/nav_messages/include/nav_messages/nav_messages
-- Up-to-date: /home/ros2/tower_ws/install/nav_messages/include/nav_messages/nav_messages/msg
-- Up-to-date: /home/ros2/tower_ws/install/nav_messages/include/nav_messages/nav_messages/msg/detail
-- Installing: /home/ros2/tower_ws/install/nav_messages/include/nav_messages/nav_messages/msg/detail/camera_configuration_message__rosidl_typesupport_fastrtps_c.h
-- Installing: /home/ros2/tower_ws/install/nav_messages/include/nav_messages/nav_messages/msg/detail/radar_fft_data_message__rosidl_typesupport_fastrtps_c.h
-- Installing: /home/ros2/tower_ws/install/nav_messages/include/nav_messages/nav_messages/msg/detail/radar_configuration_message__rosidl_typesupport_fastrtps_c.h
-- Installing: /home/ros2/tower_ws/install/nav_messages/include/nav_messages/nav_messages/msg/rosidl_typesupport_fastrtps_c__visibility_control.h
-- Installing: /home/ros2/tower_ws/install/nav_messages/lib/libnav_messages__rosidl_typesupport_fastrtps_c.so
-- Set runtime path of "/home/ros2/tower_ws/install/nav_messages/lib/libnav_messages__rosidl_typesupport_fastrtps_c.so" to ""
-- Up-to-date: /home/ros2/tower_ws/install/nav_messages/include/nav_messages/nav_messages
-- Up-to-date: /home/ros2/tower_ws/install/nav_messages/include/nav_messages/nav_messages/msg
-- Installing: /home/ros2/tower_ws/install/nav_messages/include/nav_messages/nav_messages/msg/radar_fft_data_message.hpp
-- Installing: /home/ros2/tower_ws/install/nav_messages/include/nav_messages/nav_messages/msg/camera_configuration_message.hpp
-- Installing: /home/ros2/tower_ws/install/nav_messages/include/nav_messages/nav_messages/msg/radar_configuration_message.hpp
-- Up-to-date: /home/ros2/tower_ws/install/nav_messages/include/nav_messages/nav_messages/msg/detail
-- Installing: /home/ros2/tower_ws/install/nav_messages/include/nav_messages/nav_messages/msg/detail/radar_fft_data_message__struct.hpp
-- Installing: /home/ros2/tower_ws/install/nav_messages/include/nav_messages/nav_messages/msg/detail/camera_configuration_message__traits.hpp
-- Installing: /home/ros2/tower_ws/install/nav_messages/include/nav_messages/nav_messages/msg/detail/camera_configuration_message__type_support.hpp
-- Installing: /home/ros2/tower_ws/install/nav_messages/include/nav_messages/nav_messages/msg/detail/camera_configuration_message__builder.hpp
-- Installing: /home/ros2/tower_ws/install/nav_messages/include/nav_messages/nav_messages/msg/detail/radar_configuration_message__traits.hpp
-- Installing: /home/ros2/tower_ws/install/nav_messages/include/nav_messages/nav_messages/msg/detail/radar_fft_data_message__type_support.hpp
-- Installing: /home/ros2/tower_ws/install/nav_messages/include/nav_messages/nav_messages/msg/detail/radar_configuration_message__type_support.hpp
-- Installing: /home/ros2/tower_ws/install/nav_messages/include/nav_messages/nav_messages/msg/detail/radar_fft_data_message__builder.hpp
-- Installing: /home/ros2/tower_ws/install/nav_messages/include/nav_messages/nav_messages/msg/detail/camera_configuration_message__struct.hpp
-- Installing: /home/ros2/tower_ws/install/nav_messages/include/nav_messages/nav_messages/msg/detail/radar_configuration_message__builder.hpp
-- Installing: /home/ros2/tower_ws/install/nav_messages/include/nav_messages/nav_messages/msg/detail/radar_configuration_message__struct.hpp
-- Installing: /home/ros2/tower_ws/install/nav_messages/include/nav_messages/nav_messages/msg/detail/radar_fft_data_message__traits.hpp
-- Installing: /home/ros2/tower_ws/install/nav_messages/include/nav_messages/nav_messages/msg/rosidl_generator_cpp__visibility_control.hpp
-- Up-to-date: /home/ros2/tower_ws/install/nav_messages/include/nav_messages/nav_messages
-- Up-to-date: /home/ros2/tower_ws/install/nav_messages/include/nav_messages/nav_messages/msg
-- Installing: /home/ros2/tower_ws/install/nav_messages/include/nav_messages/nav_messages/msg/rosidl_typesupport_fastrtps_cpp__visibility_control.h
-- Up-to-date: /home/ros2/tower_ws/install/nav_messages/include/nav_messages/nav_messages/msg/detail
-- Installing: /home/ros2/tower_ws/install/nav_messages/include/nav_messages/nav_messages/msg/detail/radar_fft_data_message__rosidl_typesupport_fastrtps_cpp.hpp
-- Installing: /home/ros2/tower_ws/install/nav_messages/include/nav_messages/nav_messages/msg/detail/radar_configuration_message__rosidl_typesupport_fastrtps_cpp.hpp
-- Installing: /home/ros2/tower_ws/install/nav_messages/include/nav_messages/nav_messages/msg/detail/camera_configuration_message__rosidl_typesupport_fastrtps_cpp.hpp
-- Installing: /home/ros2/tower_ws/install/nav_messages/include/nav_messages/nav_messages/msg/detail/dds_fastrtps
-- Installing: /home/ros2/tower_ws/install/nav_messages/lib/libnav_messages__rosidl_typesupport_fastrtps_cpp.so
-- Set runtime path of "/home/ros2/tower_ws/install/nav_messages/lib/libnav_messages__rosidl_typesupport_fastrtps_cpp.so" to ""
-- Up-to-date: /home/ros2/tower_ws/install/nav_messages/include/nav_messages/nav_messages
-- Up-to-date: /home/ros2/tower_ws/install/nav_messages/include/nav_messages/nav_messages/msg
-- Installing: /home/ros2/tower_ws/install/nav_messages/include/nav_messages/nav_messages/msg/rosidl_typesupport_introspection_c__visibility_control.h
-- Up-to-date: /home/ros2/tower_ws/install/nav_messages/include/nav_messages/nav_messages/msg/detail
-- Installing: /home/ros2/tower_ws/install/nav_messages/include/nav_messages/nav_messages/msg/detail/radar_configuration_message__rosidl_typesupport_introspection_c.h
-- Installing: /home/ros2/tower_ws/install/nav_messages/include/nav_messages/nav_messages/msg/detail/camera_configuration_message__rosidl_typesupport_introspection_c.h
-- Installing: /home/ros2/tower_ws/install/nav_messages/include/nav_messages/nav_messages/msg/detail/radar_configuration_message__type_support.c
-- Installing: /home/ros2/tower_ws/install/nav_messages/include/nav_messages/nav_messages/msg/detail/radar_fft_data_message__rosidl_typesupport_introspection_c.h
-- Installing: /home/ros2/tower_ws/install/nav_messages/include/nav_messages/nav_messages/msg/detail/camera_configuration_message__type_support.c
-- Installing: /home/ros2/tower_ws/install/nav_messages/include/nav_messages/nav_messages/msg/detail/radar_fft_data_message__type_support.c
-- Installing: /home/ros2/tower_ws/install/nav_messages/lib/libnav_messages__rosidl_typesupport_introspection_c.so
-- Set runtime path of "/home/ros2/tower_ws/install/nav_messages/lib/libnav_messages__rosidl_typesupport_introspection_c.so" to ""
-- Installing: /home/ros2/tower_ws/install/nav_messages/lib/libnav_messages__rosidl_typesupport_c.so
-- Set runtime path of "/home/ros2/tower_ws/install/nav_messages/lib/libnav_messages__rosidl_typesupport_c.so" to ""
-- Up-to-date: /home/ros2/tower_ws/install/nav_messages/include/nav_messages/nav_messages
-- Up-to-date: /home/ros2/tower_ws/install/nav_messages/include/nav_messages/nav_messages/msg
-- Up-to-date: /home/ros2/tower_ws/install/nav_messages/include/nav_messages/nav_messages/msg/detail
-- Installing: /home/ros2/tower_ws/install/nav_messages/include/nav_messages/nav_messages/msg/detail/radar_configuration_message__type_support.cpp
-- Installing: /home/ros2/tower_ws/install/nav_messages/include/nav_messages/nav_messages/msg/detail/radar_fft_data_message__type_support.cpp
-- Installing: /home/ros2/tower_ws/install/nav_messages/include/nav_messages/nav_messages/msg/detail/camera_configuration_message__rosidl_typesupport_introspection_cpp.hpp
-- Installing: /home/ros2/tower_ws/install/nav_messages/include/nav_messages/nav_messages/msg/detail/radar_fft_data_message__rosidl_typesupport_introspection_cpp.hpp
-- Installing: /home/ros2/tower_ws/install/nav_messages/include/nav_messages/nav_messages/msg/detail/camera_configuration_message__type_support.cpp
-- Installing: /home/ros2/tower_ws/install/nav_messages/include/nav_messages/nav_messages/msg/detail/radar_configuration_message__rosidl_typesupport_introspection_cpp.hpp
-- Installing: /home/ros2/tower_ws/install/nav_messages/lib/libnav_messages__rosidl_typesupport_introspection_cpp.so
-- Set runtime path of "/home/ros2/tower_ws/install/nav_messages/lib/libnav_messages__rosidl_typesupport_introspection_cpp.so" to ""
-- Installing: /home/ros2/tower_ws/install/nav_messages/lib/libnav_messages__rosidl_typesupport_cpp.so
-- Set runtime path of "/home/ros2/tower_ws/install/nav_messages/lib/libnav_messages__rosidl_typesupport_cpp.so" to ""
-- Installing: /home/ros2/tower_ws/install/nav_messages/lib/libnav_messages_radar_configuration_message__rosidl_typesupport_c_native.so
-- Set runtime path of "/home/ros2/tower_ws/install/nav_messages/lib/libnav_messages_radar_configuration_message__rosidl_typesupport_c_native.so" to ""
-- Installing: /home/ros2/tower_ws/install/nav_messages/lib/libnav_messages_radar_configuration_message__rosidl_typesupport_introspection_c_native.so
-- Set runtime path of "/home/ros2/tower_ws/install/nav_messages/lib/libnav_messages_radar_configuration_message__rosidl_typesupport_introspection_c_native.so" to ""
-- Installing: /home/ros2/tower_ws/install/nav_messages/lib/libnav_messages_radar_configuration_message__rosidl_typesupport_fastrtps_c_native.so
-- Set runtime path of "/home/ros2/tower_ws/install/nav_messages/lib/libnav_messages_radar_configuration_message__rosidl_typesupport_fastrtps_c_native.so" to ""
-- Installing: /home/ros2/tower_ws/install/nav_messages/lib/libnav_messages_radar_fft_data_message__rosidl_typesupport_c_native.so
-- Set runtime path of "/home/ros2/tower_ws/install/nav_messages/lib/libnav_messages_radar_fft_data_message__rosidl_typesupport_c_native.so" to ""
-- Installing: /home/ros2/tower_ws/install/nav_messages/lib/libnav_messages_radar_fft_data_message__rosidl_typesupport_introspection_c_native.so
-- Set runtime path of "/home/ros2/tower_ws/install/nav_messages/lib/libnav_messages_radar_fft_data_message__rosidl_typesupport_introspection_c_native.so" to ""
-- Installing: /home/ros2/tower_ws/install/nav_messages/lib/libnav_messages_radar_fft_data_message__rosidl_typesupport_fastrtps_c_native.so
-- Set runtime path of "/home/ros2/tower_ws/install/nav_messages/lib/libnav_messages_radar_fft_data_message__rosidl_typesupport_fastrtps_c_native.so" to ""
-- Installing: /home/ros2/tower_ws/install/nav_messages/lib/libnav_messages_camera_configuration_message__rosidl_typesupport_c_native.so
-- Set runtime path of "/home/ros2/tower_ws/install/nav_messages/lib/libnav_messages_camera_configuration_message__rosidl_typesupport_c_native.so" to ""
-- Installing: /home/ros2/tower_ws/install/nav_messages/lib/libnav_messages_camera_configuration_message__rosidl_typesupport_introspection_c_native.so
-- Set runtime path of "/home/ros2/tower_ws/install/nav_messages/lib/libnav_messages_camera_configuration_message__rosidl_typesupport_introspection_c_native.so" to ""
-- Installing: /home/ros2/tower_ws/install/nav_messages/lib/libnav_messages_camera_configuration_message__rosidl_typesupport_fastrtps_c_native.so
-- Set runtime path of "/home/ros2/tower_ws/install/nav_messages/lib/libnav_messages_camera_configuration_message__rosidl_typesupport_fastrtps_c_native.so" to ""
-- Installing: /home/ros2/tower_ws/install/nav_messages/lib/dotnet
-- Installing: /home/ros2/tower_ws/install/nav_messages/lib/dotnet/std_msgs_assembly.dll
-- Installing: /home/ros2/tower_ws/install/nav_messages/lib/dotnet/nav_messages_assembly.dll
-- Installing: /home/ros2/tower_ws/install/nav_messages/lib/dotnet/builtin_interfaces_assembly.dll
-- Installing: /home/ros2/tower_ws/install/nav_messages/lib/dotnet/nav_messages_assembly.deps.json
-- Installing: /home/ros2/tower_ws/install/nav_messages/lib/dotnet/ros2cs_common.dll
-- Installing: /home/ros2/tower_ws/install/nav_messages/share/nav_messages/environment/pythonpath.sh
-- Installing: /home/ros2/tower_ws/install/nav_messages/share/nav_messages/environment/pythonpath.dsv
-- Installing: /home/ros2/tower_ws/install/nav_messages/local/lib/python3.10/dist-packages/nav_messages-1.0.0-py3.10.egg-info
-- Installing: /home/ros2/tower_ws/install/nav_messages/local/lib/python3.10/dist-packages/nav_messages-1.0.0-py3.10.egg-info/dependency_links.txt
-- Installing: /home/ros2/tower_ws/install/nav_messages/local/lib/python3.10/dist-packages/nav_messages-1.0.0-py3.10.egg-info/PKG-INFO
-- Installing: /home/ros2/tower_ws/install/nav_messages/local/lib/python3.10/dist-packages/nav_messages-1.0.0-py3.10.egg-info/top_level.txt
-- Installing: /home/ros2/tower_ws/install/nav_messages/local/lib/python3.10/dist-packages/nav_messages-1.0.0-py3.10.egg-info/SOURCES.txt
-- Installing: /home/ros2/tower_ws/install/nav_messages/local/lib/python3.10/dist-packages/nav_messages
-- Installing: /home/ros2/tower_ws/install/nav_messages/local/lib/python3.10/dist-packages/nav_messages/nav_messages_s__rosidl_typesupport_introspection_c.cpython-310-x86_64-linux-gnu.so
-- Installing: /home/ros2/tower_ws/install/nav_messages/local/lib/python3.10/dist-packages/nav_messages/nav_messages_s__rosidl_typesupport_c.cpython-310-x86_64-linux-gnu.so
-- Installing: /home/ros2/tower_ws/install/nav_messages/local/lib/python3.10/dist-packages/nav_messages/_nav_messages_s.ep.rosidl_typesupport_fastrtps_c.c
-- Installing: /home/ros2/tower_ws/install/nav_messages/local/lib/python3.10/dist-packages/nav_messages/_nav_messages_s.ep.rosidl_typesupport_introspection_c.c
-- Installing: /home/ros2/tower_ws/install/nav_messages/local/lib/python3.10/dist-packages/nav_messages/nav_messages_s__rosidl_typesupport_fastrtps_c.cpython-310-x86_64-linux-gnu.so
-- Installing: /home/ros2/tower_ws/install/nav_messages/local/lib/python3.10/dist-packages/nav_messages/__init__.py
-- Installing: /home/ros2/tower_ws/install/nav_messages/local/lib/python3.10/dist-packages/nav_messages/msg
-- Installing: /home/ros2/tower_ws/install/nav_messages/local/lib/python3.10/dist-packages/nav_messages/msg/_camera_configuration_message.py
-- Installing: /home/ros2/tower_ws/install/nav_messages/local/lib/python3.10/dist-packages/nav_messages/msg/_radar_configuration_message_s.c
-- Installing: /home/ros2/tower_ws/install/nav_messages/local/lib/python3.10/dist-packages/nav_messages/msg/_camera_configuration_message_s.c
-- Installing: /home/ros2/tower_ws/install/nav_messages/local/lib/python3.10/dist-packages/nav_messages/msg/_radar_fft_data_message.py
-- Installing: /home/ros2/tower_ws/install/nav_messages/local/lib/python3.10/dist-packages/nav_messages/msg/__init__.py
-- Installing: /home/ros2/tower_ws/install/nav_messages/local/lib/python3.10/dist-packages/nav_messages/msg/_radar_configuration_message.py
-- Installing: /home/ros2/tower_ws/install/nav_messages/local/lib/python3.10/dist-packages/nav_messages/msg/_radar_fft_data_message_s.c
-- Installing: /home/ros2/tower_ws/install/nav_messages/local/lib/python3.10/dist-packages/nav_messages/libnav_messages__rosidl_generator_py.so
-- Installing: /home/ros2/tower_ws/install/nav_messages/local/lib/python3.10/dist-packages/nav_messages/_nav_messages_s.ep.rosidl_typesupport_c.c
Listing '/home/ros2/tower_ws/install/nav_messages/local/lib/python3.10/dist-packages/nav_messages'...
Compiling '/home/ros2/tower_ws/install/nav_messages/local/lib/python3.10/dist-packages/nav_messages/__init__.py'...
Listing '/home/ros2/tower_ws/install/nav_messages/local/lib/python3.10/dist-packages/nav_messages/msg'...
Compiling '/home/ros2/tower_ws/install/nav_messages/local/lib/python3.10/dist-packages/nav_messages/msg/__init__.py'...
Compiling '/home/ros2/tower_ws/install/nav_messages/local/lib/python3.10/dist-packages/nav_messages/msg/_camera_configuration_message.py'...
Compiling '/home/ros2/tower_ws/install/nav_messages/local/lib/python3.10/dist-packages/nav_messages/msg/_radar_configuration_message.py'...
Compiling '/home/ros2/tower_ws/install/nav_messages/local/lib/python3.10/dist-packages/nav_messages/msg/_radar_fft_data_message.py'...
-- Installing: /home/ros2/tower_ws/install/nav_messages/local/lib/python3.10/dist-packages/nav_messages/nav_messages_s__rosidl_typesupport_fastrtps_c.cpython-310-x86_64-linux-gnu.so
-- Set runtime path of "/home/ros2/tower_ws/install/nav_messages/local/lib/python3.10/dist-packages/nav_messages/nav_messages_s__rosidl_typesupport_fastrtps_c.cpython-310-x86_64-linux-gnu.so" to ""
-- Installing: /home/ros2/tower_ws/install/nav_messages/local/lib/python3.10/dist-packages/nav_messages/nav_messages_s__rosidl_typesupport_introspection_c.cpython-310-x86_64-linux-gnu.so
-- Set runtime path of "/home/ros2/tower_ws/install/nav_messages/local/lib/python3.10/dist-packages/nav_messages/nav_messages_s__rosidl_typesupport_introspection_c.cpython-310-x86_64-linux-gnu.so" to ""
-- Installing: /home/ros2/tower_ws/install/nav_messages/local/lib/python3.10/dist-packages/nav_messages/nav_messages_s__rosidl_typesupport_c.cpython-310-x86_64-linux-gnu.so
-- Set runtime path of "/home/ros2/tower_ws/install/nav_messages/local/lib/python3.10/dist-packages/nav_messages/nav_messages_s__rosidl_typesupport_c.cpython-310-x86_64-linux-gnu.so" to ""
-- Installing: /home/ros2/tower_ws/install/nav_messages/lib/libnav_messages__rosidl_generator_py.so
-- Set runtime path of "/home/ros2/tower_ws/install/nav_messages/lib/libnav_messages__rosidl_generator_py.so" to ""
-- Installing: /home/ros2/tower_ws/install/nav_messages/share/ament_index/resource_index/rust_packages/nav_messages
-- Installing: /home/ros2/tower_ws/install/nav_messages/share/nav_messages/rust
-- Installing: /home/ros2/tower_ws/install/nav_messages/share/nav_messages/rust/build.rs
-- Installing: /home/ros2/tower_ws/install/nav_messages/share/nav_messages/rust/src
-- Installing: /home/ros2/tower_ws/install/nav_messages/share/nav_messages/rust/src/msg.rs
-- Installing: /home/ros2/tower_ws/install/nav_messages/share/nav_messages/rust/src/lib.rs
-- Installing: /home/ros2/tower_ws/install/nav_messages/share/nav_messages/rust/src/msg
-- Installing: /home/ros2/tower_ws/install/nav_messages/share/nav_messages/rust/src/msg/rmw.rs
-- Installing: /home/ros2/tower_ws/install/nav_messages/share/nav_messages/rust/Cargo.toml
-- Installing: /home/ros2/tower_ws/install/nav_messages/share/nav_messages/msg/RadarConfigurationMessage.idl
-- Installing: /home/ros2/tower_ws/install/nav_messages/share/nav_messages/msg/RadarFftDataMessage.idl
-- Installing: /home/ros2/tower_ws/install/nav_messages/share/nav_messages/msg/CameraConfigurationMessage.idl
-- Installing: /home/ros2/tower_ws/install/nav_messages/share/nav_messages/msg/RadarConfigurationMessage.msg
-- Installing: /home/ros2/tower_ws/install/nav_messages/share/nav_messages/msg/RadarFftDataMessage.msg
-- Installing: /home/ros2/tower_ws/install/nav_messages/share/nav_messages/msg/CameraConfigurationMessage.msg
-- Installing: /home/ros2/tower_ws/install/nav_messages/share/ament_index/resource_index/package_run_dependencies/nav_messages
-- Installing: /home/ros2/tower_ws/install/nav_messages/share/ament_index/resource_index/parent_prefix_path/nav_messages
-- Installing: /home/ros2/tower_ws/install/nav_messages/share/nav_messages/environment/ament_prefix_path.sh
-- Installing: /home/ros2/tower_ws/install/nav_messages/share/nav_messages/environment/ament_prefix_path.dsv
-- Installing: /home/ros2/tower_ws/install/nav_messages/share/nav_messages/environment/path.sh
-- Installing: /home/ros2/tower_ws/install/nav_messages/share/nav_messages/environment/path.dsv
-- Installing: /home/ros2/tower_ws/install/nav_messages/share/nav_messages/local_setup.bash
-- Installing: /home/ros2/tower_ws/install/nav_messages/share/nav_messages/local_setup.sh
-- Installing: /home/ros2/tower_ws/install/nav_messages/share/nav_messages/local_setup.zsh
-- Installing: /home/ros2/tower_ws/install/nav_messages/share/nav_messages/local_setup.dsv
-- Installing: /home/ros2/tower_ws/install/nav_messages/share/nav_messages/package.dsv
-- Installing: /home/ros2/tower_ws/install/nav_messages/share/ament_index/resource_index/packages/nav_messages
-- Installing: /home/ros2/tower_ws/install/nav_messages/share/nav_messages/cmake/export_nav_messages__rosidl_generator_cExport.cmake
-- Installing: /home/ros2/tower_ws/install/nav_messages/share/nav_messages/cmake/export_nav_messages__rosidl_generator_cExport-noconfig.cmake
-- Installing: /home/ros2/tower_ws/install/nav_messages/share/nav_messages/cmake/export_nav_messages__rosidl_typesupport_fastrtps_cExport.cmake
-- Installing: /home/ros2/tower_ws/install/nav_messages/share/nav_messages/cmake/export_nav_messages__rosidl_typesupport_fastrtps_cExport-noconfig.cmake
-- Installing: /home/ros2/tower_ws/install/nav_messages/share/nav_messages/cmake/export_nav_messages__rosidl_generator_cppExport.cmake
-- Installing: /home/ros2/tower_ws/install/nav_messages/share/nav_messages/cmake/export_nav_messages__rosidl_typesupport_fastrtps_cppExport.cmake
-- Installing: /home/ros2/tower_ws/install/nav_messages/share/nav_messages/cmake/export_nav_messages__rosidl_typesupport_fastrtps_cppExport-noconfig.cmake
-- Installing: /home/ros2/tower_ws/install/nav_messages/share/nav_messages/cmake/nav_messages__rosidl_typesupport_introspection_cExport.cmake
-- Installing: /home/ros2/tower_ws/install/nav_messages/share/nav_messages/cmake/nav_messages__rosidl_typesupport_introspection_cExport-noconfig.cmake
-- Installing: /home/ros2/tower_ws/install/nav_messages/share/nav_messages/cmake/nav_messages__rosidl_typesupport_cExport.cmake
-- Installing: /home/ros2/tower_ws/install/nav_messages/share/nav_messages/cmake/nav_messages__rosidl_typesupport_cExport-noconfig.cmake
-- Installing: /home/ros2/tower_ws/install/nav_messages/share/nav_messages/cmake/nav_messages__rosidl_typesupport_introspection_cppExport.cmake
-- Installing: /home/ros2/tower_ws/install/nav_messages/share/nav_messages/cmake/nav_messages__rosidl_typesupport_introspection_cppExport-noconfig.cmake
-- Installing: /home/ros2/tower_ws/install/nav_messages/share/nav_messages/cmake/nav_messages__rosidl_typesupport_cppExport.cmake
-- Installing: /home/ros2/tower_ws/install/nav_messages/share/nav_messages/cmake/nav_messages__rosidl_typesupport_cppExport-noconfig.cmake
-- Installing: /home/ros2/tower_ws/install/nav_messages/share/nav_messages/cmake/export_nav_messages__rosidl_generator_pyExport.cmake
-- Installing: /home/ros2/tower_ws/install/nav_messages/share/nav_messages/cmake/export_nav_messages__rosidl_generator_pyExport-noconfig.cmake
-- Installing: /home/ros2/tower_ws/install/nav_messages/share/nav_messages/cmake/rosidl_cmake-extras.cmake
-- Installing: /home/ros2/tower_ws/install/nav_messages/share/nav_messages/cmake/ament_cmake_export_dependencies-extras.cmake
-- Installing: /home/ros2/tower_ws/install/nav_messages/share/nav_messages/cmake/ament_cmake_export_include_directories-extras.cmake
-- Installing: /home/ros2/tower_ws/install/nav_messages/share/nav_messages/cmake/ament_cmake_export_libraries-extras.cmake
-- Installing: /home/ros2/tower_ws/install/nav_messages/share/nav_messages/cmake/ament_cmake_export_targets-extras.cmake
-- Installing: /home/ros2/tower_ws/install/nav_messages/share/nav_messages/cmake/rosidl_cmake_export_typesupport_targets-extras.cmake
-- Installing: /home/ros2/tower_ws/install/nav_messages/share/nav_messages/cmake/rosidl_cmake_export_typesupport_libraries-extras.cmake
-- Installing: /home/ros2/tower_ws/install/nav_messages/share/nav_messages/cmake/ament_cmake_export_assemblies-extras.cmake
-- Installing: /home/ros2/tower_ws/install/nav_messages/share/nav_messages/cmake/rosidl_cmake_aggregate_target-extras.cmake
-- Installing: /home/ros2/tower_ws/install/nav_messages/share/nav_messages/cmake/nav_messagesConfig.cmake
-- Installing: /home/ros2/tower_ws/install/nav_messages/share/nav_messages/cmake/nav_messagesConfig-version.cmake
-- Installing: /home/ros2/tower_ws/install/nav_messages/share/nav_messages/package.xml
