[0.009s] Invoking command in '/home/ros2/tower_ws/build/nav_messages': CMAKE_PREFIX_PATH=${CMAKE_PREFIX_PATH}:/home/ros2/Downloads/final-ai/install/py_fakedata:/home/ros2/Downloads/final-ai/install/py_detectionmessage:/home/ros2/Downloads/final-ai/install/py_aiproc:/opt/ros/humble /usr/bin/cmake --build /home/ros2/tower_ws/build/nav_messages -- -j24 -l24
[0.044s] [  1%] [34m[1mGenerating C code for ROS interfaces[0m
[0.048s] [  2%] [34m[1mGenerating Rust code for ROS interfaces[0m
[0.051s] [  3%] [34m[1mGenerating C# code for ROS interfaces[0m
[0.052s] [  3%] [34m[1mGenerating C++ code for ROS interfaces[0m
[0.059s] [  3%] Built target ament_cmake_python_copy_nav_messages
[0.343s] running egg_info
[0.344s] creating nav_messages.egg-info
[0.344s] writing nav_messages.egg-info/PKG-INFO
[0.344s] writing dependency_links to nav_messages.egg-info/dependency_links.txt
[0.344s] writing top-level names to nav_messages.egg-info/top_level.txt
[0.344s] writing manifest file 'nav_messages.egg-info/SOURCES.txt'
[0.346s] reading manifest file 'nav_messages.egg-info/SOURCES.txt'
[0.346s] writing manifest file 'nav_messages.egg-info/SOURCES.txt'
[0.367s] [  3%] Built target ament_cmake_python_build_nav_messages_egg
[0.601s] [  3%] Built target nav_messages__rs
[0.683s] [  4%] [32mBuilding C object CMakeFiles/nav_messages__rosidl_generator_c.dir/rosidl_generator_c/nav_messages/msg/detail/radar_configuration_message__functions.c.o[0m
[0.685s] [  5%] [32mBuilding C object CMakeFiles/nav_messages__rosidl_generator_c.dir/rosidl_generator_c/nav_messages/msg/detail/radar_fft_data_message__functions.c.o[0m
[0.687s] [  6%] [32mBuilding C object CMakeFiles/nav_messages__rosidl_generator_c.dir/rosidl_generator_c/nav_messages/msg/detail/camera_configuration_message__functions.c.o[0m
[0.690s] [  6%] Built target nav_messages__cpp
[0.696s] [  7%] [34m[1mGenerating C++ type support for eProsima Fast-RTPS[0m
[0.699s] [  9%] [34m[1mGenerating C++ introspection for ROS interfaces[0m
[0.699s] [  9%] [34m[1mGenerating C++ type support dispatch for ROS interfaces[0m
[0.736s] [ 10%] [32m[1mLinking C shared library libnav_messages__rosidl_generator_c.so[0m
[0.762s] [ 10%] Built target nav_messages__rosidl_generator_c
[0.769s] [ 11%] [34m[1mGenerating C type support for eProsima Fast-RTPS[0m
[0.769s] [ 12%] [34m[1mGenerating C type support dispatch for ROS interfaces[0m
[0.771s] [ 13%] [34m[1mGenerating C introspection for ROS interfaces[0m
[1.048s] [ 14%] [32mBuilding CXX object CMakeFiles/nav_messages__rosidl_typesupport_fastrtps_cpp.dir/rosidl_typesupport_fastrtps_cpp/nav_messages/msg/detail/dds_fastrtps/radar_configuration_message__type_support.cpp.o[0m
[1.048s] [ 16%] [32mBuilding CXX object CMakeFiles/nav_messages__rosidl_typesupport_fastrtps_cpp.dir/rosidl_typesupport_fastrtps_cpp/nav_messages/msg/detail/dds_fastrtps/camera_configuration_message__type_support.cpp.o[0m
[1.048s] [ 16%] [32mBuilding CXX object CMakeFiles/nav_messages__rosidl_typesupport_fastrtps_cpp.dir/rosidl_typesupport_fastrtps_cpp/nav_messages/msg/detail/dds_fastrtps/radar_fft_data_message__type_support.cpp.o[0m
[1.087s] [ 18%] [32mBuilding CXX object CMakeFiles/nav_messages__rosidl_typesupport_c.dir/rosidl_typesupport_c/nav_messages/msg/radar_fft_data_message__type_support.cpp.o[0m
[1.087s] [ 19%] [32mBuilding CXX object CMakeFiles/nav_messages__rosidl_typesupport_c.dir/rosidl_typesupport_c/nav_messages/msg/radar_configuration_message__type_support.cpp.o[0m
[1.087s] [ 19%] [32mBuilding CXX object CMakeFiles/nav_messages__rosidl_typesupport_c.dir/rosidl_typesupport_c/nav_messages/msg/camera_configuration_message__type_support.cpp.o[0m
[1.102s] [ 20%] [32mBuilding CXX object CMakeFiles/nav_messages__rosidl_typesupport_fastrtps_c.dir/rosidl_typesupport_fastrtps_c/nav_messages/msg/detail/radar_configuration_message__type_support_c.cpp.o[0m
[1.102s] [ 21%] [32mBuilding CXX object CMakeFiles/nav_messages__rosidl_typesupport_fastrtps_c.dir/rosidl_typesupport_fastrtps_c/nav_messages/msg/detail/camera_configuration_message__type_support_c.cpp.o[0m
[1.105s] [ 21%] [32mBuilding CXX object CMakeFiles/nav_messages__rosidl_typesupport_fastrtps_c.dir/rosidl_typesupport_fastrtps_c/nav_messages/msg/detail/radar_fft_data_message__type_support_c.cpp.o[0m
[1.114s] [ 22%] [32m[1mLinking CXX shared library libnav_messages__rosidl_typesupport_c.so[0m
[1.131s] [ 23%] [32mBuilding C object CMakeFiles/nav_messages__rosidl_typesupport_introspection_c.dir/rosidl_typesupport_introspection_c/nav_messages/msg/detail/radar_fft_data_message__type_support.c.o[0m
[1.132s] [ 24%] [32mBuilding C object CMakeFiles/nav_messages__rosidl_typesupport_introspection_c.dir/rosidl_typesupport_introspection_c/nav_messages/msg/detail/radar_configuration_message__type_support.c.o[0m
[1.133s] [ 25%] [32mBuilding C object CMakeFiles/nav_messages__rosidl_typesupport_introspection_c.dir/rosidl_typesupport_introspection_c/nav_messages/msg/detail/camera_configuration_message__type_support.c.o[0m
[1.133s] [ 26%] [32mBuilding CXX object CMakeFiles/nav_messages__rosidl_typesupport_cpp.dir/rosidl_typesupport_cpp/nav_messages/msg/radar_configuration_message__type_support.cpp.o[0m
[1.134s] [ 27%] [32mBuilding CXX object CMakeFiles/nav_messages__rosidl_typesupport_cpp.dir/rosidl_typesupport_cpp/nav_messages/msg/camera_configuration_message__type_support.cpp.o[0m
[1.134s] [ 28%] [32mBuilding CXX object CMakeFiles/nav_messages__rosidl_typesupport_cpp.dir/rosidl_typesupport_cpp/nav_messages/msg/radar_fft_data_message__type_support.cpp.o[0m
[1.144s] [ 28%] Built target nav_messages__rosidl_typesupport_c
[1.163s] [ 31%] [32mBuilding C object CMakeFiles/nav_messages_radar_fft_data_message__rosidl_typesupport_c.dir/rosidl_generator_cs/nav_messages/msg/radar_fft_data_message.ep.rosidl_typesupport_c.c.o[0m
[1.163s] [ 30%] [32mBuilding C object CMakeFiles/nav_messages_radar_fft_data_message__rosidl_typesupport_c.dir/rosidl_generator_cs/nav_messages/msg/radar_fft_data_message_s.c.o[0m
[1.163s] [ 31%] [32mBuilding C object CMakeFiles/nav_messages_radar_fft_data_message__rosidl_typesupport_c.dir/rosidl_generator_cs/nav_messages/msg/radar_configuration_message_s.c.o[0m
[1.163s] [ 32%] [32mBuilding C object CMakeFiles/nav_messages_camera_configuration_message__rosidl_typesupport_c.dir/rosidl_generator_cs/nav_messages/msg/camera_configuration_message.ep.rosidl_typesupport_c.c.o[0m
[1.163s] [ 32%] [32mBuilding C object CMakeFiles/nav_messages_camera_configuration_message__rosidl_typesupport_c.dir/rosidl_generator_cs/nav_messages/msg/radar_configuration_message_s.c.o[0m
[1.164s] [ 33%] [32mBuilding C object CMakeFiles/nav_messages_radar_fft_data_message__rosidl_typesupport_c.dir/rosidl_generator_cs/nav_messages/msg/camera_configuration_message_s.c.o[0m
[1.166s] [ 34%] [32mBuilding C object CMakeFiles/nav_messages_radar_configuration_message__rosidl_typesupport_c.dir/rosidl_generator_cs/nav_messages/msg/radar_configuration_message_s.c.o[0m
[1.166s] [ 35%] [32mBuilding C object CMakeFiles/nav_messages_radar_configuration_message__rosidl_typesupport_c.dir/rosidl_generator_cs/nav_messages/msg/radar_fft_data_message_s.c.o[0m
[1.166s] [ 36%] [32mBuilding C object CMakeFiles/nav_messages_radar_configuration_message__rosidl_typesupport_c.dir/rosidl_generator_cs/nav_messages/msg/radar_configuration_message.ep.rosidl_typesupport_c.c.o[0m
[1.174s] [ 37%] [32mBuilding C object CMakeFiles/nav_messages_camera_configuration_message__rosidl_typesupport_c.dir/rosidl_generator_cs/nav_messages/msg/radar_fft_data_message_s.c.o[0m
[1.174s] [ 37%] Built target nav_messages__cs
[1.174s] [ 38%] [32mBuilding C object CMakeFiles/nav_messages_radar_configuration_message__rosidl_typesupport_c.dir/rosidl_generator_cs/nav_messages/msg/camera_configuration_message_s.c.o[0m
[1.180s] [ 39%] [32mBuilding CXX object CMakeFiles/nav_messages__rosidl_typesupport_introspection_cpp.dir/rosidl_typesupport_introspection_cpp/nav_messages/msg/detail/radar_configuration_message__type_support.cpp.o[0m
[1.184s] [ 40%] [32mBuilding CXX object CMakeFiles/nav_messages__rosidl_typesupport_introspection_cpp.dir/rosidl_typesupport_introspection_cpp/nav_messages/msg/detail/radar_fft_data_message__type_support.cpp.o[0m
[1.189s] [ 41%] [34m[1m/usr/bin/cmake;-version;/usr/bin/dotnet restore nav_messages_assembly_dotnetcore.csproj;          /usr/bin/dotnet build nav_messages_assembly_dotnetcore.csproj -> /home/ros2/tower_ws/build/nav_messages/nav_messages_assembly[0m
[1.190s] [ 42%] [32m[1mLinking C shared library libnav_messages__rosidl_typesupport_introspection_c.so[0m
[1.200s] [ 43%] [32mBuilding C object CMakeFiles/nav_messages_camera_configuration_message__rosidl_typesupport_c.dir/rosidl_generator_cs/nav_messages/msg/camera_configuration_message_s.c.o[0m
[1.203s] [ 44%] [32mBuilding CXX object CMakeFiles/nav_messages__rosidl_typesupport_introspection_cpp.dir/rosidl_typesupport_introspection_cpp/nav_messages/msg/detail/camera_configuration_message__type_support.cpp.o[0m
[1.210s] [ 45%] [32m[1mLinking C shared library rosidl_generator_cs/nav_messages/msg/libnav_messages_radar_fft_data_message__rosidl_typesupport_c_native.so[0m
[1.217s] [ 46%] [32m[1mLinking C shared library rosidl_generator_cs/nav_messages/msg/libnav_messages_radar_configuration_message__rosidl_typesupport_c_native.so[0m
[1.221s] [ 46%] Built target nav_messages__rosidl_typesupport_introspection_c
[1.223s] cmake version 3.22.1
[1.223s] 
[1.223s] CMake suite maintained and supported by Kitware (kitware.com/cmake).
[1.240s] [ 49%] [32mBuilding C object CMakeFiles/nav_messages_radar_configuration_message__rosidl_typesupport_introspection_c.dir/rosidl_generator_cs/nav_messages/msg/radar_fft_data_message_s.c.o[0m
[1.240s] [ 49%] [32mBuilding C object CMakeFiles/nav_messages_camera_configuration_message__rosidl_typesupport_introspection_c.dir/rosidl_generator_cs/nav_messages/msg/radar_configuration_message_s.c.o[0m
[1.240s] [ 49%] [32mBuilding C object CMakeFiles/nav_messages_camera_configuration_message__rosidl_typesupport_introspection_c.dir/rosidl_generator_cs/nav_messages/msg/camera_configuration_message.ep.rosidl_typesupport_introspection_c.c.o[0m
[1.240s] [ 50%] [32mBuilding C object CMakeFiles/nav_messages_radar_fft_data_message__rosidl_typesupport_introspection_c.dir/rosidl_generator_cs/nav_messages/msg/radar_fft_data_message.ep.rosidl_typesupport_introspection_c.c.o[0m
[1.241s] [ 51%] [32mBuilding C object CMakeFiles/nav_messages_camera_configuration_message__rosidl_typesupport_introspection_c.dir/rosidl_generator_cs/nav_messages/msg/radar_fft_data_message_s.c.o[0m
[1.241s] [ 52%] [32mBuilding C object CMakeFiles/nav_messages_radar_configuration_message__rosidl_typesupport_introspection_c.dir/rosidl_generator_cs/nav_messages/msg/camera_configuration_message_s.c.o[0m
[1.242s] [ 53%] [32mBuilding C object CMakeFiles/nav_messages_radar_configuration_message__rosidl_typesupport_introspection_c.dir/rosidl_generator_cs/nav_messages/msg/radar_configuration_message.ep.rosidl_typesupport_introspection_c.c.o[0m
[1.244s] [ 54%] [32mBuilding C object CMakeFiles/nav_messages_radar_configuration_message__rosidl_typesupport_introspection_c.dir/rosidl_generator_cs/nav_messages/msg/radar_configuration_message_s.c.o[0m
[1.251s] [ 55%] [32m[1mLinking C shared library rosidl_generator_cs/nav_messages/msg/libnav_messages_camera_configuration_message__rosidl_typesupport_c_native.so[0m
[1.259s] [ 56%] Built target nav_messages_radar_fft_data_message__rosidl_typesupport_c
[1.270s] [ 57%] [32mBuilding C object CMakeFiles/nav_messages_camera_configuration_message__rosidl_typesupport_introspection_c.dir/rosidl_generator_cs/nav_messages/msg/camera_configuration_message_s.c.o[0m
[1.271s] [ 58%] Built target nav_messages_radar_configuration_message__rosidl_typesupport_c
[1.276s] [ 59%] [32mBuilding C object CMakeFiles/nav_messages_radar_fft_data_message__rosidl_typesupport_introspection_c.dir/rosidl_generator_cs/nav_messages/msg/radar_configuration_message_s.c.o[0m
[1.279s] [ 60%] [32mBuilding C object CMakeFiles/nav_messages_radar_fft_data_message__rosidl_typesupport_introspection_c.dir/rosidl_generator_cs/nav_messages/msg/radar_fft_data_message_s.c.o[0m
[1.279s] [ 61%] [32mBuilding C object CMakeFiles/nav_messages_radar_fft_data_message__rosidl_typesupport_introspection_c.dir/rosidl_generator_cs/nav_messages/msg/camera_configuration_message_s.c.o[0m
[1.292s] [ 62%] Built target nav_messages_camera_configuration_message__rosidl_typesupport_c
[1.303s] [ 63%] [32m[1mLinking C shared library rosidl_generator_cs/nav_messages/msg/libnav_messages_radar_configuration_message__rosidl_typesupport_introspection_c_native.so[0m
[1.310s] [ 64%] [32m[1mLinking C shared library rosidl_generator_cs/nav_messages/msg/libnav_messages_camera_configuration_message__rosidl_typesupport_introspection_c_native.so[0m
[1.323s] [ 65%] [32m[1mLinking C shared library rosidl_generator_cs/nav_messages/msg/libnav_messages_radar_fft_data_message__rosidl_typesupport_introspection_c_native.so[0m
[1.330s] [ 66%] Built target nav_messages_radar_configuration_message__rosidl_typesupport_introspection_c
[1.348s] [ 67%] Built target nav_messages_camera_configuration_message__rosidl_typesupport_introspection_c
[1.350s] [ 68%] Built target nav_messages_radar_fft_data_message__rosidl_typesupport_introspection_c
[1.389s] [?1h=[ 69%] [32m[1mLinking CXX shared library libnav_messages__rosidl_typesupport_cpp.so[0m
[1.423s] [ 69%] Built target nav_messages__rosidl_typesupport_cpp
[1.446s] [ 70%] [32m[1mLinking CXX shared library libnav_messages__rosidl_typesupport_fastrtps_c.so[0m
[1.507s] [ 71%] [32m[1mLinking CXX shared library libnav_messages__rosidl_typesupport_fastrtps_cpp.so[0m
[1.528s] [ 71%] Built target nav_messages__rosidl_typesupport_fastrtps_c
[1.539s] [ 72%] [32m[1mLinking CXX shared library libnav_messages__rosidl_typesupport_introspection_cpp.so[0m
[1.544s] [ 75%] [32mBuilding C object CMakeFiles/nav_messages_camera_configuration_message__rosidl_typesupport_fastrtps_c.dir/rosidl_generator_cs/nav_messages/msg/radar_fft_data_message_s.c.o[0m
[1.545s] [ 75%] [32mBuilding C object CMakeFiles/nav_messages_radar_configuration_message__rosidl_typesupport_fastrtps_c.dir/rosidl_generator_cs/nav_messages/msg/radar_configuration_message_s.c.o[0m
[1.545s] [ 75%] [32mBuilding C object CMakeFiles/nav_messages_camera_configuration_message__rosidl_typesupport_fastrtps_c.dir/rosidl_generator_cs/nav_messages/msg/camera_configuration_message.ep.rosidl_typesupport_fastrtps_c.c.o[0m
[1.545s] [ 76%] [32mBuilding C object CMakeFiles/nav_messages_radar_fft_data_message__rosidl_typesupport_fastrtps_c.dir/rosidl_generator_cs/nav_messages/msg/radar_fft_data_message_s.c.o[0m
[1.545s] [ 77%] [32mBuilding C object CMakeFiles/nav_messages_camera_configuration_message__rosidl_typesupport_fastrtps_c.dir/rosidl_generator_cs/nav_messages/msg/radar_configuration_message_s.c.o[0m
[1.546s] [ 78%] [32mBuilding C object CMakeFiles/nav_messages_radar_configuration_message__rosidl_typesupport_fastrtps_c.dir/rosidl_generator_cs/nav_messages/msg/radar_configuration_message.ep.rosidl_typesupport_fastrtps_c.c.o[0m
[1.546s] [ 79%] [32mBuilding C object CMakeFiles/nav_messages_radar_fft_data_message__rosidl_typesupport_fastrtps_c.dir/rosidl_generator_cs/nav_messages/msg/camera_configuration_message_s.c.o[0m
[1.546s] [ 81%] [32mBuilding C object CMakeFiles/nav_messages_camera_configuration_message__rosidl_typesupport_fastrtps_c.dir/rosidl_generator_cs/nav_messages/msg/camera_configuration_message_s.c.o[0m
[1.546s] [ 81%] [32mBuilding C object CMakeFiles/nav_messages_radar_fft_data_message__rosidl_typesupport_fastrtps_c.dir/rosidl_generator_cs/nav_messages/msg/radar_fft_data_message.ep.rosidl_typesupport_fastrtps_c.c.o[0m
[1.546s] [ 82%] [32mBuilding C object CMakeFiles/nav_messages_radar_configuration_message__rosidl_typesupport_fastrtps_c.dir/rosidl_generator_cs/nav_messages/msg/radar_fft_data_message_s.c.o[0m
[1.547s] [ 82%] [32mBuilding C object CMakeFiles/nav_messages_radar_configuration_message__rosidl_typesupport_fastrtps_c.dir/rosidl_generator_cs/nav_messages/msg/camera_configuration_message_s.c.o[0m
[1.547s] [ 83%] [32mBuilding C object CMakeFiles/nav_messages_radar_fft_data_message__rosidl_typesupport_fastrtps_c.dir/rosidl_generator_cs/nav_messages/msg/radar_configuration_message_s.c.o[0m
[1.561s] [ 83%] Built target nav_messages__rosidl_typesupport_fastrtps_cpp
[1.583s] [ 84%] [32m[1mLinking C shared library rosidl_generator_cs/nav_messages/msg/libnav_messages_radar_fft_data_message__rosidl_typesupport_fastrtps_c_native.so[0m
[1.588s] [ 86%] [32m[1mLinking C shared library rosidl_generator_cs/nav_messages/msg/libnav_messages_radar_configuration_message__rosidl_typesupport_fastrtps_c_native.so[0m
[1.588s] [ 86%] [32m[1mLinking C shared library rosidl_generator_cs/nav_messages/msg/libnav_messages_camera_configuration_message__rosidl_typesupport_fastrtps_c_native.so[0m
[1.614s] [ 87%] Built target nav_messages_radar_fft_data_message__rosidl_typesupport_fastrtps_c
[1.616s] [ 88%] Built target nav_messages_camera_configuration_message__rosidl_typesupport_fastrtps_c
[1.619s] [ 89%] Built target nav_messages_radar_configuration_message__rosidl_typesupport_fastrtps_c
[1.620s] [ 89%] Built target nav_messages__rosidl_typesupport_introspection_cpp
[1.636s] [ 89%] Built target nav_messages
[1.651s] [ 90%] [34m[1mGenerating Python code for ROS interfaces[0m
[1.762s]   Determining projects to restore...
[1.979s]   Restored /home/ros2/tower_ws/build/nav_messages/nav_messages_assembly/nav_messages_assembly_dotnetcore.csproj (in 117 ms).
[2.375s] [?1h=Microsoft (R) Build Engine version 17.0.4+85d71072f for .NET
[2.376s] Copyright (C) Microsoft Corporation. All rights reserved.
[2.376s] 
[2.486s] [ 90%] Built target nav_messages__py
[2.512s] [ 91%] [32mBuilding C object CMakeFiles/nav_messages__rosidl_generator_py.dir/rosidl_generator_py/nav_messages/msg/_radar_configuration_message_s.c.o[0m
[2.524s] [ 92%] [32mBuilding C object CMakeFiles/nav_messages__rosidl_generator_py.dir/rosidl_generator_py/nav_messages/msg/_radar_fft_data_message_s.c.o[0m
[2.524s] [ 93%] [32mBuilding C object CMakeFiles/nav_messages__rosidl_generator_py.dir/rosidl_generator_py/nav_messages/msg/_camera_configuration_message_s.c.o[0m
[2.711s] [ 94%] [32m[1mLinking C shared library rosidl_generator_py/nav_messages/libnav_messages__rosidl_generator_py.so[0m
[2.756s] [ 94%] Built target nav_messages__rosidl_generator_py
[2.774s] [ 95%] [32mBuilding C object CMakeFiles/nav_messages__rosidl_typesupport_fastrtps_c__pyext.dir/rosidl_generator_py/nav_messages/_nav_messages_s.ep.rosidl_typesupport_fastrtps_c.c.o[0m
[2.774s] [ 96%] [32mBuilding C object CMakeFiles/nav_messages__rosidl_typesupport_introspection_c__pyext.dir/rosidl_generator_py/nav_messages/_nav_messages_s.ep.rosidl_typesupport_introspection_c.c.o[0m
[2.777s] [ 97%] [32mBuilding C object CMakeFiles/nav_messages__rosidl_typesupport_c__pyext.dir/rosidl_generator_py/nav_messages/_nav_messages_s.ep.rosidl_typesupport_c.c.o[0m
[2.879s] [ 98%] [32m[1mLinking C shared library rosidl_generator_py/nav_messages/nav_messages_s__rosidl_typesupport_fastrtps_c.cpython-310-x86_64-linux-gnu.so[0m
[2.880s] [ 99%] [32m[1mLinking C shared library rosidl_generator_py/nav_messages/nav_messages_s__rosidl_typesupport_introspection_c.cpython-310-x86_64-linux-gnu.so[0m
[2.887s] [100%] [32m[1mLinking C shared library rosidl_generator_py/nav_messages/nav_messages_s__rosidl_typesupport_c.cpython-310-x86_64-linux-gnu.so[0m
[2.905s] [100%] Built target nav_messages__rosidl_typesupport_fastrtps_c__pyext
[2.914s] [100%] Built target nav_messages__rosidl_typesupport_introspection_c__pyext
[2.926s] [100%] Built target nav_messages__rosidl_typesupport_c__pyext
[2.993s]   Determining projects to restore...
[3.208s]   All projects are up-to-date for restore.
[4.313s]   nav_messages_assembly_dotnetcore -> /home/ros2/tower_ws/build/nav_messages/netstandard2.0/nav_messages_assembly.dll
[4.319s] [39;49m[92m
[4.319s] Build succeeded.
[4.319s] [39;49m    0 Warning(s)
[4.319s] [39;49m    0 Error(s)
[4.319s] [39;49m
[4.319s] Time Elapsed 00:00:01.84
[4.343s] [100%] Built target nav_messages_assembly
[4.355s] Invoked command in '/home/ros2/tower_ws/build/nav_messages' returned '0': CMAKE_PREFIX_PATH=${CMAKE_PREFIX_PATH}:/home/ros2/Downloads/final-ai/install/py_fakedata:/home/ros2/Downloads/final-ai/install/py_detectionmessage:/home/ros2/Downloads/final-ai/install/py_aiproc:/opt/ros/humble /usr/bin/cmake --build /home/ros2/tower_ws/build/nav_messages -- -j24 -l24
[4.364s] Invoking command in '/home/ros2/tower_ws/build/nav_messages': CMAKE_PREFIX_PATH=${CMAKE_PREFIX_PATH}:/home/ros2/Downloads/final-ai/install/py_fakedata:/home/ros2/Downloads/final-ai/install/py_detectionmessage:/home/ros2/Downloads/final-ai/install/py_aiproc:/opt/ros/humble /usr/bin/cmake --install /home/ros2/tower_ws/build/nav_messages
[4.372s] -- Install configuration: ""
[4.372s] -- Installing: /home/ros2/tower_ws/install/nav_messages/share/ament_index/resource_index/rosidl_interfaces/nav_messages
[4.372s] -- Installing: /home/ros2/tower_ws/install/nav_messages/include/nav_messages/nav_messages
[4.373s] -- Installing: /home/ros2/tower_ws/install/nav_messages/include/nav_messages/nav_messages/msg
[4.373s] -- Installing: /home/ros2/tower_ws/install/nav_messages/include/nav_messages/nav_messages/msg/radar_fft_data_message.h
[4.373s] -- Installing: /home/ros2/tower_ws/install/nav_messages/include/nav_messages/nav_messages/msg/rosidl_generator_c__visibility_control.h
[4.373s] -- Installing: /home/ros2/tower_ws/install/nav_messages/include/nav_messages/nav_messages/msg/camera_configuration_message.h
[4.373s] -- Installing: /home/ros2/tower_ws/install/nav_messages/include/nav_messages/nav_messages/msg/detail
[4.373s] -- Installing: /home/ros2/tower_ws/install/nav_messages/include/nav_messages/nav_messages/msg/detail/radar_configuration_message__type_support.h
[4.373s] -- Installing: /home/ros2/tower_ws/install/nav_messages/include/nav_messages/nav_messages/msg/detail/camera_configuration_message__functions.h
[4.373s] -- Installing: /home/ros2/tower_ws/install/nav_messages/include/nav_messages/nav_messages/msg/detail/radar_configuration_message__functions.h
[4.373s] -- Installing: /home/ros2/tower_ws/install/nav_messages/include/nav_messages/nav_messages/msg/detail/radar_configuration_message__functions.c
[4.374s] -- Installing: /home/ros2/tower_ws/install/nav_messages/include/nav_messages/nav_messages/msg/detail/camera_configuration_message__functions.c
[4.374s] -- Installing: /home/ros2/tower_ws/install/nav_messages/include/nav_messages/nav_messages/msg/detail/camera_configuration_message__type_support.h
[4.374s] -- Installing: /home/ros2/tower_ws/install/nav_messages/include/nav_messages/nav_messages/msg/detail/radar_fft_data_message__functions.h
[4.374s] -- Installing: /home/ros2/tower_ws/install/nav_messages/include/nav_messages/nav_messages/msg/detail/radar_fft_data_message__type_support.h
[4.374s] -- Installing: /home/ros2/tower_ws/install/nav_messages/include/nav_messages/nav_messages/msg/detail/radar_fft_data_message__struct.h
[4.374s] -- Installing: /home/ros2/tower_ws/install/nav_messages/include/nav_messages/nav_messages/msg/detail/radar_fft_data_message__functions.c
[4.374s] -- Installing: /home/ros2/tower_ws/install/nav_messages/include/nav_messages/nav_messages/msg/detail/camera_configuration_message__struct.h
[4.374s] -- Installing: /home/ros2/tower_ws/install/nav_messages/include/nav_messages/nav_messages/msg/detail/radar_configuration_message__struct.h
[4.374s] -- Installing: /home/ros2/tower_ws/install/nav_messages/include/nav_messages/nav_messages/msg/radar_configuration_message.h
[4.374s] -- Installing: /home/ros2/tower_ws/install/nav_messages/share/nav_messages/environment/library_path.sh
[4.374s] -- Installing: /home/ros2/tower_ws/install/nav_messages/share/nav_messages/environment/library_path.dsv
[4.375s] -- Installing: /home/ros2/tower_ws/install/nav_messages/lib/libnav_messages__rosidl_generator_c.so
[4.375s] -- Set runtime path of "/home/ros2/tower_ws/install/nav_messages/lib/libnav_messages__rosidl_generator_c.so" to ""
[4.375s] -- Up-to-date: /home/ros2/tower_ws/install/nav_messages/include/nav_messages/nav_messages
[4.375s] -- Up-to-date: /home/ros2/tower_ws/install/nav_messages/include/nav_messages/nav_messages/msg
[4.375s] -- Up-to-date: /home/ros2/tower_ws/install/nav_messages/include/nav_messages/nav_messages/msg/detail
[4.375s] -- Installing: /home/ros2/tower_ws/install/nav_messages/include/nav_messages/nav_messages/msg/detail/camera_configuration_message__rosidl_typesupport_fastrtps_c.h
[4.375s] -- Installing: /home/ros2/tower_ws/install/nav_messages/include/nav_messages/nav_messages/msg/detail/radar_fft_data_message__rosidl_typesupport_fastrtps_c.h
[4.375s] -- Installing: /home/ros2/tower_ws/install/nav_messages/include/nav_messages/nav_messages/msg/detail/radar_configuration_message__rosidl_typesupport_fastrtps_c.h
[4.375s] -- Installing: /home/ros2/tower_ws/install/nav_messages/include/nav_messages/nav_messages/msg/rosidl_typesupport_fastrtps_c__visibility_control.h
[4.375s] -- Installing: /home/ros2/tower_ws/install/nav_messages/lib/libnav_messages__rosidl_typesupport_fastrtps_c.so
[4.376s] -- Set runtime path of "/home/ros2/tower_ws/install/nav_messages/lib/libnav_messages__rosidl_typesupport_fastrtps_c.so" to ""
[4.376s] -- Up-to-date: /home/ros2/tower_ws/install/nav_messages/include/nav_messages/nav_messages
[4.376s] -- Up-to-date: /home/ros2/tower_ws/install/nav_messages/include/nav_messages/nav_messages/msg
[4.376s] -- Installing: /home/ros2/tower_ws/install/nav_messages/include/nav_messages/nav_messages/msg/radar_fft_data_message.hpp
[4.376s] -- Installing: /home/ros2/tower_ws/install/nav_messages/include/nav_messages/nav_messages/msg/camera_configuration_message.hpp
[4.376s] -- Installing: /home/ros2/tower_ws/install/nav_messages/include/nav_messages/nav_messages/msg/radar_configuration_message.hpp
[4.376s] -- Up-to-date: /home/ros2/tower_ws/install/nav_messages/include/nav_messages/nav_messages/msg/detail
[4.376s] -- Installing: /home/ros2/tower_ws/install/nav_messages/include/nav_messages/nav_messages/msg/detail/radar_fft_data_message__struct.hpp
[4.376s] -- Installing: /home/ros2/tower_ws/install/nav_messages/include/nav_messages/nav_messages/msg/detail/camera_configuration_message__traits.hpp
[4.376s] -- Installing: /home/ros2/tower_ws/install/nav_messages/include/nav_messages/nav_messages/msg/detail/camera_configuration_message__type_support.hpp
[4.377s] -- Installing: /home/ros2/tower_ws/install/nav_messages/include/nav_messages/nav_messages/msg/detail/camera_configuration_message__builder.hpp
[4.377s] -- Installing: /home/ros2/tower_ws/install/nav_messages/include/nav_messages/nav_messages/msg/detail/radar_configuration_message__traits.hpp
[4.377s] -- Installing: /home/ros2/tower_ws/install/nav_messages/include/nav_messages/nav_messages/msg/detail/radar_fft_data_message__type_support.hpp
[4.377s] -- Installing: /home/ros2/tower_ws/install/nav_messages/include/nav_messages/nav_messages/msg/detail/radar_configuration_message__type_support.hpp
[4.377s] -- Installing: /home/ros2/tower_ws/install/nav_messages/include/nav_messages/nav_messages/msg/detail/radar_fft_data_message__builder.hpp
[4.377s] -- Installing: /home/ros2/tower_ws/install/nav_messages/include/nav_messages/nav_messages/msg/detail/camera_configuration_message__struct.hpp
[4.377s] -- Installing: /home/ros2/tower_ws/install/nav_messages/include/nav_messages/nav_messages/msg/detail/radar_configuration_message__builder.hpp
[4.377s] -- Installing: /home/ros2/tower_ws/install/nav_messages/include/nav_messages/nav_messages/msg/detail/radar_configuration_message__struct.hpp
[4.377s] -- Installing: /home/ros2/tower_ws/install/nav_messages/include/nav_messages/nav_messages/msg/detail/radar_fft_data_message__traits.hpp
[4.377s] -- Installing: /home/ros2/tower_ws/install/nav_messages/include/nav_messages/nav_messages/msg/rosidl_generator_cpp__visibility_control.hpp
[4.377s] -- Up-to-date: /home/ros2/tower_ws/install/nav_messages/include/nav_messages/nav_messages
[4.377s] -- Up-to-date: /home/ros2/tower_ws/install/nav_messages/include/nav_messages/nav_messages/msg
[4.378s] -- Installing: /home/ros2/tower_ws/install/nav_messages/include/nav_messages/nav_messages/msg/rosidl_typesupport_fastrtps_cpp__visibility_control.h
[4.378s] -- Up-to-date: /home/ros2/tower_ws/install/nav_messages/include/nav_messages/nav_messages/msg/detail
[4.378s] -- Installing: /home/ros2/tower_ws/install/nav_messages/include/nav_messages/nav_messages/msg/detail/radar_fft_data_message__rosidl_typesupport_fastrtps_cpp.hpp
[4.378s] -- Installing: /home/ros2/tower_ws/install/nav_messages/include/nav_messages/nav_messages/msg/detail/radar_configuration_message__rosidl_typesupport_fastrtps_cpp.hpp
[4.378s] -- Installing: /home/ros2/tower_ws/install/nav_messages/include/nav_messages/nav_messages/msg/detail/camera_configuration_message__rosidl_typesupport_fastrtps_cpp.hpp
[4.378s] -- Installing: /home/ros2/tower_ws/install/nav_messages/include/nav_messages/nav_messages/msg/detail/dds_fastrtps
[4.378s] -- Installing: /home/ros2/tower_ws/install/nav_messages/lib/libnav_messages__rosidl_typesupport_fastrtps_cpp.so
[4.378s] -- Set runtime path of "/home/ros2/tower_ws/install/nav_messages/lib/libnav_messages__rosidl_typesupport_fastrtps_cpp.so" to ""
[4.378s] -- Up-to-date: /home/ros2/tower_ws/install/nav_messages/include/nav_messages/nav_messages
[4.378s] -- Up-to-date: /home/ros2/tower_ws/install/nav_messages/include/nav_messages/nav_messages/msg
[4.379s] -- Installing: /home/ros2/tower_ws/install/nav_messages/include/nav_messages/nav_messages/msg/rosidl_typesupport_introspection_c__visibility_control.h
[4.379s] -- Up-to-date: /home/ros2/tower_ws/install/nav_messages/include/nav_messages/nav_messages/msg/detail
[4.379s] -- Installing: /home/ros2/tower_ws/install/nav_messages/include/nav_messages/nav_messages/msg/detail/radar_configuration_message__rosidl_typesupport_introspection_c.h
[4.379s] -- Installing: /home/ros2/tower_ws/install/nav_messages/include/nav_messages/nav_messages/msg/detail/camera_configuration_message__rosidl_typesupport_introspection_c.h
[4.379s] -- Installing: /home/ros2/tower_ws/install/nav_messages/include/nav_messages/nav_messages/msg/detail/radar_configuration_message__type_support.c
[4.379s] -- Installing: /home/ros2/tower_ws/install/nav_messages/include/nav_messages/nav_messages/msg/detail/radar_fft_data_message__rosidl_typesupport_introspection_c.h
[4.379s] -- Installing: /home/ros2/tower_ws/install/nav_messages/include/nav_messages/nav_messages/msg/detail/camera_configuration_message__type_support.c
[4.379s] -- Installing: /home/ros2/tower_ws/install/nav_messages/include/nav_messages/nav_messages/msg/detail/radar_fft_data_message__type_support.c
[4.379s] -- Installing: /home/ros2/tower_ws/install/nav_messages/lib/libnav_messages__rosidl_typesupport_introspection_c.so
[4.379s] -- Set runtime path of "/home/ros2/tower_ws/install/nav_messages/lib/libnav_messages__rosidl_typesupport_introspection_c.so" to ""
[4.380s] -- Installing: /home/ros2/tower_ws/install/nav_messages/lib/libnav_messages__rosidl_typesupport_c.so
[4.380s] -- Set runtime path of "/home/ros2/tower_ws/install/nav_messages/lib/libnav_messages__rosidl_typesupport_c.so" to ""
[4.380s] -- Up-to-date: /home/ros2/tower_ws/install/nav_messages/include/nav_messages/nav_messages
[4.380s] -- Up-to-date: /home/ros2/tower_ws/install/nav_messages/include/nav_messages/nav_messages/msg
[4.380s] -- Up-to-date: /home/ros2/tower_ws/install/nav_messages/include/nav_messages/nav_messages/msg/detail
[4.380s] -- Installing: /home/ros2/tower_ws/install/nav_messages/include/nav_messages/nav_messages/msg/detail/radar_configuration_message__type_support.cpp
[4.380s] -- Installing: /home/ros2/tower_ws/install/nav_messages/include/nav_messages/nav_messages/msg/detail/radar_fft_data_message__type_support.cpp
[4.380s] -- Installing: /home/ros2/tower_ws/install/nav_messages/include/nav_messages/nav_messages/msg/detail/camera_configuration_message__rosidl_typesupport_introspection_cpp.hpp
[4.380s] -- Installing: /home/ros2/tower_ws/install/nav_messages/include/nav_messages/nav_messages/msg/detail/radar_fft_data_message__rosidl_typesupport_introspection_cpp.hpp
[4.380s] -- Installing: /home/ros2/tower_ws/install/nav_messages/include/nav_messages/nav_messages/msg/detail/camera_configuration_message__type_support.cpp
[4.380s] -- Installing: /home/ros2/tower_ws/install/nav_messages/include/nav_messages/nav_messages/msg/detail/radar_configuration_message__rosidl_typesupport_introspection_cpp.hpp
[4.381s] -- Installing: /home/ros2/tower_ws/install/nav_messages/lib/libnav_messages__rosidl_typesupport_introspection_cpp.so
[4.381s] -- Set runtime path of "/home/ros2/tower_ws/install/nav_messages/lib/libnav_messages__rosidl_typesupport_introspection_cpp.so" to ""
[4.381s] -- Installing: /home/ros2/tower_ws/install/nav_messages/lib/libnav_messages__rosidl_typesupport_cpp.so
[4.381s] -- Set runtime path of "/home/ros2/tower_ws/install/nav_messages/lib/libnav_messages__rosidl_typesupport_cpp.so" to ""
[4.381s] -- Installing: /home/ros2/tower_ws/install/nav_messages/lib/libnav_messages_radar_configuration_message__rosidl_typesupport_c_native.so
[4.381s] -- Set runtime path of "/home/ros2/tower_ws/install/nav_messages/lib/libnav_messages_radar_configuration_message__rosidl_typesupport_c_native.so" to ""
[4.381s] -- Installing: /home/ros2/tower_ws/install/nav_messages/lib/libnav_messages_radar_configuration_message__rosidl_typesupport_introspection_c_native.so
[4.382s] -- Set runtime path of "/home/ros2/tower_ws/install/nav_messages/lib/libnav_messages_radar_configuration_message__rosidl_typesupport_introspection_c_native.so" to ""
[4.382s] -- Installing: /home/ros2/tower_ws/install/nav_messages/lib/libnav_messages_radar_configuration_message__rosidl_typesupport_fastrtps_c_native.so
[4.382s] -- Set runtime path of "/home/ros2/tower_ws/install/nav_messages/lib/libnav_messages_radar_configuration_message__rosidl_typesupport_fastrtps_c_native.so" to ""
[4.382s] -- Installing: /home/ros2/tower_ws/install/nav_messages/lib/libnav_messages_radar_fft_data_message__rosidl_typesupport_c_native.so
[4.382s] -- Set runtime path of "/home/ros2/tower_ws/install/nav_messages/lib/libnav_messages_radar_fft_data_message__rosidl_typesupport_c_native.so" to ""
[4.382s] -- Installing: /home/ros2/tower_ws/install/nav_messages/lib/libnav_messages_radar_fft_data_message__rosidl_typesupport_introspection_c_native.so
[4.383s] -- Set runtime path of "/home/ros2/tower_ws/install/nav_messages/lib/libnav_messages_radar_fft_data_message__rosidl_typesupport_introspection_c_native.so" to ""
[4.383s] -- Installing: /home/ros2/tower_ws/install/nav_messages/lib/libnav_messages_radar_fft_data_message__rosidl_typesupport_fastrtps_c_native.so
[4.383s] -- Set runtime path of "/home/ros2/tower_ws/install/nav_messages/lib/libnav_messages_radar_fft_data_message__rosidl_typesupport_fastrtps_c_native.so" to ""
[4.383s] -- Installing: /home/ros2/tower_ws/install/nav_messages/lib/libnav_messages_camera_configuration_message__rosidl_typesupport_c_native.so
[4.383s] -- Set runtime path of "/home/ros2/tower_ws/install/nav_messages/lib/libnav_messages_camera_configuration_message__rosidl_typesupport_c_native.so" to ""
[4.383s] -- Installing: /home/ros2/tower_ws/install/nav_messages/lib/libnav_messages_camera_configuration_message__rosidl_typesupport_introspection_c_native.so
[4.383s] -- Set runtime path of "/home/ros2/tower_ws/install/nav_messages/lib/libnav_messages_camera_configuration_message__rosidl_typesupport_introspection_c_native.so" to ""
[4.383s] -- Installing: /home/ros2/tower_ws/install/nav_messages/lib/libnav_messages_camera_configuration_message__rosidl_typesupport_fastrtps_c_native.so
[4.383s] -- Set runtime path of "/home/ros2/tower_ws/install/nav_messages/lib/libnav_messages_camera_configuration_message__rosidl_typesupport_fastrtps_c_native.so" to ""
[4.384s] -- Installing: /home/ros2/tower_ws/install/nav_messages/lib/dotnet
[4.384s] -- Installing: /home/ros2/tower_ws/install/nav_messages/lib/dotnet/std_msgs_assembly.dll
[4.384s] -- Installing: /home/ros2/tower_ws/install/nav_messages/lib/dotnet/nav_messages_assembly.dll
[4.384s] -- Installing: /home/ros2/tower_ws/install/nav_messages/lib/dotnet/builtin_interfaces_assembly.dll
[4.384s] -- Installing: /home/ros2/tower_ws/install/nav_messages/lib/dotnet/nav_messages_assembly.deps.json
[4.384s] -- Installing: /home/ros2/tower_ws/install/nav_messages/lib/dotnet/ros2cs_common.dll
[4.384s] -- Installing: /home/ros2/tower_ws/install/nav_messages/share/nav_messages/environment/pythonpath.sh
[4.384s] -- Installing: /home/ros2/tower_ws/install/nav_messages/share/nav_messages/environment/pythonpath.dsv
[4.384s] -- Installing: /home/ros2/tower_ws/install/nav_messages/local/lib/python3.10/dist-packages/nav_messages-1.0.0-py3.10.egg-info
[4.384s] -- Installing: /home/ros2/tower_ws/install/nav_messages/local/lib/python3.10/dist-packages/nav_messages-1.0.0-py3.10.egg-info/dependency_links.txt
[4.384s] -- Installing: /home/ros2/tower_ws/install/nav_messages/local/lib/python3.10/dist-packages/nav_messages-1.0.0-py3.10.egg-info/PKG-INFO
[4.384s] -- Installing: /home/ros2/tower_ws/install/nav_messages/local/lib/python3.10/dist-packages/nav_messages-1.0.0-py3.10.egg-info/top_level.txt
[4.384s] -- Installing: /home/ros2/tower_ws/install/nav_messages/local/lib/python3.10/dist-packages/nav_messages-1.0.0-py3.10.egg-info/SOURCES.txt
[4.385s] -- Installing: /home/ros2/tower_ws/install/nav_messages/local/lib/python3.10/dist-packages/nav_messages
[4.385s] -- Installing: /home/ros2/tower_ws/install/nav_messages/local/lib/python3.10/dist-packages/nav_messages/nav_messages_s__rosidl_typesupport_introspection_c.cpython-310-x86_64-linux-gnu.so
[4.385s] -- Installing: /home/ros2/tower_ws/install/nav_messages/local/lib/python3.10/dist-packages/nav_messages/nav_messages_s__rosidl_typesupport_c.cpython-310-x86_64-linux-gnu.so
[4.385s] -- Installing: /home/ros2/tower_ws/install/nav_messages/local/lib/python3.10/dist-packages/nav_messages/_nav_messages_s.ep.rosidl_typesupport_fastrtps_c.c
[4.385s] -- Installing: /home/ros2/tower_ws/install/nav_messages/local/lib/python3.10/dist-packages/nav_messages/_nav_messages_s.ep.rosidl_typesupport_introspection_c.c
[4.385s] -- Installing: /home/ros2/tower_ws/install/nav_messages/local/lib/python3.10/dist-packages/nav_messages/nav_messages_s__rosidl_typesupport_fastrtps_c.cpython-310-x86_64-linux-gnu.so
[4.385s] -- Installing: /home/ros2/tower_ws/install/nav_messages/local/lib/python3.10/dist-packages/nav_messages/__init__.py
[4.385s] -- Installing: /home/ros2/tower_ws/install/nav_messages/local/lib/python3.10/dist-packages/nav_messages/msg
[4.385s] -- Installing: /home/ros2/tower_ws/install/nav_messages/local/lib/python3.10/dist-packages/nav_messages/msg/_camera_configuration_message.py
[4.385s] -- Installing: /home/ros2/tower_ws/install/nav_messages/local/lib/python3.10/dist-packages/nav_messages/msg/_radar_configuration_message_s.c
[4.385s] -- Installing: /home/ros2/tower_ws/install/nav_messages/local/lib/python3.10/dist-packages/nav_messages/msg/_camera_configuration_message_s.c
[4.385s] -- Installing: /home/ros2/tower_ws/install/nav_messages/local/lib/python3.10/dist-packages/nav_messages/msg/_radar_fft_data_message.py
[4.385s] -- Installing: /home/ros2/tower_ws/install/nav_messages/local/lib/python3.10/dist-packages/nav_messages/msg/__init__.py
[4.385s] -- Installing: /home/ros2/tower_ws/install/nav_messages/local/lib/python3.10/dist-packages/nav_messages/msg/_radar_configuration_message.py
[4.386s] -- Installing: /home/ros2/tower_ws/install/nav_messages/local/lib/python3.10/dist-packages/nav_messages/msg/_radar_fft_data_message_s.c
[4.386s] -- Installing: /home/ros2/tower_ws/install/nav_messages/local/lib/python3.10/dist-packages/nav_messages/libnav_messages__rosidl_generator_py.so
[4.386s] -- Installing: /home/ros2/tower_ws/install/nav_messages/local/lib/python3.10/dist-packages/nav_messages/_nav_messages_s.ep.rosidl_typesupport_c.c
[4.414s] Listing '/home/ros2/tower_ws/install/nav_messages/local/lib/python3.10/dist-packages/nav_messages'...
[4.414s] Compiling '/home/ros2/tower_ws/install/nav_messages/local/lib/python3.10/dist-packages/nav_messages/__init__.py'...
[4.414s] Listing '/home/ros2/tower_ws/install/nav_messages/local/lib/python3.10/dist-packages/nav_messages/msg'...
[4.414s] Compiling '/home/ros2/tower_ws/install/nav_messages/local/lib/python3.10/dist-packages/nav_messages/msg/__init__.py'...
[4.414s] Compiling '/home/ros2/tower_ws/install/nav_messages/local/lib/python3.10/dist-packages/nav_messages/msg/_camera_configuration_message.py'...
[4.414s] Compiling '/home/ros2/tower_ws/install/nav_messages/local/lib/python3.10/dist-packages/nav_messages/msg/_radar_configuration_message.py'...
[4.414s] Compiling '/home/ros2/tower_ws/install/nav_messages/local/lib/python3.10/dist-packages/nav_messages/msg/_radar_fft_data_message.py'...
[4.418s] -- Installing: /home/ros2/tower_ws/install/nav_messages/local/lib/python3.10/dist-packages/nav_messages/nav_messages_s__rosidl_typesupport_fastrtps_c.cpython-310-x86_64-linux-gnu.so
[4.418s] -- Set runtime path of "/home/ros2/tower_ws/install/nav_messages/local/lib/python3.10/dist-packages/nav_messages/nav_messages_s__rosidl_typesupport_fastrtps_c.cpython-310-x86_64-linux-gnu.so" to ""
[4.418s] -- Installing: /home/ros2/tower_ws/install/nav_messages/local/lib/python3.10/dist-packages/nav_messages/nav_messages_s__rosidl_typesupport_introspection_c.cpython-310-x86_64-linux-gnu.so
[4.418s] -- Set runtime path of "/home/ros2/tower_ws/install/nav_messages/local/lib/python3.10/dist-packages/nav_messages/nav_messages_s__rosidl_typesupport_introspection_c.cpython-310-x86_64-linux-gnu.so" to ""
[4.418s] -- Installing: /home/ros2/tower_ws/install/nav_messages/local/lib/python3.10/dist-packages/nav_messages/nav_messages_s__rosidl_typesupport_c.cpython-310-x86_64-linux-gnu.so
[4.419s] -- Set runtime path of "/home/ros2/tower_ws/install/nav_messages/local/lib/python3.10/dist-packages/nav_messages/nav_messages_s__rosidl_typesupport_c.cpython-310-x86_64-linux-gnu.so" to ""
[4.419s] -- Installing: /home/ros2/tower_ws/install/nav_messages/lib/libnav_messages__rosidl_generator_py.so
[4.419s] -- Set runtime path of "/home/ros2/tower_ws/install/nav_messages/lib/libnav_messages__rosidl_generator_py.so" to ""
[4.419s] -- Installing: /home/ros2/tower_ws/install/nav_messages/share/ament_index/resource_index/rust_packages/nav_messages
[4.419s] -- Installing: /home/ros2/tower_ws/install/nav_messages/share/nav_messages/rust
[4.420s] -- Installing: /home/ros2/tower_ws/install/nav_messages/share/nav_messages/rust/build.rs
[4.420s] -- Installing: /home/ros2/tower_ws/install/nav_messages/share/nav_messages/rust/src
[4.420s] -- Installing: /home/ros2/tower_ws/install/nav_messages/share/nav_messages/rust/src/msg.rs
[4.420s] -- Installing: /home/ros2/tower_ws/install/nav_messages/share/nav_messages/rust/src/lib.rs
[4.420s] -- Installing: /home/ros2/tower_ws/install/nav_messages/share/nav_messages/rust/src/msg
[4.420s] -- Installing: /home/ros2/tower_ws/install/nav_messages/share/nav_messages/rust/src/msg/rmw.rs
[4.420s] -- Installing: /home/ros2/tower_ws/install/nav_messages/share/nav_messages/rust/Cargo.toml
[4.420s] -- Installing: /home/ros2/tower_ws/install/nav_messages/share/nav_messages/msg/RadarConfigurationMessage.idl
[4.420s] -- Installing: /home/ros2/tower_ws/install/nav_messages/share/nav_messages/msg/RadarFftDataMessage.idl
[4.420s] -- Installing: /home/ros2/tower_ws/install/nav_messages/share/nav_messages/msg/CameraConfigurationMessage.idl
[4.420s] -- Installing: /home/ros2/tower_ws/install/nav_messages/share/nav_messages/msg/RadarConfigurationMessage.msg
[4.421s] -- Installing: /home/ros2/tower_ws/install/nav_messages/share/nav_messages/msg/RadarFftDataMessage.msg
[4.421s] -- Installing: /home/ros2/tower_ws/install/nav_messages/share/nav_messages/msg/CameraConfigurationMessage.msg
[4.421s] -- Installing: /home/ros2/tower_ws/install/nav_messages/share/ament_index/resource_index/package_run_dependencies/nav_messages
[4.421s] -- Installing: /home/ros2/tower_ws/install/nav_messages/share/ament_index/resource_index/parent_prefix_path/nav_messages
[4.421s] -- Installing: /home/ros2/tower_ws/install/nav_messages/share/nav_messages/environment/ament_prefix_path.sh
[4.421s] -- Installing: /home/ros2/tower_ws/install/nav_messages/share/nav_messages/environment/ament_prefix_path.dsv
[4.421s] -- Installing: /home/ros2/tower_ws/install/nav_messages/share/nav_messages/environment/path.sh
[4.421s] -- Installing: /home/ros2/tower_ws/install/nav_messages/share/nav_messages/environment/path.dsv
[4.422s] -- Installing: /home/ros2/tower_ws/install/nav_messages/share/nav_messages/local_setup.bash
[4.422s] -- Installing: /home/ros2/tower_ws/install/nav_messages/share/nav_messages/local_setup.sh
[4.422s] -- Installing: /home/ros2/tower_ws/install/nav_messages/share/nav_messages/local_setup.zsh
[4.422s] -- Installing: /home/ros2/tower_ws/install/nav_messages/share/nav_messages/local_setup.dsv
[4.422s] -- Installing: /home/ros2/tower_ws/install/nav_messages/share/nav_messages/package.dsv
[4.422s] -- Installing: /home/ros2/tower_ws/install/nav_messages/share/ament_index/resource_index/packages/nav_messages
[4.422s] -- Installing: /home/ros2/tower_ws/install/nav_messages/share/nav_messages/cmake/export_nav_messages__rosidl_generator_cExport.cmake
[4.422s] -- Installing: /home/ros2/tower_ws/install/nav_messages/share/nav_messages/cmake/export_nav_messages__rosidl_generator_cExport-noconfig.cmake
[4.423s] -- Installing: /home/ros2/tower_ws/install/nav_messages/share/nav_messages/cmake/export_nav_messages__rosidl_typesupport_fastrtps_cExport.cmake
[4.423s] -- Installing: /home/ros2/tower_ws/install/nav_messages/share/nav_messages/cmake/export_nav_messages__rosidl_typesupport_fastrtps_cExport-noconfig.cmake
[4.423s] -- Installing: /home/ros2/tower_ws/install/nav_messages/share/nav_messages/cmake/export_nav_messages__rosidl_generator_cppExport.cmake
[4.423s] -- Installing: /home/ros2/tower_ws/install/nav_messages/share/nav_messages/cmake/export_nav_messages__rosidl_typesupport_fastrtps_cppExport.cmake
[4.423s] -- Installing: /home/ros2/tower_ws/install/nav_messages/share/nav_messages/cmake/export_nav_messages__rosidl_typesupport_fastrtps_cppExport-noconfig.cmake
[4.423s] -- Installing: /home/ros2/tower_ws/install/nav_messages/share/nav_messages/cmake/nav_messages__rosidl_typesupport_introspection_cExport.cmake
[4.423s] -- Installing: /home/ros2/tower_ws/install/nav_messages/share/nav_messages/cmake/nav_messages__rosidl_typesupport_introspection_cExport-noconfig.cmake
[4.423s] -- Installing: /home/ros2/tower_ws/install/nav_messages/share/nav_messages/cmake/nav_messages__rosidl_typesupport_cExport.cmake
[4.424s] -- Installing: /home/ros2/tower_ws/install/nav_messages/share/nav_messages/cmake/nav_messages__rosidl_typesupport_cExport-noconfig.cmake
[4.424s] -- Installing: /home/ros2/tower_ws/install/nav_messages/share/nav_messages/cmake/nav_messages__rosidl_typesupport_introspection_cppExport.cmake
[4.424s] -- Installing: /home/ros2/tower_ws/install/nav_messages/share/nav_messages/cmake/nav_messages__rosidl_typesupport_introspection_cppExport-noconfig.cmake
[4.424s] -- Installing: /home/ros2/tower_ws/install/nav_messages/share/nav_messages/cmake/nav_messages__rosidl_typesupport_cppExport.cmake
[4.424s] -- Installing: /home/ros2/tower_ws/install/nav_messages/share/nav_messages/cmake/nav_messages__rosidl_typesupport_cppExport-noconfig.cmake
[4.424s] -- Installing: /home/ros2/tower_ws/install/nav_messages/share/nav_messages/cmake/export_nav_messages__rosidl_generator_pyExport.cmake
[4.424s] -- Installing: /home/ros2/tower_ws/install/nav_messages/share/nav_messages/cmake/export_nav_messages__rosidl_generator_pyExport-noconfig.cmake
[4.424s] -- Installing: /home/ros2/tower_ws/install/nav_messages/share/nav_messages/cmake/rosidl_cmake-extras.cmake
[4.424s] -- Installing: /home/ros2/tower_ws/install/nav_messages/share/nav_messages/cmake/ament_cmake_export_dependencies-extras.cmake
[4.425s] -- Installing: /home/ros2/tower_ws/install/nav_messages/share/nav_messages/cmake/ament_cmake_export_include_directories-extras.cmake
[4.425s] -- Installing: /home/ros2/tower_ws/install/nav_messages/share/nav_messages/cmake/ament_cmake_export_libraries-extras.cmake
[4.425s] -- Installing: /home/ros2/tower_ws/install/nav_messages/share/nav_messages/cmake/ament_cmake_export_targets-extras.cmake
[4.425s] -- Installing: /home/ros2/tower_ws/install/nav_messages/share/nav_messages/cmake/rosidl_cmake_export_typesupport_targets-extras.cmake
[4.425s] -- Installing: /home/ros2/tower_ws/install/nav_messages/share/nav_messages/cmake/rosidl_cmake_export_typesupport_libraries-extras.cmake
[4.425s] -- Installing: /home/ros2/tower_ws/install/nav_messages/share/nav_messages/cmake/ament_cmake_export_assemblies-extras.cmake
[4.425s] -- Installing: /home/ros2/tower_ws/install/nav_messages/share/nav_messages/cmake/rosidl_cmake_aggregate_target-extras.cmake
[4.425s] -- Installing: /home/ros2/tower_ws/install/nav_messages/share/nav_messages/cmake/nav_messagesConfig.cmake
[4.425s] -- Installing: /home/ros2/tower_ws/install/nav_messages/share/nav_messages/cmake/nav_messagesConfig-version.cmake
[4.426s] -- Installing: /home/ros2/tower_ws/install/nav_messages/share/nav_messages/package.xml
[4.428s] Invoked command in '/home/ros2/tower_ws/build/nav_messages' returned '0': CMAKE_PREFIX_PATH=${CMAKE_PREFIX_PATH}:/home/ros2/Downloads/final-ai/install/py_fakedata:/home/ros2/Downloads/final-ai/install/py_detectionmessage:/home/ros2/Downloads/final-ai/install/py_aiproc:/opt/ros/humble /usr/bin/cmake --install /home/ros2/tower_ws/build/nav_messages
