-- The C compiler identification is GNU 11.4.0
-- The CXX compiler identification is GNU 11.4.0
-- Detecting C compiler ABI info
-- Detecting C compiler ABI info - done
-- Check for working C compiler: /usr/bin/cc - skipped
-- Detecting C compile features
-- Detecting C compile features - done
-- Detecting CXX compiler ABI info
-- Detecting CXX compiler ABI info - done
-- Check for working CXX compiler: /usr/bin/c++ - skipped
-- Detecting CXX compile features
-- Detecting CXX compile features - done
-- Found ament_cmake: 1.3.14 (/opt/ros/humble/share/ament_cmake/cmake)
-- Found Python3: /usr/bin/python3 (found version "3.10.12") found components: Interpreter 
-- Found rclcpp: 16.0.19 (/opt/ros/humble/share/rclcpp/cmake)
-- Found rosidl_generator_c: 3.1.9 (/opt/ros/humble/share/rosidl_generator_c/cmake)
-- Found rosidl_adapter: 3.1.9 (/opt/ros/humble/share/rosidl_adapter/cmake)
-- Found rosidl_generator_cpp: 3.1.9 (/opt/ros/humble/share/rosidl_generator_cpp/cmake)
-- Using all available rosidl_typesupport_c: rosidl_typesupport_fastrtps_c;rosidl_typesupport_introspection_c
-- Using all available rosidl_typesupport_cpp: rosidl_typesupport_fastrtps_cpp;rosidl_typesupport_introspection_cpp
-- Found rmw_implementation_cmake: 6.1.3 (/opt/ros/humble/share/rmw_implementation_cmake/cmake)
-- Found rmw_fastrtps_cpp: 6.2.10 (/opt/ros/humble/share/rmw_fastrtps_cpp/cmake)
-- Found OpenSSL: /usr/lib/x86_64-linux-gnu/libcrypto.so (found version "3.0.2")  
-- Found FastRTPS: /opt/ros/humble/include  
-- Using RMW implementation 'rmw_fastrtps_cpp' as default
-- Looking for pthread.h
-- Looking for pthread.h - found
-- Performing Test CMAKE_HAVE_LIBC_PTHREAD
-- Performing Test CMAKE_HAVE_LIBC_PTHREAD - Success
-- Found Threads: TRUE  
-- Found nav_messages: 1.0.0 (/home/ros2/tower_ws/install/nav_messages/share/nav_messages/cmake)
-- Found sensor_msgs: 4.9.0 (/home/ros2/Downloads/ros2cs/install/share/sensor_msgs/cmake)
-- Found OpenCV: /usr (found suitable version "4.5.4", minimum required is "4.2.0") 
-- Configuring done
-- Generating done
-- Build files have been written to: /home/ros2/tower_ws/build/nav_camera
[ 25%] [32mBuilding CXX object CMakeFiles/video_capture_manager.dir/src/common/video_capture_manager_main.cpp.o[0m
[ 25%] [32mBuilding CXX object CMakeFiles/camera_subscriber_to_video.dir/src/subscribers/camera_subscriber_to_video_main.cpp.o[0m
[ 25%] [32mBuilding CXX object CMakeFiles/camera_subscriber_to_video.dir/src/subscribers/camera_subscriber_to_video.cpp.o[0m
[ 33%] [32mBuilding CXX object CMakeFiles/video_capture_manager.dir/src/common/video_capture_manager.cpp.o[0m
[ 50%] [32mBuilding CXX object CMakeFiles/camera_subscriber.dir/src/subscribers/camera_subscriber_main.cpp.o[0m
[ 50%] [32mBuilding CXX object CMakeFiles/camera_publisher.dir/src/publishers/camera_publisher_main.cpp.o[0m
[ 66%] [32mBuilding CXX object CMakeFiles/camera_publisher.dir/src/publishers/camera_publisher.cpp.o[0m
[ 66%] [32mBuilding CXX object CMakeFiles/camera_subscriber.dir/src/subscribers/camera_subscriber.cpp.o[0m
[ 75%] [32m[1mLinking CXX executable video_capture_manager[0m
[ 75%] Built target video_capture_manager
[ 83%] [32m[1mLinking CXX executable camera_publisher[0m
[ 83%] Built target camera_publisher
[ 91%] [32m[1mLinking CXX executable camera_subscriber_to_video[0m
[100%] [32m[1mLinking CXX executable camera_subscriber[0m
[100%] Built target camera_subscriber_to_video
[100%] Built target camera_subscriber
-- Install configuration: ""
-- Installing: /home/ros2/tower_ws/install/nav_camera/lib/nav_camera/video_capture_manager
-- Set runtime path of "/home/ros2/tower_ws/install/nav_camera/lib/nav_camera/video_capture_manager" to ""
-- Installing: /home/ros2/tower_ws/install/nav_camera/lib/nav_camera/camera_publisher
-- Set runtime path of "/home/ros2/tower_ws/install/nav_camera/lib/nav_camera/camera_publisher" to ""
-- Installing: /home/ros2/tower_ws/install/nav_camera/lib/nav_camera/camera_subscriber
-- Set runtime path of "/home/ros2/tower_ws/install/nav_camera/lib/nav_camera/camera_subscriber" to ""
-- Installing: /home/ros2/tower_ws/install/nav_camera/lib/nav_camera/camera_subscriber_to_video
-- Set runtime path of "/home/ros2/tower_ws/install/nav_camera/lib/nav_camera/camera_subscriber_to_video" to ""
-- Installing: /home/ros2/tower_ws/install/nav_camera/share/ament_index/resource_index/package_run_dependencies/nav_camera
-- Installing: /home/ros2/tower_ws/install/nav_camera/share/ament_index/resource_index/parent_prefix_path/nav_camera
-- Installing: /home/ros2/tower_ws/install/nav_camera/share/nav_camera/environment/ament_prefix_path.sh
-- Installing: /home/ros2/tower_ws/install/nav_camera/share/nav_camera/environment/ament_prefix_path.dsv
-- Installing: /home/ros2/tower_ws/install/nav_camera/share/nav_camera/environment/path.sh
-- Installing: /home/ros2/tower_ws/install/nav_camera/share/nav_camera/environment/path.dsv
-- Installing: /home/ros2/tower_ws/install/nav_camera/share/nav_camera/local_setup.bash
-- Installing: /home/ros2/tower_ws/install/nav_camera/share/nav_camera/local_setup.sh
-- Installing: /home/ros2/tower_ws/install/nav_camera/share/nav_camera/local_setup.zsh
-- Installing: /home/ros2/tower_ws/install/nav_camera/share/nav_camera/local_setup.dsv
-- Installing: /home/ros2/tower_ws/install/nav_camera/share/nav_camera/package.dsv
-- Installing: /home/ros2/tower_ws/install/nav_camera/share/ament_index/resource_index/packages/nav_camera
-- Installing: /home/ros2/tower_ws/install/nav_camera/share/nav_camera/cmake/nav_cameraConfig.cmake
-- Installing: /home/ros2/tower_ws/install/nav_camera/share/nav_camera/cmake/nav_cameraConfig-version.cmake
-- Installing: /home/ros2/tower_ws/install/nav_camera/share/nav_camera/package.xml
