[0.022s] Invoking command in '/home/ros2/tower_ws/build/nav_messages': CMAKE_PREFIX_PATH=${CMAKE_PREFIX_PATH}:/home/ros2/Downloads/final-ai/install/py_fakedata:/home/ros2/Downloads/final-ai/install/py_detectionmessage:/home/ros2/Downloads/final-ai/install/py_aiproc:/opt/ros/humble /usr/bin/cmake --build /home/ros2/tower_ws/build/nav_messages -- -j24 -l24
[0.077s] [  1%] Built target nav_messages__cs
[0.077s] [  1%] Built target nav_messages__cpp
[0.077s] [  2%] Built target nav_messages__rs
[0.082s] [  3%] [32mBuilding C object CMakeFiles/nav_messages__rosidl_generator_c.dir/rosidl_generator_c/nav_messages/msg/detail/radar_configuration_message__functions.c.o[0m
[0.083s] [  4%] [32mBuilding C object CMakeFiles/nav_messages__rosidl_generator_c.dir/rosidl_generator_c/nav_messages/msg/detail/camera_configuration_message__functions.c.o[0m
[0.085s] [  4%] Built target ament_cmake_python_copy_nav_messages
[0.089s] [  5%] [32mBuilding C object CMakeFiles/nav_messages__rosidl_generator_c.dir/rosidl_generator_c/nav_messages/msg/detail/radar_fft_data_message__functions.c.o[0m
[0.096s] [  6%] [34m[1m/usr/bin/cmake;-version;/usr/bin/dotnet restore nav_messages_assembly_dotnetcore.csproj;          /usr/bin/dotnet build nav_messages_assembly_dotnetcore.csproj -> /home/ros2/tower_ws/build/nav_messages/nav_messages_assembly[0m
[0.101s] [  7%] [32mBuilding CXX object CMakeFiles/nav_messages__rosidl_typesupport_fastrtps_cpp.dir/rosidl_typesupport_fastrtps_cpp/nav_messages/msg/detail/dds_fastrtps/radar_fft_data_message__type_support.cpp.o[0m
[0.101s] [  8%] [32mBuilding CXX object CMakeFiles/nav_messages__rosidl_typesupport_fastrtps_cpp.dir/rosidl_typesupport_fastrtps_cpp/nav_messages/msg/detail/dds_fastrtps/camera_configuration_message__type_support.cpp.o[0m
[0.101s] [  9%] [32mBuilding CXX object CMakeFiles/nav_messages__rosidl_typesupport_fastrtps_cpp.dir/rosidl_typesupport_fastrtps_cpp/nav_messages/msg/detail/dds_fastrtps/radar_configuration_message__type_support.cpp.o[0m
[0.101s] [ 10%] [32mBuilding CXX object CMakeFiles/nav_messages__rosidl_typesupport_introspection_cpp.dir/rosidl_typesupport_introspection_cpp/nav_messages/msg/detail/radar_configuration_message__type_support.cpp.o[0m
[0.102s] [ 12%] [32mBuilding CXX object CMakeFiles/nav_messages__rosidl_typesupport_introspection_cpp.dir/rosidl_typesupport_introspection_cpp/nav_messages/msg/detail/radar_fft_data_message__type_support.cpp.o[0m
[0.107s] [ 11%] [32mBuilding CXX object CMakeFiles/nav_messages__rosidl_typesupport_introspection_cpp.dir/rosidl_typesupport_introspection_cpp/nav_messages/msg/detail/camera_configuration_message__type_support.cpp.o[0m
[0.107s] [ 13%] [32mBuilding CXX object CMakeFiles/nav_messages__rosidl_typesupport_cpp.dir/rosidl_typesupport_cpp/nav_messages/msg/radar_fft_data_message__type_support.cpp.o[0m
[0.109s] [ 14%] [32mBuilding CXX object CMakeFiles/nav_messages__rosidl_typesupport_cpp.dir/rosidl_typesupport_cpp/nav_messages/msg/camera_configuration_message__type_support.cpp.o[0m
[0.109s] [ 15%] [32mBuilding CXX object CMakeFiles/nav_messages__rosidl_typesupport_cpp.dir/rosidl_typesupport_cpp/nav_messages/msg/radar_configuration_message__type_support.cpp.o[0m
[0.159s] cmake version 3.22.1
[0.159s] 
[0.159s] CMake suite maintained and supported by Kitware (kitware.com/cmake).
[0.181s] [ 16%] [32m[1mLinking C shared library libnav_messages__rosidl_generator_c.so[0m
[0.237s] [ 17%] Built target nav_messages__rosidl_generator_c
[0.283s] [ 18%] [32mBuilding C object CMakeFiles/nav_messages__rosidl_typesupport_introspection_c.dir/rosidl_typesupport_introspection_c/nav_messages/msg/detail/radar_configuration_message__type_support.c.o[0m
[0.289s] [ 19%] [32mBuilding C object CMakeFiles/nav_messages__rosidl_typesupport_introspection_c.dir/rosidl_typesupport_introspection_c/nav_messages/msg/detail/camera_configuration_message__type_support.c.o[0m
[0.289s] [ 20%] [32mBuilding C object CMakeFiles/nav_messages__rosidl_typesupport_introspection_c.dir/rosidl_typesupport_introspection_c/nav_messages/msg/detail/radar_fft_data_message__type_support.c.o[0m
[0.294s] [ 21%] [32mBuilding CXX object CMakeFiles/nav_messages__rosidl_typesupport_fastrtps_c.dir/rosidl_typesupport_fastrtps_c/nav_messages/msg/detail/radar_configuration_message__type_support_c.cpp.o[0m
[0.300s] [ 21%] [32mBuilding CXX object CMakeFiles/nav_messages__rosidl_typesupport_fastrtps_c.dir/rosidl_typesupport_fastrtps_c/nav_messages/msg/detail/radar_fft_data_message__type_support_c.cpp.o[0m
[0.301s] [ 23%] [32mBuilding CXX object CMakeFiles/nav_messages__rosidl_typesupport_fastrtps_c.dir/rosidl_typesupport_fastrtps_c/nav_messages/msg/detail/camera_configuration_message__type_support_c.cpp.o[0m
[0.302s] [ 22%] [32mBuilding CXX object CMakeFiles/nav_messages__rosidl_typesupport_c.dir/rosidl_typesupport_c/nav_messages/msg/radar_configuration_message__type_support.cpp.o[0m
[0.305s] [ 24%] [32mBuilding CXX object CMakeFiles/nav_messages__rosidl_typesupport_c.dir/rosidl_typesupport_c/nav_messages/msg/radar_fft_data_message__type_support.cpp.o[0m
[0.308s] [ 25%] [32mBuilding CXX object CMakeFiles/nav_messages__rosidl_typesupport_c.dir/rosidl_typesupport_c/nav_messages/msg/camera_configuration_message__type_support.cpp.o[0m
[0.373s] [ 26%] [32m[1mLinking CXX shared library libnav_messages__rosidl_typesupport_c.so[0m
[0.387s] [ 27%] [32m[1mLinking C shared library libnav_messages__rosidl_typesupport_introspection_c.so[0m
[0.425s] [ 28%] [32m[1mLinking CXX shared library libnav_messages__rosidl_typesupport_cpp.so[0m
[0.426s] running egg_info
[0.426s] writing nav_messages.egg-info/PKG-INFO
[0.426s] writing dependency_links to nav_messages.egg-info/dependency_links.txt
[0.427s] writing top-level names to nav_messages.egg-info/top_level.txt
[0.430s] reading manifest file 'nav_messages.egg-info/SOURCES.txt'
[0.431s] writing manifest file 'nav_messages.egg-info/SOURCES.txt'
[0.448s] [ 29%] Built target nav_messages__rosidl_typesupport_introspection_c
[0.467s] [ 29%] Built target ament_cmake_python_build_nav_messages_egg
[0.474s] [ 30%] Built target nav_messages__rosidl_typesupport_c
[0.505s] [ 31%] Built target nav_messages__rosidl_typesupport_cpp
[0.517s] [?1h=[ 33%] [32mBuilding C object CMakeFiles/nav_messages_camera_configuration_message__rosidl_typesupport_c.dir/rosidl_generator_cs/nav_messages/msg/radar_fft_data_message_s.c.o[0m
[0.517s] [ 33%] [32mBuilding C object CMakeFiles/nav_messages_camera_configuration_message__rosidl_typesupport_c.dir/rosidl_generator_cs/nav_messages/msg/camera_configuration_message.ep.rosidl_typesupport_c.c.o[0m
[0.518s] [ 34%] [32mBuilding C object CMakeFiles/nav_messages_camera_configuration_message__rosidl_typesupport_introspection_c.dir/rosidl_generator_cs/nav_messages/msg/radar_configuration_message_s.c.o[0m
[0.528s] [ 35%] [32mBuilding C object CMakeFiles/nav_messages_radar_configuration_message__rosidl_typesupport_c.dir/rosidl_generator_cs/nav_messages/msg/radar_configuration_message_s.c.o[0m
[0.530s] [ 36%] [32mBuilding C object CMakeFiles/nav_messages_camera_configuration_message__rosidl_typesupport_c.dir/rosidl_generator_cs/nav_messages/msg/camera_configuration_message_s.c.o[0m
[0.531s] [ 37%] [32mBuilding C object CMakeFiles/nav_messages_camera_configuration_message__rosidl_typesupport_introspection_c.dir/rosidl_generator_cs/nav_messages/msg/radar_fft_data_message_s.c.o[0m
[0.533s] [ 38%] [32mBuilding C object CMakeFiles/nav_messages_camera_configuration_message__rosidl_typesupport_introspection_c.dir/rosidl_generator_cs/nav_messages/msg/camera_configuration_message.ep.rosidl_typesupport_introspection_c.c.o[0m
[0.535s] [ 40%] [32mBuilding C object CMakeFiles/nav_messages_radar_configuration_message__rosidl_typesupport_c.dir/rosidl_generator_cs/nav_messages/msg/radar_fft_data_message_s.c.o[0m
[0.538s] [ 41%] [32mBuilding C object CMakeFiles/nav_messages_radar_fft_data_message__rosidl_typesupport_introspection_c.dir/rosidl_generator_cs/nav_messages/msg/radar_fft_data_message.ep.rosidl_typesupport_introspection_c.c.o[0m
[0.539s] [ 42%] [32mBuilding C object CMakeFiles/nav_messages_radar_configuration_message__rosidl_typesupport_introspection_c.dir/rosidl_generator_cs/nav_messages/msg/radar_configuration_message.ep.rosidl_typesupport_introspection_c.c.o[0m
[0.539s] [ 43%] [32mBuilding C object CMakeFiles/nav_messages_radar_configuration_message__rosidl_typesupport_c.dir/rosidl_generator_cs/nav_messages/msg/radar_configuration_message.ep.rosidl_typesupport_c.c.o[0m
[0.539s] [ 45%] [32mBuilding C object CMakeFiles/nav_messages_radar_fft_data_message__rosidl_typesupport_c.dir/rosidl_generator_cs/nav_messages/msg/radar_fft_data_message.ep.rosidl_typesupport_c.c.o[0m
[0.540s] [ 45%] [32mBuilding C object CMakeFiles/nav_messages_camera_configuration_message__rosidl_typesupport_introspection_c.dir/rosidl_generator_cs/nav_messages/msg/camera_configuration_message_s.c.o[0m
[0.540s] [ 45%] [32mBuilding C object CMakeFiles/nav_messages_camera_configuration_message__rosidl_typesupport_c.dir/rosidl_generator_cs/nav_messages/msg/radar_configuration_message_s.c.o[0m
[0.545s] [ 45%] [32mBuilding C object CMakeFiles/nav_messages_radar_configuration_message__rosidl_typesupport_c.dir/rosidl_generator_cs/nav_messages/msg/camera_configuration_message_s.c.o[0m
[0.590s] [ 46%] [32mBuilding C object CMakeFiles/nav_messages_radar_fft_data_message__rosidl_typesupport_c.dir/rosidl_generator_cs/nav_messages/msg/radar_configuration_message_s.c.o[0m
[0.591s] [ 47%] [32mBuilding C object CMakeFiles/nav_messages_radar_configuration_message__rosidl_typesupport_introspection_c.dir/rosidl_generator_cs/nav_messages/msg/radar_configuration_message_s.c.o[0m
[0.598s] [ 48%] [32mBuilding C object CMakeFiles/nav_messages_radar_fft_data_message__rosidl_typesupport_c.dir/rosidl_generator_cs/nav_messages/msg/radar_fft_data_message_s.c.o[0m
[0.607s] [ 49%] [32mBuilding C object CMakeFiles/nav_messages_radar_fft_data_message__rosidl_typesupport_c.dir/rosidl_generator_cs/nav_messages/msg/camera_configuration_message_s.c.o[0m
[0.616s] [ 50%] [32mBuilding C object CMakeFiles/nav_messages_radar_fft_data_message__rosidl_typesupport_introspection_c.dir/rosidl_generator_cs/nav_messages/msg/camera_configuration_message_s.c.o[0m
[0.622s] [ 51%] [32mBuilding C object CMakeFiles/nav_messages_radar_configuration_message__rosidl_typesupport_introspection_c.dir/rosidl_generator_cs/nav_messages/msg/radar_fft_data_message_s.c.o[0m
[0.623s] [ 52%] [32mBuilding C object CMakeFiles/nav_messages_radar_configuration_message__rosidl_typesupport_introspection_c.dir/rosidl_generator_cs/nav_messages/msg/camera_configuration_message_s.c.o[0m
[0.623s] [ 53%] [32mBuilding C object CMakeFiles/nav_messages_radar_fft_data_message__rosidl_typesupport_introspection_c.dir/rosidl_generator_cs/nav_messages/msg/radar_configuration_message_s.c.o[0m
[0.628s] [ 55%] [32m[1mLinking C shared library rosidl_generator_cs/nav_messages/msg/libnav_messages_camera_configuration_message__rosidl_typesupport_introspection_c_native.so[0m
[0.629s] [ 55%] [32mBuilding C object CMakeFiles/nav_messages_radar_fft_data_message__rosidl_typesupport_introspection_c.dir/rosidl_generator_cs/nav_messages/msg/radar_fft_data_message_s.c.o[0m
[0.640s] [ 56%] [32m[1mLinking C shared library rosidl_generator_cs/nav_messages/msg/libnav_messages_radar_configuration_message__rosidl_typesupport_c_native.so[0m
[0.661s] [ 57%] [32m[1mLinking C shared library rosidl_generator_cs/nav_messages/msg/libnav_messages_camera_configuration_message__rosidl_typesupport_c_native.so[0m
[0.673s] [ 58%] [32m[1mLinking CXX shared library libnav_messages__rosidl_typesupport_introspection_cpp.so[0m
[0.695s] [ 59%] [32m[1mLinking C shared library rosidl_generator_cs/nav_messages/msg/libnav_messages_radar_fft_data_message__rosidl_typesupport_c_native.so[0m
[0.707s] [ 60%] [32m[1mLinking C shared library rosidl_generator_cs/nav_messages/msg/libnav_messages_radar_fft_data_message__rosidl_typesupport_introspection_c_native.so[0m
[0.710s] [ 61%] Built target nav_messages_camera_configuration_message__rosidl_typesupport_introspection_c
[0.712s] [ 63%] [32m[1mLinking C shared library rosidl_generator_cs/nav_messages/msg/libnav_messages_radar_configuration_message__rosidl_typesupport_introspection_c_native.so[0m
[0.712s] [ 63%] Built target nav_messages_radar_configuration_message__rosidl_typesupport_c
[0.728s] [ 64%] Built target nav_messages_camera_configuration_message__rosidl_typesupport_c
[0.736s] [ 65%] [32m[1mLinking CXX shared library libnav_messages__rosidl_typesupport_fastrtps_cpp.so[0m
[0.749s] [ 66%] Built target nav_messages_radar_fft_data_message__rosidl_typesupport_c
[0.753s] [ 67%] Built target nav_messages_radar_fft_data_message__rosidl_typesupport_introspection_c
[0.758s] [ 68%] Built target nav_messages_radar_configuration_message__rosidl_typesupport_introspection_c
[0.776s] [ 69%] Built target nav_messages__rosidl_typesupport_introspection_cpp
[0.797s] [ 70%] [32m[1mLinking CXX shared library libnav_messages__rosidl_typesupport_fastrtps_c.so[0m
[0.799s] [ 71%] Built target nav_messages__rosidl_typesupport_fastrtps_cpp
[0.850s] [ 72%] Built target nav_messages__rosidl_typesupport_fastrtps_c
[0.865s] [ 72%] Built target nav_messages
[0.876s] [ 77%] [32mBuilding C object CMakeFiles/nav_messages_camera_configuration_message__rosidl_typesupport_fastrtps_c.dir/rosidl_generator_cs/nav_messages/msg/radar_configuration_message_s.c.o[0m
[0.876s] [ 77%] [32mBuilding C object CMakeFiles/nav_messages_radar_fft_data_message__rosidl_typesupport_fastrtps_c.dir/rosidl_generator_cs/nav_messages/msg/radar_configuration_message_s.c.o[0m
[0.876s] [ 77%] [32mBuilding C object CMakeFiles/nav_messages_camera_configuration_message__rosidl_typesupport_fastrtps_c.dir/rosidl_generator_cs/nav_messages/msg/camera_configuration_message.ep.rosidl_typesupport_fastrtps_c.c.o[0m
[0.876s] [ 77%] [32mBuilding C object CMakeFiles/nav_messages_radar_configuration_message__rosidl_typesupport_fastrtps_c.dir/rosidl_generator_cs/nav_messages/msg/radar_configuration_message.ep.rosidl_typesupport_fastrtps_c.c.o[0m
[0.876s] [ 77%] [32mBuilding C object CMakeFiles/nav_messages_radar_fft_data_message__rosidl_typesupport_fastrtps_c.dir/rosidl_generator_cs/nav_messages/msg/radar_fft_data_message_s.c.o[0m
[0.876s] [ 78%] [32mBuilding C object CMakeFiles/nav_messages_radar_fft_data_message__rosidl_typesupport_fastrtps_c.dir/rosidl_generator_cs/nav_messages/msg/radar_fft_data_message.ep.rosidl_typesupport_fastrtps_c.c.o[0m
[0.876s] [ 80%] [32mBuilding C object CMakeFiles/nav_messages_radar_configuration_message__rosidl_typesupport_fastrtps_c.dir/rosidl_generator_cs/nav_messages/msg/radar_configuration_message_s.c.o[0m
[0.876s] [ 80%] [32mBuilding C object CMakeFiles/nav_messages_radar_fft_data_message__rosidl_typesupport_fastrtps_c.dir/rosidl_generator_cs/nav_messages/msg/camera_configuration_message_s.c.o[0m
[0.880s] [ 81%] [32mBuilding C object CMakeFiles/nav_messages_radar_configuration_message__rosidl_typesupport_fastrtps_c.dir/rosidl_generator_cs/nav_messages/msg/radar_fft_data_message_s.c.o[0m
[0.880s] [ 82%] [32mBuilding C object CMakeFiles/nav_messages_camera_configuration_message__rosidl_typesupport_fastrtps_c.dir/rosidl_generator_cs/nav_messages/msg/radar_fft_data_message_s.c.o[0m
[0.880s] [ 82%] [32mBuilding C object CMakeFiles/nav_messages_radar_configuration_message__rosidl_typesupport_fastrtps_c.dir/rosidl_generator_cs/nav_messages/msg/camera_configuration_message_s.c.o[0m
[0.881s] [ 83%] [32mBuilding C object CMakeFiles/nav_messages_camera_configuration_message__rosidl_typesupport_fastrtps_c.dir/rosidl_generator_cs/nav_messages/msg/camera_configuration_message_s.c.o[0m
[0.901s] [ 84%] Built target nav_messages__py
[0.923s] [ 85%] [32m[1mLinking C shared library rosidl_generator_cs/nav_messages/msg/libnav_messages_radar_fft_data_message__rosidl_typesupport_fastrtps_c_native.so[0m
[0.924s] [ 86%] [32mBuilding C object CMakeFiles/nav_messages__rosidl_generator_py.dir/rosidl_generator_py/nav_messages/msg/_radar_fft_data_message_s.c.o[0m
[0.925s] [ 87%] [32mBuilding C object CMakeFiles/nav_messages__rosidl_generator_py.dir/rosidl_generator_py/nav_messages/msg/_radar_configuration_message_s.c.o[0m
[0.925s] [ 88%] [32mBuilding C object CMakeFiles/nav_messages__rosidl_generator_py.dir/rosidl_generator_py/nav_messages/msg/_camera_configuration_message_s.c.o[0m
[0.933s] [ 89%] [32m[1mLinking C shared library rosidl_generator_cs/nav_messages/msg/libnav_messages_camera_configuration_message__rosidl_typesupport_fastrtps_c_native.so[0m
[0.939s] [ 90%] [32m[1mLinking C shared library rosidl_generator_cs/nav_messages/msg/libnav_messages_radar_configuration_message__rosidl_typesupport_fastrtps_c_native.so[0m
[0.954s] [ 91%] Built target nav_messages_radar_fft_data_message__rosidl_typesupport_fastrtps_c
[0.969s] [ 92%] Built target nav_messages_radar_configuration_message__rosidl_typesupport_fastrtps_c
[0.973s] [ 93%] Built target nav_messages_camera_configuration_message__rosidl_typesupport_fastrtps_c
[1.039s] [ 94%] [32m[1mLinking C shared library rosidl_generator_py/nav_messages/libnav_messages__rosidl_generator_py.so[0m
[1.080s] [ 94%] Built target nav_messages__rosidl_generator_py
[1.101s] [ 95%] [32mBuilding C object CMakeFiles/nav_messages__rosidl_typesupport_c__pyext.dir/rosidl_generator_py/nav_messages/_nav_messages_s.ep.rosidl_typesupport_c.c.o[0m
[1.102s] [ 97%] [32mBuilding C object CMakeFiles/nav_messages__rosidl_typesupport_introspection_c__pyext.dir/rosidl_generator_py/nav_messages/_nav_messages_s.ep.rosidl_typesupport_introspection_c.c.o[0m
[1.102s] [ 97%] [32mBuilding C object CMakeFiles/nav_messages__rosidl_typesupport_fastrtps_c__pyext.dir/rosidl_generator_py/nav_messages/_nav_messages_s.ep.rosidl_typesupport_fastrtps_c.c.o[0m
[1.165s]   Determining projects to restore...
[1.180s] [ 98%] [32m[1mLinking C shared library rosidl_generator_py/nav_messages/nav_messages_s__rosidl_typesupport_c.cpython-310-x86_64-linux-gnu.so[0m
[1.196s] [ 99%] [32m[1mLinking C shared library rosidl_generator_py/nav_messages/nav_messages_s__rosidl_typesupport_introspection_c.cpython-310-x86_64-linux-gnu.so[0m
[1.200s] [100%] [32m[1mLinking C shared library rosidl_generator_py/nav_messages/nav_messages_s__rosidl_typesupport_fastrtps_c.cpython-310-x86_64-linux-gnu.so[0m
[1.219s] [100%] Built target nav_messages__rosidl_typesupport_c__pyext
[1.223s] [100%] Built target nav_messages__rosidl_typesupport_introspection_c__pyext
[1.234s] [100%] Built target nav_messages__rosidl_typesupport_fastrtps_c__pyext
[1.305s]   All projects are up-to-date for restore.
[1.406s] [?1h=Microsoft (R) Build Engine version 17.0.4+85d71072f for .NET
[1.406s] Copyright (C) Microsoft Corporation. All rights reserved.
[1.406s] 
[1.911s]   Determining projects to restore...
[2.147s]   All projects are up-to-date for restore.
[2.363s]   nav_messages_assembly_dotnetcore -> /home/ros2/tower_ws/build/nav_messages/netstandard2.0/nav_messages_assembly.dll
[2.370s] [39;49m[92m
[2.370s] Build succeeded.
[2.370s] [39;49m    0 Warning(s)
[2.370s] [39;49m    0 Error(s)
[2.370s] [39;49m
[2.370s] Time Elapsed 00:00:00.89
[2.406s] [100%] Built target nav_messages_assembly
[2.416s] Invoked command in '/home/ros2/tower_ws/build/nav_messages' returned '0': CMAKE_PREFIX_PATH=${CMAKE_PREFIX_PATH}:/home/ros2/Downloads/final-ai/install/py_fakedata:/home/ros2/Downloads/final-ai/install/py_detectionmessage:/home/ros2/Downloads/final-ai/install/py_aiproc:/opt/ros/humble /usr/bin/cmake --build /home/ros2/tower_ws/build/nav_messages -- -j24 -l24
[2.423s] Invoking command in '/home/ros2/tower_ws/build/nav_messages': CMAKE_PREFIX_PATH=${CMAKE_PREFIX_PATH}:/home/ros2/Downloads/final-ai/install/py_fakedata:/home/ros2/Downloads/final-ai/install/py_detectionmessage:/home/ros2/Downloads/final-ai/install/py_aiproc:/opt/ros/humble /usr/bin/cmake --install /home/ros2/tower_ws/build/nav_messages
[2.429s] -- Install configuration: ""
[2.429s] -- Up-to-date: /home/ros2/tower_ws/install/nav_messages/share/ament_index/resource_index/rosidl_interfaces/nav_messages
[2.429s] -- Up-to-date: /home/ros2/tower_ws/install/nav_messages/include/nav_messages/nav_messages
[2.429s] -- Up-to-date: /home/ros2/tower_ws/install/nav_messages/include/nav_messages/nav_messages/msg
[2.429s] -- Up-to-date: /home/ros2/tower_ws/install/nav_messages/include/nav_messages/nav_messages/msg/radar_fft_data_message.h
[2.429s] -- Up-to-date: /home/ros2/tower_ws/install/nav_messages/include/nav_messages/nav_messages/msg/rosidl_generator_c__visibility_control.h
[2.429s] -- Up-to-date: /home/ros2/tower_ws/install/nav_messages/include/nav_messages/nav_messages/msg/camera_configuration_message.h
[2.430s] -- Up-to-date: /home/ros2/tower_ws/install/nav_messages/include/nav_messages/nav_messages/msg/detail
[2.430s] -- Up-to-date: /home/ros2/tower_ws/install/nav_messages/include/nav_messages/nav_messages/msg/detail/radar_configuration_message__type_support.h
[2.430s] -- Up-to-date: /home/ros2/tower_ws/install/nav_messages/include/nav_messages/nav_messages/msg/detail/camera_configuration_message__functions.h
[2.430s] -- Up-to-date: /home/ros2/tower_ws/install/nav_messages/include/nav_messages/nav_messages/msg/detail/radar_configuration_message__functions.h
[2.430s] -- Up-to-date: /home/ros2/tower_ws/install/nav_messages/include/nav_messages/nav_messages/msg/detail/radar_configuration_message__functions.c
[2.430s] -- Up-to-date: /home/ros2/tower_ws/install/nav_messages/include/nav_messages/nav_messages/msg/detail/camera_configuration_message__functions.c
[2.430s] -- Up-to-date: /home/ros2/tower_ws/install/nav_messages/include/nav_messages/nav_messages/msg/detail/camera_configuration_message__type_support.h
[2.430s] -- Up-to-date: /home/ros2/tower_ws/install/nav_messages/include/nav_messages/nav_messages/msg/detail/radar_fft_data_message__functions.h
[2.430s] -- Up-to-date: /home/ros2/tower_ws/install/nav_messages/include/nav_messages/nav_messages/msg/detail/radar_fft_data_message__type_support.h
[2.430s] -- Up-to-date: /home/ros2/tower_ws/install/nav_messages/include/nav_messages/nav_messages/msg/detail/radar_fft_data_message__struct.h
[2.430s] -- Up-to-date: /home/ros2/tower_ws/install/nav_messages/include/nav_messages/nav_messages/msg/detail/radar_fft_data_message__functions.c
[2.430s] -- Up-to-date: /home/ros2/tower_ws/install/nav_messages/include/nav_messages/nav_messages/msg/detail/camera_configuration_message__struct.h
[2.430s] -- Up-to-date: /home/ros2/tower_ws/install/nav_messages/include/nav_messages/nav_messages/msg/detail/radar_configuration_message__struct.h
[2.430s] -- Up-to-date: /home/ros2/tower_ws/install/nav_messages/include/nav_messages/nav_messages/msg/radar_configuration_message.h
[2.430s] -- Up-to-date: /home/ros2/tower_ws/install/nav_messages/share/nav_messages/environment/library_path.sh
[2.430s] -- Up-to-date: /home/ros2/tower_ws/install/nav_messages/share/nav_messages/environment/library_path.dsv
[2.430s] -- Installing: /home/ros2/tower_ws/install/nav_messages/lib/libnav_messages__rosidl_generator_c.so
[2.430s] -- Set runtime path of "/home/ros2/tower_ws/install/nav_messages/lib/libnav_messages__rosidl_generator_c.so" to ""
[2.431s] -- Up-to-date: /home/ros2/tower_ws/install/nav_messages/include/nav_messages/nav_messages
[2.431s] -- Up-to-date: /home/ros2/tower_ws/install/nav_messages/include/nav_messages/nav_messages/msg
[2.431s] -- Up-to-date: /home/ros2/tower_ws/install/nav_messages/include/nav_messages/nav_messages/msg/detail
[2.431s] -- Up-to-date: /home/ros2/tower_ws/install/nav_messages/include/nav_messages/nav_messages/msg/detail/camera_configuration_message__rosidl_typesupport_fastrtps_c.h
[2.431s] -- Up-to-date: /home/ros2/tower_ws/install/nav_messages/include/nav_messages/nav_messages/msg/detail/radar_fft_data_message__rosidl_typesupport_fastrtps_c.h
[2.431s] -- Up-to-date: /home/ros2/tower_ws/install/nav_messages/include/nav_messages/nav_messages/msg/detail/radar_configuration_message__rosidl_typesupport_fastrtps_c.h
[2.431s] -- Up-to-date: /home/ros2/tower_ws/install/nav_messages/include/nav_messages/nav_messages/msg/rosidl_typesupport_fastrtps_c__visibility_control.h
[2.431s] -- Installing: /home/ros2/tower_ws/install/nav_messages/lib/libnav_messages__rosidl_typesupport_fastrtps_c.so
[2.431s] -- Set runtime path of "/home/ros2/tower_ws/install/nav_messages/lib/libnav_messages__rosidl_typesupport_fastrtps_c.so" to ""
[2.431s] -- Up-to-date: /home/ros2/tower_ws/install/nav_messages/include/nav_messages/nav_messages
[2.431s] -- Up-to-date: /home/ros2/tower_ws/install/nav_messages/include/nav_messages/nav_messages/msg
[2.431s] -- Up-to-date: /home/ros2/tower_ws/install/nav_messages/include/nav_messages/nav_messages/msg/radar_fft_data_message.hpp
[2.431s] -- Up-to-date: /home/ros2/tower_ws/install/nav_messages/include/nav_messages/nav_messages/msg/camera_configuration_message.hpp
[2.432s] -- Up-to-date: /home/ros2/tower_ws/install/nav_messages/include/nav_messages/nav_messages/msg/radar_configuration_message.hpp
[2.432s] -- Up-to-date: /home/ros2/tower_ws/install/nav_messages/include/nav_messages/nav_messages/msg/detail
[2.432s] -- Up-to-date: /home/ros2/tower_ws/install/nav_messages/include/nav_messages/nav_messages/msg/detail/radar_fft_data_message__struct.hpp
[2.432s] -- Up-to-date: /home/ros2/tower_ws/install/nav_messages/include/nav_messages/nav_messages/msg/detail/camera_configuration_message__traits.hpp
[2.432s] -- Up-to-date: /home/ros2/tower_ws/install/nav_messages/include/nav_messages/nav_messages/msg/detail/camera_configuration_message__type_support.hpp
[2.432s] -- Up-to-date: /home/ros2/tower_ws/install/nav_messages/include/nav_messages/nav_messages/msg/detail/camera_configuration_message__builder.hpp
[2.432s] -- Up-to-date: /home/ros2/tower_ws/install/nav_messages/include/nav_messages/nav_messages/msg/detail/radar_configuration_message__traits.hpp
[2.432s] -- Up-to-date: /home/ros2/tower_ws/install/nav_messages/include/nav_messages/nav_messages/msg/detail/radar_fft_data_message__type_support.hpp
[2.432s] -- Up-to-date: /home/ros2/tower_ws/install/nav_messages/include/nav_messages/nav_messages/msg/detail/radar_configuration_message__type_support.hpp
[2.432s] -- Up-to-date: /home/ros2/tower_ws/install/nav_messages/include/nav_messages/nav_messages/msg/detail/radar_fft_data_message__builder.hpp
[2.432s] -- Up-to-date: /home/ros2/tower_ws/install/nav_messages/include/nav_messages/nav_messages/msg/detail/camera_configuration_message__struct.hpp
[2.432s] -- Up-to-date: /home/ros2/tower_ws/install/nav_messages/include/nav_messages/nav_messages/msg/detail/radar_configuration_message__builder.hpp
[2.432s] -- Up-to-date: /home/ros2/tower_ws/install/nav_messages/include/nav_messages/nav_messages/msg/detail/radar_configuration_message__struct.hpp
[2.432s] -- Up-to-date: /home/ros2/tower_ws/install/nav_messages/include/nav_messages/nav_messages/msg/detail/radar_fft_data_message__traits.hpp
[2.432s] -- Up-to-date: /home/ros2/tower_ws/install/nav_messages/include/nav_messages/nav_messages/msg/rosidl_generator_cpp__visibility_control.hpp
[2.432s] -- Up-to-date: /home/ros2/tower_ws/install/nav_messages/include/nav_messages/nav_messages
[2.432s] -- Up-to-date: /home/ros2/tower_ws/install/nav_messages/include/nav_messages/nav_messages/msg
[2.432s] -- Up-to-date: /home/ros2/tower_ws/install/nav_messages/include/nav_messages/nav_messages/msg/rosidl_typesupport_fastrtps_cpp__visibility_control.h
[2.432s] -- Up-to-date: /home/ros2/tower_ws/install/nav_messages/include/nav_messages/nav_messages/msg/detail
[2.432s] -- Up-to-date: /home/ros2/tower_ws/install/nav_messages/include/nav_messages/nav_messages/msg/detail/radar_fft_data_message__rosidl_typesupport_fastrtps_cpp.hpp
[2.432s] -- Up-to-date: /home/ros2/tower_ws/install/nav_messages/include/nav_messages/nav_messages/msg/detail/radar_configuration_message__rosidl_typesupport_fastrtps_cpp.hpp
[2.433s] -- Up-to-date: /home/ros2/tower_ws/install/nav_messages/include/nav_messages/nav_messages/msg/detail/camera_configuration_message__rosidl_typesupport_fastrtps_cpp.hpp
[2.433s] -- Up-to-date: /home/ros2/tower_ws/install/nav_messages/include/nav_messages/nav_messages/msg/detail/dds_fastrtps
[2.433s] -- Installing: /home/ros2/tower_ws/install/nav_messages/lib/libnav_messages__rosidl_typesupport_fastrtps_cpp.so
[2.433s] -- Set runtime path of "/home/ros2/tower_ws/install/nav_messages/lib/libnav_messages__rosidl_typesupport_fastrtps_cpp.so" to ""
[2.433s] -- Up-to-date: /home/ros2/tower_ws/install/nav_messages/include/nav_messages/nav_messages
[2.433s] -- Up-to-date: /home/ros2/tower_ws/install/nav_messages/include/nav_messages/nav_messages/msg
[2.433s] -- Up-to-date: /home/ros2/tower_ws/install/nav_messages/include/nav_messages/nav_messages/msg/rosidl_typesupport_introspection_c__visibility_control.h
[2.433s] -- Up-to-date: /home/ros2/tower_ws/install/nav_messages/include/nav_messages/nav_messages/msg/detail
[2.433s] -- Up-to-date: /home/ros2/tower_ws/install/nav_messages/include/nav_messages/nav_messages/msg/detail/radar_configuration_message__rosidl_typesupport_introspection_c.h
[2.433s] -- Up-to-date: /home/ros2/tower_ws/install/nav_messages/include/nav_messages/nav_messages/msg/detail/camera_configuration_message__rosidl_typesupport_introspection_c.h
[2.433s] -- Up-to-date: /home/ros2/tower_ws/install/nav_messages/include/nav_messages/nav_messages/msg/detail/radar_configuration_message__type_support.c
[2.433s] -- Up-to-date: /home/ros2/tower_ws/install/nav_messages/include/nav_messages/nav_messages/msg/detail/radar_fft_data_message__rosidl_typesupport_introspection_c.h
[2.433s] -- Up-to-date: /home/ros2/tower_ws/install/nav_messages/include/nav_messages/nav_messages/msg/detail/camera_configuration_message__type_support.c
[2.433s] -- Up-to-date: /home/ros2/tower_ws/install/nav_messages/include/nav_messages/nav_messages/msg/detail/radar_fft_data_message__type_support.c
[2.433s] -- Installing: /home/ros2/tower_ws/install/nav_messages/lib/libnav_messages__rosidl_typesupport_introspection_c.so
[2.433s] -- Set runtime path of "/home/ros2/tower_ws/install/nav_messages/lib/libnav_messages__rosidl_typesupport_introspection_c.so" to ""
[2.434s] -- Installing: /home/ros2/tower_ws/install/nav_messages/lib/libnav_messages__rosidl_typesupport_c.so
[2.434s] -- Set runtime path of "/home/ros2/tower_ws/install/nav_messages/lib/libnav_messages__rosidl_typesupport_c.so" to ""
[2.434s] -- Up-to-date: /home/ros2/tower_ws/install/nav_messages/include/nav_messages/nav_messages
[2.434s] -- Up-to-date: /home/ros2/tower_ws/install/nav_messages/include/nav_messages/nav_messages/msg
[2.434s] -- Up-to-date: /home/ros2/tower_ws/install/nav_messages/include/nav_messages/nav_messages/msg/detail
[2.434s] -- Up-to-date: /home/ros2/tower_ws/install/nav_messages/include/nav_messages/nav_messages/msg/detail/radar_configuration_message__type_support.cpp
[2.434s] -- Up-to-date: /home/ros2/tower_ws/install/nav_messages/include/nav_messages/nav_messages/msg/detail/radar_fft_data_message__type_support.cpp
[2.434s] -- Up-to-date: /home/ros2/tower_ws/install/nav_messages/include/nav_messages/nav_messages/msg/detail/camera_configuration_message__rosidl_typesupport_introspection_cpp.hpp
[2.434s] -- Up-to-date: /home/ros2/tower_ws/install/nav_messages/include/nav_messages/nav_messages/msg/detail/radar_fft_data_message__rosidl_typesupport_introspection_cpp.hpp
[2.434s] -- Up-to-date: /home/ros2/tower_ws/install/nav_messages/include/nav_messages/nav_messages/msg/detail/camera_configuration_message__type_support.cpp
[2.434s] -- Up-to-date: /home/ros2/tower_ws/install/nav_messages/include/nav_messages/nav_messages/msg/detail/radar_configuration_message__rosidl_typesupport_introspection_cpp.hpp
[2.434s] -- Installing: /home/ros2/tower_ws/install/nav_messages/lib/libnav_messages__rosidl_typesupport_introspection_cpp.so
[2.434s] -- Set runtime path of "/home/ros2/tower_ws/install/nav_messages/lib/libnav_messages__rosidl_typesupport_introspection_cpp.so" to ""
[2.435s] -- Installing: /home/ros2/tower_ws/install/nav_messages/lib/libnav_messages__rosidl_typesupport_cpp.so
[2.435s] -- Set runtime path of "/home/ros2/tower_ws/install/nav_messages/lib/libnav_messages__rosidl_typesupport_cpp.so" to ""
[2.435s] -- Installing: /home/ros2/tower_ws/install/nav_messages/lib/libnav_messages_radar_configuration_message__rosidl_typesupport_c_native.so
[2.435s] -- Set runtime path of "/home/ros2/tower_ws/install/nav_messages/lib/libnav_messages_radar_configuration_message__rosidl_typesupport_c_native.so" to ""
[2.436s] -- Installing: /home/ros2/tower_ws/install/nav_messages/lib/libnav_messages_radar_configuration_message__rosidl_typesupport_introspection_c_native.so
[2.436s] -- Set runtime path of "/home/ros2/tower_ws/install/nav_messages/lib/libnav_messages_radar_configuration_message__rosidl_typesupport_introspection_c_native.so" to ""
[2.436s] -- Installing: /home/ros2/tower_ws/install/nav_messages/lib/libnav_messages_radar_configuration_message__rosidl_typesupport_fastrtps_c_native.so
[2.436s] -- Set runtime path of "/home/ros2/tower_ws/install/nav_messages/lib/libnav_messages_radar_configuration_message__rosidl_typesupport_fastrtps_c_native.so" to ""
[2.437s] -- Installing: /home/ros2/tower_ws/install/nav_messages/lib/libnav_messages_radar_fft_data_message__rosidl_typesupport_c_native.so
[2.437s] -- Set runtime path of "/home/ros2/tower_ws/install/nav_messages/lib/libnav_messages_radar_fft_data_message__rosidl_typesupport_c_native.so" to ""
[2.437s] -- Installing: /home/ros2/tower_ws/install/nav_messages/lib/libnav_messages_radar_fft_data_message__rosidl_typesupport_introspection_c_native.so
[2.437s] -- Set runtime path of "/home/ros2/tower_ws/install/nav_messages/lib/libnav_messages_radar_fft_data_message__rosidl_typesupport_introspection_c_native.so" to ""
[2.438s] -- Installing: /home/ros2/tower_ws/install/nav_messages/lib/libnav_messages_radar_fft_data_message__rosidl_typesupport_fastrtps_c_native.so
[2.438s] -- Set runtime path of "/home/ros2/tower_ws/install/nav_messages/lib/libnav_messages_radar_fft_data_message__rosidl_typesupport_fastrtps_c_native.so" to ""
[2.438s] -- Installing: /home/ros2/tower_ws/install/nav_messages/lib/libnav_messages_camera_configuration_message__rosidl_typesupport_c_native.so
[2.438s] -- Set runtime path of "/home/ros2/tower_ws/install/nav_messages/lib/libnav_messages_camera_configuration_message__rosidl_typesupport_c_native.so" to ""
[2.439s] -- Installing: /home/ros2/tower_ws/install/nav_messages/lib/libnav_messages_camera_configuration_message__rosidl_typesupport_introspection_c_native.so
[2.439s] -- Set runtime path of "/home/ros2/tower_ws/install/nav_messages/lib/libnav_messages_camera_configuration_message__rosidl_typesupport_introspection_c_native.so" to ""
[2.439s] -- Installing: /home/ros2/tower_ws/install/nav_messages/lib/libnav_messages_camera_configuration_message__rosidl_typesupport_fastrtps_c_native.so
[2.439s] -- Set runtime path of "/home/ros2/tower_ws/install/nav_messages/lib/libnav_messages_camera_configuration_message__rosidl_typesupport_fastrtps_c_native.so" to ""
[2.439s] -- Up-to-date: /home/ros2/tower_ws/install/nav_messages/lib/dotnet
[2.439s] -- Up-to-date: /home/ros2/tower_ws/install/nav_messages/lib/dotnet/std_msgs_assembly.dll
[2.439s] -- Up-to-date: /home/ros2/tower_ws/install/nav_messages/lib/dotnet/nav_messages_assembly.dll
[2.439s] -- Up-to-date: /home/ros2/tower_ws/install/nav_messages/lib/dotnet/builtin_interfaces_assembly.dll
[2.439s] -- Up-to-date: /home/ros2/tower_ws/install/nav_messages/lib/dotnet/nav_messages_assembly.deps.json
[2.440s] -- Up-to-date: /home/ros2/tower_ws/install/nav_messages/lib/dotnet/ros2cs_common.dll
[2.440s] -- Up-to-date: /home/ros2/tower_ws/install/nav_messages/share/nav_messages/environment/pythonpath.sh
[2.440s] -- Up-to-date: /home/ros2/tower_ws/install/nav_messages/share/nav_messages/environment/pythonpath.dsv
[2.440s] -- Up-to-date: /home/ros2/tower_ws/install/nav_messages/local/lib/python3.10/dist-packages/nav_messages-1.0.0-py3.10.egg-info
[2.440s] -- Installing: /home/ros2/tower_ws/install/nav_messages/local/lib/python3.10/dist-packages/nav_messages-1.0.0-py3.10.egg-info/dependency_links.txt
[2.440s] -- Installing: /home/ros2/tower_ws/install/nav_messages/local/lib/python3.10/dist-packages/nav_messages-1.0.0-py3.10.egg-info/PKG-INFO
[2.440s] -- Installing: /home/ros2/tower_ws/install/nav_messages/local/lib/python3.10/dist-packages/nav_messages-1.0.0-py3.10.egg-info/top_level.txt
[2.440s] -- Installing: /home/ros2/tower_ws/install/nav_messages/local/lib/python3.10/dist-packages/nav_messages-1.0.0-py3.10.egg-info/SOURCES.txt
[2.440s] -- Up-to-date: /home/ros2/tower_ws/install/nav_messages/local/lib/python3.10/dist-packages/nav_messages
[2.440s] -- Installing: /home/ros2/tower_ws/install/nav_messages/local/lib/python3.10/dist-packages/nav_messages/nav_messages_s__rosidl_typesupport_introspection_c.cpython-310-x86_64-linux-gnu.so
[2.440s] -- Installing: /home/ros2/tower_ws/install/nav_messages/local/lib/python3.10/dist-packages/nav_messages/nav_messages_s__rosidl_typesupport_c.cpython-310-x86_64-linux-gnu.so
[2.440s] -- Up-to-date: /home/ros2/tower_ws/install/nav_messages/local/lib/python3.10/dist-packages/nav_messages/_nav_messages_s.ep.rosidl_typesupport_fastrtps_c.c
[2.440s] -- Up-to-date: /home/ros2/tower_ws/install/nav_messages/local/lib/python3.10/dist-packages/nav_messages/_nav_messages_s.ep.rosidl_typesupport_introspection_c.c
[2.440s] -- Installing: /home/ros2/tower_ws/install/nav_messages/local/lib/python3.10/dist-packages/nav_messages/nav_messages_s__rosidl_typesupport_fastrtps_c.cpython-310-x86_64-linux-gnu.so
[2.440s] -- Up-to-date: /home/ros2/tower_ws/install/nav_messages/local/lib/python3.10/dist-packages/nav_messages/__init__.py
[2.440s] -- Up-to-date: /home/ros2/tower_ws/install/nav_messages/local/lib/python3.10/dist-packages/nav_messages/msg
[2.441s] -- Up-to-date: /home/ros2/tower_ws/install/nav_messages/local/lib/python3.10/dist-packages/nav_messages/msg/_camera_configuration_message.py
[2.441s] -- Up-to-date: /home/ros2/tower_ws/install/nav_messages/local/lib/python3.10/dist-packages/nav_messages/msg/_radar_configuration_message_s.c
[2.441s] -- Up-to-date: /home/ros2/tower_ws/install/nav_messages/local/lib/python3.10/dist-packages/nav_messages/msg/_camera_configuration_message_s.c
[2.441s] -- Up-to-date: /home/ros2/tower_ws/install/nav_messages/local/lib/python3.10/dist-packages/nav_messages/msg/_radar_fft_data_message.py
[2.441s] -- Up-to-date: /home/ros2/tower_ws/install/nav_messages/local/lib/python3.10/dist-packages/nav_messages/msg/__init__.py
[2.441s] -- Up-to-date: /home/ros2/tower_ws/install/nav_messages/local/lib/python3.10/dist-packages/nav_messages/msg/_radar_configuration_message.py
[2.441s] -- Up-to-date: /home/ros2/tower_ws/install/nav_messages/local/lib/python3.10/dist-packages/nav_messages/msg/_radar_fft_data_message_s.c
[2.441s] -- Installing: /home/ros2/tower_ws/install/nav_messages/local/lib/python3.10/dist-packages/nav_messages/libnav_messages__rosidl_generator_py.so
[2.441s] -- Up-to-date: /home/ros2/tower_ws/install/nav_messages/local/lib/python3.10/dist-packages/nav_messages/_nav_messages_s.ep.rosidl_typesupport_c.c
[2.469s] Listing '/home/ros2/tower_ws/install/nav_messages/local/lib/python3.10/dist-packages/nav_messages'...
[2.469s] Listing '/home/ros2/tower_ws/install/nav_messages/local/lib/python3.10/dist-packages/nav_messages/msg'...
[2.474s] -- Installing: /home/ros2/tower_ws/install/nav_messages/local/lib/python3.10/dist-packages/nav_messages/nav_messages_s__rosidl_typesupport_fastrtps_c.cpython-310-x86_64-linux-gnu.so
[2.474s] -- Set runtime path of "/home/ros2/tower_ws/install/nav_messages/local/lib/python3.10/dist-packages/nav_messages/nav_messages_s__rosidl_typesupport_fastrtps_c.cpython-310-x86_64-linux-gnu.so" to ""
[2.474s] -- Installing: /home/ros2/tower_ws/install/nav_messages/local/lib/python3.10/dist-packages/nav_messages/nav_messages_s__rosidl_typesupport_introspection_c.cpython-310-x86_64-linux-gnu.so
[2.475s] -- Set runtime path of "/home/ros2/tower_ws/install/nav_messages/local/lib/python3.10/dist-packages/nav_messages/nav_messages_s__rosidl_typesupport_introspection_c.cpython-310-x86_64-linux-gnu.so" to ""
[2.475s] -- Installing: /home/ros2/tower_ws/install/nav_messages/local/lib/python3.10/dist-packages/nav_messages/nav_messages_s__rosidl_typesupport_c.cpython-310-x86_64-linux-gnu.so
[2.475s] -- Set runtime path of "/home/ros2/tower_ws/install/nav_messages/local/lib/python3.10/dist-packages/nav_messages/nav_messages_s__rosidl_typesupport_c.cpython-310-x86_64-linux-gnu.so" to ""
[2.476s] -- Installing: /home/ros2/tower_ws/install/nav_messages/lib/libnav_messages__rosidl_generator_py.so
[2.476s] -- Set runtime path of "/home/ros2/tower_ws/install/nav_messages/lib/libnav_messages__rosidl_generator_py.so" to ""
[2.476s] -- Up-to-date: /home/ros2/tower_ws/install/nav_messages/share/ament_index/resource_index/rust_packages/nav_messages
[2.476s] -- Up-to-date: /home/ros2/tower_ws/install/nav_messages/share/nav_messages/rust
[2.477s] -- Up-to-date: /home/ros2/tower_ws/install/nav_messages/share/nav_messages/rust/build.rs
[2.477s] -- Up-to-date: /home/ros2/tower_ws/install/nav_messages/share/nav_messages/rust/src
[2.477s] -- Up-to-date: /home/ros2/tower_ws/install/nav_messages/share/nav_messages/rust/src/msg.rs
[2.477s] -- Up-to-date: /home/ros2/tower_ws/install/nav_messages/share/nav_messages/rust/src/lib.rs
[2.477s] -- Up-to-date: /home/ros2/tower_ws/install/nav_messages/share/nav_messages/rust/src/msg
[2.477s] -- Up-to-date: /home/ros2/tower_ws/install/nav_messages/share/nav_messages/rust/src/msg/rmw.rs
[2.477s] -- Up-to-date: /home/ros2/tower_ws/install/nav_messages/share/nav_messages/rust/Cargo.toml
[2.477s] -- Up-to-date: /home/ros2/tower_ws/install/nav_messages/share/nav_messages/msg/RadarConfigurationMessage.idl
[2.477s] -- Up-to-date: /home/ros2/tower_ws/install/nav_messages/share/nav_messages/msg/RadarFftDataMessage.idl
[2.477s] -- Up-to-date: /home/ros2/tower_ws/install/nav_messages/share/nav_messages/msg/CameraConfigurationMessage.idl
[2.477s] -- Up-to-date: /home/ros2/tower_ws/install/nav_messages/share/nav_messages/msg/RadarConfigurationMessage.msg
[2.477s] -- Up-to-date: /home/ros2/tower_ws/install/nav_messages/share/nav_messages/msg/RadarFftDataMessage.msg
[2.477s] -- Up-to-date: /home/ros2/tower_ws/install/nav_messages/share/nav_messages/msg/CameraConfigurationMessage.msg
[2.478s] -- Up-to-date: /home/ros2/tower_ws/install/nav_messages/share/ament_index/resource_index/package_run_dependencies/nav_messages
[2.478s] -- Up-to-date: /home/ros2/tower_ws/install/nav_messages/share/ament_index/resource_index/parent_prefix_path/nav_messages
[2.478s] -- Up-to-date: /home/ros2/tower_ws/install/nav_messages/share/nav_messages/environment/ament_prefix_path.sh
[2.478s] -- Up-to-date: /home/ros2/tower_ws/install/nav_messages/share/nav_messages/environment/ament_prefix_path.dsv
[2.478s] -- Up-to-date: /home/ros2/tower_ws/install/nav_messages/share/nav_messages/environment/path.sh
[2.478s] -- Up-to-date: /home/ros2/tower_ws/install/nav_messages/share/nav_messages/environment/path.dsv
[2.478s] -- Up-to-date: /home/ros2/tower_ws/install/nav_messages/share/nav_messages/local_setup.bash
[2.478s] -- Up-to-date: /home/ros2/tower_ws/install/nav_messages/share/nav_messages/local_setup.sh
[2.478s] -- Up-to-date: /home/ros2/tower_ws/install/nav_messages/share/nav_messages/local_setup.zsh
[2.478s] -- Up-to-date: /home/ros2/tower_ws/install/nav_messages/share/nav_messages/local_setup.dsv
[2.478s] -- Installing: /home/ros2/tower_ws/install/nav_messages/share/nav_messages/package.dsv
[2.478s] -- Up-to-date: /home/ros2/tower_ws/install/nav_messages/share/ament_index/resource_index/packages/nav_messages
[2.479s] -- Up-to-date: /home/ros2/tower_ws/install/nav_messages/share/nav_messages/cmake/export_nav_messages__rosidl_generator_cExport.cmake
[2.479s] -- Up-to-date: /home/ros2/tower_ws/install/nav_messages/share/nav_messages/cmake/export_nav_messages__rosidl_generator_cExport-noconfig.cmake
[2.480s] -- Up-to-date: /home/ros2/tower_ws/install/nav_messages/share/nav_messages/cmake/export_nav_messages__rosidl_typesupport_fastrtps_cExport.cmake
[2.480s] -- Up-to-date: /home/ros2/tower_ws/install/nav_messages/share/nav_messages/cmake/export_nav_messages__rosidl_typesupport_fastrtps_cExport-noconfig.cmake
[2.480s] -- Up-to-date: /home/ros2/tower_ws/install/nav_messages/share/nav_messages/cmake/export_nav_messages__rosidl_generator_cppExport.cmake
[2.480s] -- Up-to-date: /home/ros2/tower_ws/install/nav_messages/share/nav_messages/cmake/export_nav_messages__rosidl_typesupport_fastrtps_cppExport.cmake
[2.480s] -- Up-to-date: /home/ros2/tower_ws/install/nav_messages/share/nav_messages/cmake/export_nav_messages__rosidl_typesupport_fastrtps_cppExport-noconfig.cmake
[2.481s] -- Up-to-date: /home/ros2/tower_ws/install/nav_messages/share/nav_messages/cmake/nav_messages__rosidl_typesupport_introspection_cExport.cmake
[2.481s] -- Up-to-date: /home/ros2/tower_ws/install/nav_messages/share/nav_messages/cmake/nav_messages__rosidl_typesupport_introspection_cExport-noconfig.cmake
[2.481s] -- Up-to-date: /home/ros2/tower_ws/install/nav_messages/share/nav_messages/cmake/nav_messages__rosidl_typesupport_cExport.cmake
[2.481s] -- Up-to-date: /home/ros2/tower_ws/install/nav_messages/share/nav_messages/cmake/nav_messages__rosidl_typesupport_cExport-noconfig.cmake
[2.481s] -- Up-to-date: /home/ros2/tower_ws/install/nav_messages/share/nav_messages/cmake/nav_messages__rosidl_typesupport_introspection_cppExport.cmake
[2.481s] -- Up-to-date: /home/ros2/tower_ws/install/nav_messages/share/nav_messages/cmake/nav_messages__rosidl_typesupport_introspection_cppExport-noconfig.cmake
[2.482s] -- Up-to-date: /home/ros2/tower_ws/install/nav_messages/share/nav_messages/cmake/nav_messages__rosidl_typesupport_cppExport.cmake
[2.482s] -- Up-to-date: /home/ros2/tower_ws/install/nav_messages/share/nav_messages/cmake/nav_messages__rosidl_typesupport_cppExport-noconfig.cmake
[2.482s] -- Up-to-date: /home/ros2/tower_ws/install/nav_messages/share/nav_messages/cmake/export_nav_messages__rosidl_generator_pyExport.cmake
[2.482s] -- Up-to-date: /home/ros2/tower_ws/install/nav_messages/share/nav_messages/cmake/export_nav_messages__rosidl_generator_pyExport-noconfig.cmake
[2.482s] -- Up-to-date: /home/ros2/tower_ws/install/nav_messages/share/nav_messages/cmake/rosidl_cmake-extras.cmake
[2.482s] -- Up-to-date: /home/ros2/tower_ws/install/nav_messages/share/nav_messages/cmake/ament_cmake_export_dependencies-extras.cmake
[2.482s] -- Up-to-date: /home/ros2/tower_ws/install/nav_messages/share/nav_messages/cmake/ament_cmake_export_include_directories-extras.cmake
[2.482s] -- Up-to-date: /home/ros2/tower_ws/install/nav_messages/share/nav_messages/cmake/ament_cmake_export_libraries-extras.cmake
[2.482s] -- Up-to-date: /home/ros2/tower_ws/install/nav_messages/share/nav_messages/cmake/ament_cmake_export_targets-extras.cmake
[2.483s] -- Up-to-date: /home/ros2/tower_ws/install/nav_messages/share/nav_messages/cmake/rosidl_cmake_export_typesupport_targets-extras.cmake
[2.483s] -- Up-to-date: /home/ros2/tower_ws/install/nav_messages/share/nav_messages/cmake/rosidl_cmake_export_typesupport_libraries-extras.cmake
[2.483s] -- Up-to-date: /home/ros2/tower_ws/install/nav_messages/share/nav_messages/cmake/ament_cmake_export_assemblies-extras.cmake
[2.483s] -- Up-to-date: /home/ros2/tower_ws/install/nav_messages/share/nav_messages/cmake/rosidl_cmake_aggregate_target-extras.cmake
[2.483s] -- Up-to-date: /home/ros2/tower_ws/install/nav_messages/share/nav_messages/cmake/nav_messagesConfig.cmake
[2.483s] -- Up-to-date: /home/ros2/tower_ws/install/nav_messages/share/nav_messages/cmake/nav_messagesConfig-version.cmake
[2.483s] -- Up-to-date: /home/ros2/tower_ws/install/nav_messages/share/nav_messages/package.xml
[2.486s] Invoked command in '/home/ros2/tower_ws/build/nav_messages' returned '0': CMAKE_PREFIX_PATH=${CMAKE_PREFIX_PATH}:/home/ros2/Downloads/final-ai/install/py_fakedata:/home/ros2/Downloads/final-ai/install/py_detectionmessage:/home/ros2/Downloads/final-ai/install/py_aiproc:/opt/ros/humble /usr/bin/cmake --install /home/ros2/tower_ws/build/nav_messages
