running egg_info
creating ../../build/sensor_bringup/sensor_bringup.egg-info
writing ../../build/sensor_bringup/sensor_bringup.egg-info/PKG-INFO
writing dependency_links to ../../build/sensor_bringup/sensor_bringup.egg-info/dependency_links.txt
writing entry points to ../../build/sensor_bringup/sensor_bringup.egg-info/entry_points.txt
writing requirements to ../../build/sensor_bringup/sensor_bringup.egg-info/requires.txt
writing top-level names to ../../build/sensor_bringup/sensor_bringup.egg-info/top_level.txt
writing manifest file '../../build/sensor_bringup/sensor_bringup.egg-info/SOURCES.txt'
reading manifest file '../../build/sensor_bringup/sensor_bringup.egg-info/SOURCES.txt'
adding license file 'LICENSE'
writing manifest file '../../build/sensor_bringup/sensor_bringup.egg-info/SOURCES.txt'
running build
running build_py
creating /home/ros2/tower_ws/build/sensor_bringup/build
creating /home/ros2/tower_ws/build/sensor_bringup/build/lib
creating /home/ros2/tower_ws/build/sensor_bringup/build/lib/sensor_bringup
copying sensor_bringup/__init__.py -> /home/ros2/tower_ws/build/sensor_bringup/build/lib/sensor_bringup
running install
running install_lib
creating /home/ros2/tower_ws/install/sensor_bringup/lib/python3.10/site-packages/sensor_bringup
copying /home/ros2/tower_ws/build/sensor_bringup/build/lib/sensor_bringup/__init__.py -> /home/ros2/tower_ws/install/sensor_bringup/lib/python3.10/site-packages/sensor_bringup
byte-compiling /home/ros2/tower_ws/install/sensor_bringup/lib/python3.10/site-packages/sensor_bringup/__init__.py to __init__.cpython-310.pyc
running install_data
creating /home/ros2/tower_ws/install/sensor_bringup/share/ament_index
creating /home/ros2/tower_ws/install/sensor_bringup/share/ament_index/resource_index
creating /home/ros2/tower_ws/install/sensor_bringup/share/ament_index/resource_index/packages
copying resource/sensor_bringup -> /home/ros2/tower_ws/install/sensor_bringup/share/ament_index/resource_index/packages
copying package.xml -> /home/ros2/tower_ws/install/sensor_bringup/share/sensor_bringup
running install_egg_info
Copying ../../build/sensor_bringup/sensor_bringup.egg-info to /home/ros2/tower_ws/install/sensor_bringup/lib/python3.10/site-packages/sensor_bringup-0.0.0-py3.10.egg-info
running install_scripts
writing list of installed files to '/home/ros2/tower_ws/build/sensor_bringup/install.log'
