[  8%] [32mBuilding CXX object CMakeFiles/video_capture_manager.dir/src/common/video_capture_manager.cpp.o[0m
[ 16%] [32mBuilding CXX object CMakeFiles/camera_publisher.dir/src/publishers/camera_publisher_main.cpp.o[0m
[ 25%] [32mBuilding CXX object CMakeFiles/video_capture_manager.dir/src/common/video_capture_manager_main.cpp.o[0m
[ 33%] [32mBuilding CXX object CMakeFiles/camera_publisher.dir/src/publishers/camera_publisher.cpp.o[0m
[ 41%] [32mBuilding CXX object CMakeFiles/camera_subscriber.dir/src/subscribers/camera_subscriber.cpp.o[0m
[ 50%] [32mBuilding CXX object CMakeFiles/camera_subscriber.dir/src/subscribers/camera_subscriber_main.cpp.o[0m
[ 58%] [32mBuilding CXX object CMakeFiles/camera_subscriber_to_video.dir/src/subscribers/camera_subscriber_to_video_main.cpp.o[0m
[ 66%] [32mBuilding CXX object CMakeFiles/camera_subscriber_to_video.dir/src/subscribers/camera_subscriber_to_video.cpp.o[0m
[ 75%] [32m[1mLinking CXX executable video_capture_manager[0m
[ 75%] Built target video_capture_manager
[ 83%] [32m[1mLinking CXX executable camera_publisher[0m
[ 83%] Built target camera_publisher
[ 91%] [32m[1mLinking CXX executable camera_subscriber[0m
[100%] [32m[1mLinking CXX executable camera_subscriber_to_video[0m
[100%] Built target camera_subscriber
[100%] Built target camera_subscriber_to_video
-- Install configuration: ""
-- Installing: /home/ros2/tower_ws/install/nav_camera/lib/nav_camera/video_capture_manager
-- Set runtime path of "/home/ros2/tower_ws/install/nav_camera/lib/nav_camera/video_capture_manager" to ""
-- Installing: /home/ros2/tower_ws/install/nav_camera/lib/nav_camera/camera_publisher
-- Set runtime path of "/home/ros2/tower_ws/install/nav_camera/lib/nav_camera/camera_publisher" to ""
-- Installing: /home/ros2/tower_ws/install/nav_camera/lib/nav_camera/camera_subscriber
-- Set runtime path of "/home/ros2/tower_ws/install/nav_camera/lib/nav_camera/camera_subscriber" to ""
-- Installing: /home/ros2/tower_ws/install/nav_camera/lib/nav_camera/camera_subscriber_to_video
-- Set runtime path of "/home/ros2/tower_ws/install/nav_camera/lib/nav_camera/camera_subscriber_to_video" to ""
-- Up-to-date: /home/ros2/tower_ws/install/nav_camera/share/ament_index/resource_index/package_run_dependencies/nav_camera
-- Up-to-date: /home/ros2/tower_ws/install/nav_camera/share/ament_index/resource_index/parent_prefix_path/nav_camera
-- Up-to-date: /home/ros2/tower_ws/install/nav_camera/share/nav_camera/environment/ament_prefix_path.sh
-- Up-to-date: /home/ros2/tower_ws/install/nav_camera/share/nav_camera/environment/ament_prefix_path.dsv
-- Up-to-date: /home/ros2/tower_ws/install/nav_camera/share/nav_camera/environment/path.sh
-- Up-to-date: /home/ros2/tower_ws/install/nav_camera/share/nav_camera/environment/path.dsv
-- Up-to-date: /home/ros2/tower_ws/install/nav_camera/share/nav_camera/local_setup.bash
-- Up-to-date: /home/ros2/tower_ws/install/nav_camera/share/nav_camera/local_setup.sh
-- Up-to-date: /home/ros2/tower_ws/install/nav_camera/share/nav_camera/local_setup.zsh
-- Up-to-date: /home/ros2/tower_ws/install/nav_camera/share/nav_camera/local_setup.dsv
-- Installing: /home/ros2/tower_ws/install/nav_camera/share/nav_camera/package.dsv
-- Up-to-date: /home/ros2/tower_ws/install/nav_camera/share/ament_index/resource_index/packages/nav_camera
-- Up-to-date: /home/ros2/tower_ws/install/nav_camera/share/nav_camera/cmake/nav_cameraConfig.cmake
-- Up-to-date: /home/ros2/tower_ws/install/nav_camera/share/nav_camera/cmake/nav_cameraConfig-version.cmake
-- Up-to-date: /home/ros2/tower_ws/install/nav_camera/share/nav_camera/package.xml
