-- The C compiler identification is GNU 11.4.0
-- The CXX compiler identification is GNU 11.4.0
-- Detecting C compiler ABI info
-- Detecting C compiler ABI info - done
-- Check for working C compiler: /usr/bin/cc - skipped
-- Detecting C compile features
-- Detecting C compile features - done
-- Detecting CXX compiler ABI info
-- Detecting CXX compiler ABI info - done
-- Check for working CXX compiler: /usr/bin/c++ - skipped
-- Detecting CXX compile features
-- Detecting CXX compile features - done
[31mCMake Error at /usr/share/cmake-3.22/Modules/FindPackageHandleStandardArgs.cmake:230 (message):
  Could NOT find Protobuf (missing: Protobuf_LIBRARIES Protobuf_INCLUDE_DIR)
Call Stack (most recent call first):
  /usr/share/cmake-3.22/Modules/FindPackageHandleStandardArgs.cmake:594 (_FPHSA_FAILURE_MESSAGE)
  /usr/share/cmake-3.22/Modules/FindProtobuf.cmake:650 (FIND_PACKAGE_HANDLE_STANDARD_ARGS)
  CMakeLists.txt:7 (find_package)

[0m
-- Configuring incomplete, errors occurred!
See also "/home/ros2/tower_ws/build/IASDK/CMakeFiles/CMakeOutput.log".
