-- The C compiler identification is GNU 11.4.0
-- The CXX compiler identification is GNU 11.4.0
-- Detecting C compiler ABI info
-- Detecting C compiler ABI info - done
-- Check for working C compiler: /usr/bin/cc - skipped
-- Detecting C compile features
-- Detecting C compile features - done
-- Detecting CXX compiler ABI info
-- Detecting CXX compiler ABI info - done
-- Check for working CXX compiler: /usr/bin/c++ - skipped
-- Detecting CXX compile features
-- Detecting CXX compile features - done
-- Found ament_cmake: 1.3.14 (/opt/ros/humble/share/ament_cmake/cmake)
-- Found Python3: /usr/bin/python3 (found version "3.10.12") found components: Interpreter 
-- Found std_msgs: 4.9.0 (/home/ros2/Downloads/ros2cs/install/share/std_msgs/cmake)
-- Found rosidl_generator_c: 3.1.9 (/opt/ros/humble/share/rosidl_generator_c/cmake)
-- Found rosidl_adapter: 3.1.9 (/opt/ros/humble/share/rosidl_adapter/cmake)
-- Found rosidl_generator_cpp: 3.1.9 (/opt/ros/humble/share/rosidl_generator_cpp/cmake)
-- Using all available rosidl_typesupport_c: rosidl_typesupport_fastrtps_c;rosidl_typesupport_introspection_c
-- Using all available rosidl_typesupport_cpp: rosidl_typesupport_fastrtps_cpp;rosidl_typesupport_introspection_cpp
-- Found rosidl_default_generators: 1.2.0 (/home/ros2/Downloads/ros2cs/install/share/rosidl_default_generators/cmake)
-- Found rmw_implementation_cmake: 6.1.3 (/opt/ros/humble/share/rmw_implementation_cmake/cmake)
-- Found ament_cmake_ros: 0.10.0 (/opt/ros/humble/share/ament_cmake_ros/cmake)
-- Using all available rosidl_typesupport_c: rosidl_typesupport_fastrtps_c;rosidl_typesupport_introspection_c
-- Using all available rosidl_typesupport_cpp: rosidl_typesupport_fastrtps_cpp;rosidl_typesupport_introspection_cpp
-- Found ament_cmake_export_assemblies: 0.0.0 (/home/ros2/Downloads/ros2cs/install/share/ament_cmake_export_assemblies/cmake)
-- Found dotnet_cmake_module: 0.0.0 (/home/ros2/Downloads/ros2cs/install/share/dotnet_cmake_module/cmake)
-- Found DotNetCore: /usr/bin/dotnet  
-- Found .NET Core: 6.0.136
-- Using Framework: netstandard2.0
-- Using Framework: netstandard2.0
-- Using Runtime: linux-x64
-- Found ros2cs_common: 2.0.0 (/home/ros2/Downloads/ros2cs/install/share/ros2cs_common/cmake)
-- Found OpenSSL: /usr/lib/x86_64-linux-gnu/libcrypto.so (found version "3.0.2")  
-- Found FastRTPS: /opt/ros/humble/include  
-- Generating C# code for ROS interfaces /home/ros2/tower_ws/build/ouster_sensor_msgs/rosidl_generator_cs/ouster_sensor_msgs/msg/packet_msg.cs;/home/ros2/tower_ws/build/ouster_sensor_msgs/rosidl_generator_cs/ouster_sensor_msgs/msg/telemetry.cs and /home/ros2/tower_ws/build/ouster_sensor_msgs/rosidl_generator_cs/ouster_sensor_msgs/srv/get_config.cs;/home/ros2/tower_ws/build/ouster_sensor_msgs/rosidl_generator_cs/ouster_sensor_msgs/srv/set_config.cs;/home/ros2/tower_ws/build/ouster_sensor_msgs/rosidl_generator_cs/ouster_sensor_msgs/srv/get_metadata.cs
-- Adding custom target
-- Found PythonInterp: /usr/bin/python3 (found suitable version "3.10.12", minimum required is "3.6") 
-- Found python_cmake_module: 0.10.0 (/opt/ros/humble/share/python_cmake_module/cmake)
-- Found PythonLibs: /usr/lib/x86_64-linux-gnu/libpython3.10.so (found suitable version "3.10.12", minimum required is "3.5") 
-- Using PYTHON_EXECUTABLE: /usr/bin/python3
-- Using PYTHON_INCLUDE_DIRS: /usr/include/python3.10
-- Using PYTHON_LIBRARIES: /usr/lib/x86_64-linux-gnu/libpython3.10.so
-- Found PythonExtra: .so  
-- Configuring done
-- Generating done
-- Build files have been written to: /home/ros2/tower_ws/build/ouster_sensor_msgs
[  0%] [34m[1mGenerating C code for ROS interfaces[0m
[  0%] [34m[1mGenerating C++ code for ROS interfaces[0m
[  1%] [34m[1mGenerating C# code for ROS interfaces[0m
[  2%] [34m[1mGenerating Rust code for ROS interfaces[0m
[  2%] Built target ament_cmake_python_copy_ouster_sensor_msgs
running egg_info
creating ouster_sensor_msgs.egg-info
writing ouster_sensor_msgs.egg-info/PKG-INFO
writing dependency_links to ouster_sensor_msgs.egg-info/dependency_links.txt
writing top-level names to ouster_sensor_msgs.egg-info/top_level.txt
writing manifest file 'ouster_sensor_msgs.egg-info/SOURCES.txt'
reading manifest file 'ouster_sensor_msgs.egg-info/SOURCES.txt'
writing manifest file 'ouster_sensor_msgs.egg-info/SOURCES.txt'
[  2%] Built target ament_cmake_python_build_ouster_sensor_msgs_egg
[  2%] Built target ouster_sensor_msgs__rs
[  2%] Built target ouster_sensor_msgs__cpp
[  2%] [34m[1mGenerating C++ introspection for ROS interfaces[0m
[  3%] [34m[1mGenerating C++ type support for eProsima Fast-RTPS[0m
[  4%] [34m[1mGenerating C++ type support dispatch for ROS interfaces[0m
[  5%] [32mBuilding C object CMakeFiles/ouster_sensor_msgs__rosidl_generator_c.dir/rosidl_generator_c/ouster_sensor_msgs/msg/detail/packet_msg__functions.c.o[0m
[  6%] [32mBuilding C object CMakeFiles/ouster_sensor_msgs__rosidl_generator_c.dir/rosidl_generator_c/ouster_sensor_msgs/msg/detail/telemetry__functions.c.o[0m
[  6%] [32mBuilding C object CMakeFiles/ouster_sensor_msgs__rosidl_generator_c.dir/rosidl_generator_c/ouster_sensor_msgs/srv/detail/get_config__functions.c.o[0m
[  7%] [32mBuilding C object CMakeFiles/ouster_sensor_msgs__rosidl_generator_c.dir/rosidl_generator_c/ouster_sensor_msgs/srv/detail/get_metadata__functions.c.o[0m
[  8%] [32mBuilding C object CMakeFiles/ouster_sensor_msgs__rosidl_generator_c.dir/rosidl_generator_c/ouster_sensor_msgs/srv/detail/set_config__functions.c.o[0m
[  8%] [32m[1mLinking C shared library libouster_sensor_msgs__rosidl_generator_c.so[0m
[  8%] Built target ouster_sensor_msgs__rosidl_generator_c
[  9%] [34m[1mGenerating C type support for eProsima Fast-RTPS[0m
[ 10%] [34m[1mGenerating C type support dispatch for ROS interfaces[0m
[ 10%] [34m[1mGenerating C introspection for ROS interfaces[0m
[ 11%] [32mBuilding CXX object CMakeFiles/ouster_sensor_msgs__rosidl_typesupport_introspection_cpp.dir/rosidl_typesupport_introspection_cpp/ouster_sensor_msgs/msg/detail/packet_msg__type_support.cpp.o[0m
[ 12%] [32mBuilding CXX object CMakeFiles/ouster_sensor_msgs__rosidl_typesupport_introspection_cpp.dir/rosidl_typesupport_introspection_cpp/ouster_sensor_msgs/msg/detail/telemetry__type_support.cpp.o[0m
[ 12%] [32mBuilding CXX object CMakeFiles/ouster_sensor_msgs__rosidl_typesupport_introspection_cpp.dir/rosidl_typesupport_introspection_cpp/ouster_sensor_msgs/srv/detail/get_config__type_support.cpp.o[0m
[ 13%] [32mBuilding CXX object CMakeFiles/ouster_sensor_msgs__rosidl_typesupport_introspection_cpp.dir/rosidl_typesupport_introspection_cpp/ouster_sensor_msgs/srv/detail/set_config__type_support.cpp.o[0m
[ 14%] [32mBuilding CXX object CMakeFiles/ouster_sensor_msgs__rosidl_typesupport_introspection_cpp.dir/rosidl_typesupport_introspection_cpp/ouster_sensor_msgs/srv/detail/get_metadata__type_support.cpp.o[0m
[ 14%] [32mBuilding CXX object CMakeFiles/ouster_sensor_msgs__rosidl_typesupport_cpp.dir/rosidl_typesupport_cpp/ouster_sensor_msgs/srv/get_metadata__type_support.cpp.o[0m
[ 15%] [32mBuilding CXX object CMakeFiles/ouster_sensor_msgs__rosidl_typesupport_cpp.dir/rosidl_typesupport_cpp/ouster_sensor_msgs/srv/set_config__type_support.cpp.o[0m
[ 15%] [32mBuilding CXX object CMakeFiles/ouster_sensor_msgs__rosidl_typesupport_cpp.dir/rosidl_typesupport_cpp/ouster_sensor_msgs/msg/telemetry__type_support.cpp.o[0m
[ 16%] [32mBuilding CXX object CMakeFiles/ouster_sensor_msgs__rosidl_typesupport_cpp.dir/rosidl_typesupport_cpp/ouster_sensor_msgs/msg/packet_msg__type_support.cpp.o[0m
[ 17%] [32mBuilding CXX object CMakeFiles/ouster_sensor_msgs__rosidl_typesupport_cpp.dir/rosidl_typesupport_cpp/ouster_sensor_msgs/srv/get_config__type_support.cpp.o[0m
[ 18%] [32mBuilding C object CMakeFiles/ouster_sensor_msgs__rosidl_typesupport_introspection_c.dir/rosidl_typesupport_introspection_c/ouster_sensor_msgs/msg/detail/packet_msg__type_support.c.o[0m
[ 19%] [32mBuilding C object CMakeFiles/ouster_sensor_msgs__rosidl_typesupport_introspection_c.dir/rosidl_typesupport_introspection_c/ouster_sensor_msgs/msg/detail/telemetry__type_support.c.o[0m
[ 19%] [32mBuilding C object CMakeFiles/ouster_sensor_msgs__rosidl_typesupport_introspection_c.dir/rosidl_typesupport_introspection_c/ouster_sensor_msgs/srv/detail/get_config__type_support.c.o[0m
[ 20%] [32mBuilding C object CMakeFiles/ouster_sensor_msgs__rosidl_typesupport_introspection_c.dir/rosidl_typesupport_introspection_c/ouster_sensor_msgs/srv/detail/set_config__type_support.c.o[0m
[ 21%] [32mBuilding C object CMakeFiles/ouster_sensor_msgs__rosidl_typesupport_introspection_c.dir/rosidl_typesupport_introspection_c/ouster_sensor_msgs/srv/detail/get_metadata__type_support.c.o[0m
[ 22%] [32mBuilding CXX object CMakeFiles/ouster_sensor_msgs__rosidl_typesupport_fastrtps_cpp.dir/rosidl_typesupport_fastrtps_cpp/ouster_sensor_msgs/msg/detail/dds_fastrtps/telemetry__type_support.cpp.o[0m
[ 22%] [32mBuilding CXX object CMakeFiles/ouster_sensor_msgs__rosidl_typesupport_fastrtps_cpp.dir/rosidl_typesupport_fastrtps_cpp/ouster_sensor_msgs/msg/detail/dds_fastrtps/packet_msg__type_support.cpp.o[0m
[ 23%] [32mBuilding CXX object CMakeFiles/ouster_sensor_msgs__rosidl_typesupport_fastrtps_cpp.dir/rosidl_typesupport_fastrtps_cpp/ouster_sensor_msgs/srv/detail/dds_fastrtps/get_config__type_support.cpp.o[0m
[ 24%] [32mBuilding CXX object CMakeFiles/ouster_sensor_msgs__rosidl_typesupport_fastrtps_cpp.dir/rosidl_typesupport_fastrtps_cpp/ouster_sensor_msgs/srv/detail/dds_fastrtps/get_metadata__type_support.cpp.o[0m
[ 24%] [32mBuilding CXX object CMakeFiles/ouster_sensor_msgs__rosidl_typesupport_fastrtps_cpp.dir/rosidl_typesupport_fastrtps_cpp/ouster_sensor_msgs/srv/detail/dds_fastrtps/set_config__type_support.cpp.o[0m
[ 24%] [32m[1mLinking C shared library libouster_sensor_msgs__rosidl_typesupport_introspection_c.so[0m
[ 24%] Built target ouster_sensor_msgs__cs
[ 25%] [34m[1m/usr/bin/cmake;-version;/usr/bin/dotnet restore ouster_sensor_msgs_assembly_dotnetcore.csproj;          /usr/bin/dotnet build ouster_sensor_msgs_assembly_dotnetcore.csproj -> /home/ros2/tower_ws/build/ouster_sensor_msgs/ouster_sensor_msgs_assembly[0m
[ 25%] Built target ouster_sensor_msgs__rosidl_typesupport_introspection_c
[ 26%] [32m[1mLinking CXX shared library libouster_sensor_msgs__rosidl_typesupport_cpp.so[0m
cmake version 3.22.1

CMake suite maintained and supported by Kitware (kitware.com/cmake).
[ 26%] Built target ouster_sensor_msgs__rosidl_typesupport_cpp
[ 27%] [32mBuilding CXX object CMakeFiles/ouster_sensor_msgs__rosidl_typesupport_c.dir/rosidl_typesupport_c/ouster_sensor_msgs/msg/packet_msg__type_support.cpp.o[0m
[ 27%] [32mBuilding CXX object CMakeFiles/ouster_sensor_msgs__rosidl_typesupport_c.dir/rosidl_typesupport_c/ouster_sensor_msgs/msg/telemetry__type_support.cpp.o[0m
[ 28%] [32mBuilding CXX object CMakeFiles/ouster_sensor_msgs__rosidl_typesupport_c.dir/rosidl_typesupport_c/ouster_sensor_msgs/srv/get_config__type_support.cpp.o[0m
[ 28%] [32mBuilding CXX object CMakeFiles/ouster_sensor_msgs__rosidl_typesupport_c.dir/rosidl_typesupport_c/ouster_sensor_msgs/srv/get_metadata__type_support.cpp.o[0m
[ 29%] [32mBuilding CXX object CMakeFiles/ouster_sensor_msgs__rosidl_typesupport_c.dir/rosidl_typesupport_c/ouster_sensor_msgs/srv/set_config__type_support.cpp.o[0m
[ 29%] [32mBuilding CXX object CMakeFiles/ouster_sensor_msgs__rosidl_typesupport_fastrtps_c.dir/rosidl_typesupport_fastrtps_c/ouster_sensor_msgs/msg/detail/packet_msg__type_support_c.cpp.o[0m
[ 30%] [32mBuilding CXX object CMakeFiles/ouster_sensor_msgs__rosidl_typesupport_fastrtps_c.dir/rosidl_typesupport_fastrtps_c/ouster_sensor_msgs/srv/detail/get_metadata__type_support_c.cpp.o[0m
[ 30%] [32mBuilding CXX object CMakeFiles/ouster_sensor_msgs__rosidl_typesupport_fastrtps_c.dir/rosidl_typesupport_fastrtps_c/ouster_sensor_msgs/srv/detail/set_config__type_support_c.cpp.o[0m
[ 31%] [32mBuilding CXX object CMakeFiles/ouster_sensor_msgs__rosidl_typesupport_fastrtps_c.dir/rosidl_typesupport_fastrtps_c/ouster_sensor_msgs/msg/detail/telemetry__type_support_c.cpp.o[0m
[ 32%] [32mBuilding CXX object CMakeFiles/ouster_sensor_msgs__rosidl_typesupport_fastrtps_c.dir/rosidl_typesupport_fastrtps_c/ouster_sensor_msgs/srv/detail/get_config__type_support_c.cpp.o[0m
[ 33%] [32m[1mLinking CXX shared library libouster_sensor_msgs__rosidl_typesupport_c.so[0m
[ 33%] [32m[1mLinking CXX shared library libouster_sensor_msgs__rosidl_typesupport_introspection_cpp.so[0m
[ 33%] Built target ouster_sensor_msgs__rosidl_typesupport_c
[ 34%] [32mBuilding C object CMakeFiles/ouster_sensor_msgs_packet_msg__rosidl_typesupport_c.dir/rosidl_generator_cs/ouster_sensor_msgs/msg/packet_msg_s.c.o[0m
[?1h=[ 35%] [32mBuilding C object CMakeFiles/ouster_sensor_msgs_telemetry__rosidl_typesupport_c.dir/rosidl_generator_cs/ouster_sensor_msgs/msg/telemetry.ep.rosidl_typesupport_c.c.o[0m
[ 34%] [32mBuilding C object CMakeFiles/ouster_sensor_msgs_packet_msg__rosidl_typesupport_c.dir/rosidl_generator_cs/ouster_sensor_msgs/msg/telemetry_s.c.o[0m
[ 36%] [32mBuilding C object CMakeFiles/ouster_sensor_msgs_telemetry__rosidl_typesupport_c.dir/rosidl_generator_cs/ouster_sensor_msgs/msg/packet_msg_s.c.o[0m
[ 37%] [32mBuilding C object CMakeFiles/ouster_sensor_msgs_packet_msg__rosidl_typesupport_c.dir/rosidl_generator_cs/ouster_sensor_msgs/msg/packet_msg.ep.rosidl_typesupport_c.c.o[0m
[ 38%] [32mBuilding C object CMakeFiles/ouster_sensor_msgs_packet_msg__rosidl_typesupport_introspection_c.dir/rosidl_generator_cs/ouster_sensor_msgs/msg/packet_msg.ep.rosidl_typesupport_introspection_c.c.o[0m
[ 39%] [32mBuilding C object CMakeFiles/ouster_sensor_msgs_srv_get_config__rosidl_typesupport_c.dir/rosidl_generator_cs/ouster_sensor_msgs/srv/get_config.ep.rosidl_typesupport_c.c.o[0m
[ 39%] Built target ouster_sensor_msgs__rosidl_typesupport_introspection_cpp
[ 40%] [32mBuilding C object CMakeFiles/ouster_sensor_msgs_srv_get_config__rosidl_typesupport_introspection_c.dir/rosidl_generator_cs/ouster_sensor_msgs/srv/get_config.ep.rosidl_typesupport_introspection_c.c.o[0m
[ 41%] [32mBuilding C object CMakeFiles/ouster_sensor_msgs_srv_set_config__rosidl_typesupport_introspection_c.dir/rosidl_generator_cs/ouster_sensor_msgs/srv/set_config.ep.rosidl_typesupport_introspection_c.c.o[0m
[ 42%] [32mBuilding C object CMakeFiles/ouster_sensor_msgs_telemetry__rosidl_typesupport_introspection_c.dir/rosidl_generator_cs/ouster_sensor_msgs/msg/telemetry.ep.rosidl_typesupport_introspection_c.c.o[0m
[ 43%] [32mBuilding C object CMakeFiles/ouster_sensor_msgs_srv_set_config__rosidl_typesupport_c.dir/rosidl_generator_cs/ouster_sensor_msgs/srv/set_config.ep.rosidl_typesupport_c.c.o[0m
[ 44%] [32mBuilding C object CMakeFiles/ouster_sensor_msgs_srv_get_metadata__rosidl_typesupport_c.dir/rosidl_generator_cs/ouster_sensor_msgs/srv/get_metadata.ep.rosidl_typesupport_c.c.o[0m
[ 44%] [32mBuilding C object CMakeFiles/ouster_sensor_msgs_telemetry__rosidl_typesupport_c.dir/rosidl_generator_cs/ouster_sensor_msgs/msg/telemetry_s.c.o[0m
[ 45%] [32mBuilding C object CMakeFiles/ouster_sensor_msgs_srv_get_metadata__rosidl_typesupport_introspection_c.dir/rosidl_generator_cs/ouster_sensor_msgs/srv/get_metadata.ep.rosidl_typesupport_introspection_c.c.o[0m
[ 46%] [32mBuilding C object CMakeFiles/ouster_sensor_msgs_srv_set_config__rosidl_typesupport_introspection_c.dir/rosidl_generator_cs/ouster_sensor_msgs/srv/get_config_s.c.o[0m
[ 47%] [32mBuilding C object CMakeFiles/ouster_sensor_msgs_srv_get_metadata__rosidl_typesupport_c.dir/rosidl_generator_cs/ouster_sensor_msgs/srv/get_config_s.c.o[0m
[ 47%] [32mBuilding C object CMakeFiles/ouster_sensor_msgs_packet_msg__rosidl_typesupport_introspection_c.dir/rosidl_generator_cs/ouster_sensor_msgs/msg/packet_msg_s.c.o[0m
[ 47%] [32mBuilding C object CMakeFiles/ouster_sensor_msgs_telemetry__rosidl_typesupport_introspection_c.dir/rosidl_generator_cs/ouster_sensor_msgs/msg/packet_msg_s.c.o[0m
[ 48%] [32mBuilding C object CMakeFiles/ouster_sensor_msgs_srv_get_config__rosidl_typesupport_introspection_c.dir/rosidl_generator_cs/ouster_sensor_msgs/srv/get_config_s.c.o[0m
[ 48%] [32mBuilding C object CMakeFiles/ouster_sensor_msgs_srv_get_metadata__rosidl_typesupport_c.dir/rosidl_generator_cs/ouster_sensor_msgs/srv/set_config_s.c.o[0m
[ 49%] [32mBuilding C object CMakeFiles/ouster_sensor_msgs_srv_set_config__rosidl_typesupport_c.dir/rosidl_generator_cs/ouster_sensor_msgs/srv/get_config_s.c.o[0m
[ 49%] [32mBuilding C object CMakeFiles/ouster_sensor_msgs_srv_get_config__rosidl_typesupport_introspection_c.dir/rosidl_generator_cs/ouster_sensor_msgs/srv/set_config_s.c.o[0m
[ 50%] [32m[1mLinking C shared library rosidl_generator_cs/ouster_sensor_msgs/msg/libouster_sensor_msgs_packet_msg__rosidl_typesupport_c_native.so[0m
[ 51%] [32mBuilding C object CMakeFiles/ouster_sensor_msgs_srv_get_metadata__rosidl_typesupport_introspection_c.dir/rosidl_generator_cs/ouster_sensor_msgs/srv/get_config_s.c.o[0m
[ 52%] [32mBuilding C object CMakeFiles/ouster_sensor_msgs_srv_get_config__rosidl_typesupport_c.dir/rosidl_generator_cs/ouster_sensor_msgs/srv/get_config_s.c.o[0m
[ 53%] [32mBuilding C object CMakeFiles/ouster_sensor_msgs_telemetry__rosidl_typesupport_introspection_c.dir/rosidl_generator_cs/ouster_sensor_msgs/msg/telemetry_s.c.o[0m
[ 54%] [32m[1mLinking C shared library rosidl_generator_cs/ouster_sensor_msgs/msg/libouster_sensor_msgs_telemetry__rosidl_typesupport_c_native.so[0m
[ 55%] [32mBuilding C object CMakeFiles/ouster_sensor_msgs_srv_get_config__rosidl_typesupport_introspection_c.dir/rosidl_generator_cs/ouster_sensor_msgs/srv/get_metadata_s.c.o[0m
[ 55%] [32mBuilding C object CMakeFiles/ouster_sensor_msgs_srv_set_config__rosidl_typesupport_introspection_c.dir/rosidl_generator_cs/ouster_sensor_msgs/srv/set_config_s.c.o[0m
[ 56%] [32mBuilding C object CMakeFiles/ouster_sensor_msgs_packet_msg__rosidl_typesupport_introspection_c.dir/rosidl_generator_cs/ouster_sensor_msgs/msg/telemetry_s.c.o[0m
[ 56%] [32mBuilding C object CMakeFiles/ouster_sensor_msgs_srv_set_config__rosidl_typesupport_c.dir/rosidl_generator_cs/ouster_sensor_msgs/srv/set_config_s.c.o[0m
[ 56%] [32mBuilding C object CMakeFiles/ouster_sensor_msgs_srv_get_config__rosidl_typesupport_c.dir/rosidl_generator_cs/ouster_sensor_msgs/srv/set_config_s.c.o[0m
[ 57%] [32mBuilding C object CMakeFiles/ouster_sensor_msgs_srv_set_config__rosidl_typesupport_introspection_c.dir/rosidl_generator_cs/ouster_sensor_msgs/srv/get_metadata_s.c.o[0m
[ 58%] [32mBuilding C object CMakeFiles/ouster_sensor_msgs_srv_set_config__rosidl_typesupport_c.dir/rosidl_generator_cs/ouster_sensor_msgs/srv/get_metadata_s.c.o[0m
[ 59%] [32mBuilding C object CMakeFiles/ouster_sensor_msgs_srv_get_config__rosidl_typesupport_c.dir/rosidl_generator_cs/ouster_sensor_msgs/srv/get_metadata_s.c.o[0m
[ 60%] [32mBuilding C object CMakeFiles/ouster_sensor_msgs_srv_get_metadata__rosidl_typesupport_c.dir/rosidl_generator_cs/ouster_sensor_msgs/srv/get_metadata_s.c.o[0m
[ 60%] [32mBuilding C object CMakeFiles/ouster_sensor_msgs_srv_get_metadata__rosidl_typesupport_introspection_c.dir/rosidl_generator_cs/ouster_sensor_msgs/srv/set_config_s.c.o[0m
[ 61%] [32mBuilding C object CMakeFiles/ouster_sensor_msgs_srv_get_metadata__rosidl_typesupport_introspection_c.dir/rosidl_generator_cs/ouster_sensor_msgs/srv/get_metadata_s.c.o[0m
[ 61%] Built target ouster_sensor_msgs_packet_msg__rosidl_typesupport_c
[ 62%] [32m[1mLinking C shared library rosidl_generator_cs/ouster_sensor_msgs/msg/libouster_sensor_msgs_telemetry__rosidl_typesupport_introspection_c_native.so[0m
[ 62%] Built target ouster_sensor_msgs_telemetry__rosidl_typesupport_c
[ 63%] [32m[1mLinking C shared library rosidl_generator_cs/ouster_sensor_msgs/srv/libouster_sensor_msgs_srv_get_config__rosidl_typesupport_introspection_c_native.so[0m
[ 64%] [32m[1mLinking C shared library rosidl_generator_cs/ouster_sensor_msgs/msg/libouster_sensor_msgs_packet_msg__rosidl_typesupport_introspection_c_native.so[0m
[ 65%] Built target ouster_sensor_msgs_telemetry__rosidl_typesupport_introspection_c
[ 66%] [32m[1mLinking C shared library rosidl_generator_cs/ouster_sensor_msgs/srv/libouster_sensor_msgs_srv_get_config__rosidl_typesupport_c_native.so[0m
[ 67%] [32m[1mLinking C shared library rosidl_generator_cs/ouster_sensor_msgs/srv/libouster_sensor_msgs_srv_set_config__rosidl_typesupport_introspection_c_native.so[0m
[ 68%] [32m[1mLinking C shared library rosidl_generator_cs/ouster_sensor_msgs/srv/libouster_sensor_msgs_srv_set_config__rosidl_typesupport_c_native.so[0m
[ 69%] [32m[1mLinking C shared library rosidl_generator_cs/ouster_sensor_msgs/srv/libouster_sensor_msgs_srv_get_metadata__rosidl_typesupport_c_native.so[0m
[ 70%] [32m[1mLinking C shared library rosidl_generator_cs/ouster_sensor_msgs/srv/libouster_sensor_msgs_srv_get_metadata__rosidl_typesupport_introspection_c_native.so[0m
[ 70%] Built target ouster_sensor_msgs_srv_get_config__rosidl_typesupport_introspection_c
[ 71%] Built target ouster_sensor_msgs_packet_msg__rosidl_typesupport_introspection_c
[ 71%] Built target ouster_sensor_msgs_srv_get_config__rosidl_typesupport_c
[ 71%] Built target ouster_sensor_msgs_srv_set_config__rosidl_typesupport_introspection_c
[ 71%] Built target ouster_sensor_msgs_srv_get_metadata__rosidl_typesupport_introspection_c
[ 71%] Built target ouster_sensor_msgs_srv_get_metadata__rosidl_typesupport_c
[ 71%] Built target ouster_sensor_msgs_srv_set_config__rosidl_typesupport_c
[ 72%] [32m[1mLinking CXX shared library libouster_sensor_msgs__rosidl_typesupport_fastrtps_cpp.so[0m
[ 73%] [32m[1mLinking CXX shared library libouster_sensor_msgs__rosidl_typesupport_fastrtps_c.so[0m
[ 73%] Built target ouster_sensor_msgs__rosidl_typesupport_fastrtps_cpp
[ 73%] Built target ouster_sensor_msgs__rosidl_typesupport_fastrtps_c
[ 73%] [32mBuilding C object CMakeFiles/ouster_sensor_msgs_packet_msg__rosidl_typesupport_fastrtps_c.dir/rosidl_generator_cs/ouster_sensor_msgs/msg/packet_msg.ep.rosidl_typesupport_fastrtps_c.c.o[0m
[ 74%] [32mBuilding C object CMakeFiles/ouster_sensor_msgs_packet_msg__rosidl_typesupport_fastrtps_c.dir/rosidl_generator_cs/ouster_sensor_msgs/msg/packet_msg_s.c.o[0m
[ 75%] [32mBuilding C object CMakeFiles/ouster_sensor_msgs_packet_msg__rosidl_typesupport_fastrtps_c.dir/rosidl_generator_cs/ouster_sensor_msgs/msg/telemetry_s.c.o[0m
[ 75%] Built target ouster_sensor_msgs
[ 77%] [32mBuilding C object CMakeFiles/ouster_sensor_msgs_srv_get_config__rosidl_typesupport_fastrtps_c.dir/rosidl_generator_cs/ouster_sensor_msgs/srv/get_metadata_s.c.o[0m
[ 77%] [32mBuilding C object CMakeFiles/ouster_sensor_msgs_srv_get_config__rosidl_typesupport_fastrtps_c.dir/rosidl_generator_cs/ouster_sensor_msgs/srv/get_config.ep.rosidl_typesupport_fastrtps_c.c.o[0m
[ 78%] [32mBuilding C object CMakeFiles/ouster_sensor_msgs_srv_get_config__rosidl_typesupport_fastrtps_c.dir/rosidl_generator_cs/ouster_sensor_msgs/srv/get_config_s.c.o[0m
[ 78%] [32mBuilding C object CMakeFiles/ouster_sensor_msgs_srv_get_config__rosidl_typesupport_fastrtps_c.dir/rosidl_generator_cs/ouster_sensor_msgs/srv/set_config_s.c.o[0m
[ 79%] [32mBuilding C object CMakeFiles/ouster_sensor_msgs_srv_set_config__rosidl_typesupport_fastrtps_c.dir/rosidl_generator_cs/ouster_sensor_msgs/srv/set_config.ep.rosidl_typesupport_fastrtps_c.c.o[0m
[ 79%] [32mBuilding C object CMakeFiles/ouster_sensor_msgs_srv_set_config__rosidl_typesupport_fastrtps_c.dir/rosidl_generator_cs/ouster_sensor_msgs/srv/set_config_s.c.o[0m
[ 80%] [32mBuilding C object CMakeFiles/ouster_sensor_msgs_telemetry__rosidl_typesupport_fastrtps_c.dir/rosidl_generator_cs/ouster_sensor_msgs/msg/packet_msg_s.c.o[0m
[ 81%] [32mBuilding C object CMakeFiles/ouster_sensor_msgs_srv_get_metadata__rosidl_typesupport_fastrtps_c.dir/rosidl_generator_cs/ouster_sensor_msgs/srv/get_metadata.ep.rosidl_typesupport_fastrtps_c.c.o[0m
[ 82%] [32mBuilding C object CMakeFiles/ouster_sensor_msgs_telemetry__rosidl_typesupport_fastrtps_c.dir/rosidl_generator_cs/ouster_sensor_msgs/msg/telemetry.ep.rosidl_typesupport_fastrtps_c.c.o[0m
[ 83%] [32mBuilding C object CMakeFiles/ouster_sensor_msgs_srv_get_metadata__rosidl_typesupport_fastrtps_c.dir/rosidl_generator_cs/ouster_sensor_msgs/srv/get_config_s.c.o[0m
[ 84%] [32mBuilding C object CMakeFiles/ouster_sensor_msgs_srv_set_config__rosidl_typesupport_fastrtps_c.dir/rosidl_generator_cs/ouster_sensor_msgs/srv/get_config_s.c.o[0m
[ 82%] [32mBuilding C object CMakeFiles/ouster_sensor_msgs_telemetry__rosidl_typesupport_fastrtps_c.dir/rosidl_generator_cs/ouster_sensor_msgs/msg/telemetry_s.c.o[0m
[ 85%] [32mBuilding C object CMakeFiles/ouster_sensor_msgs_srv_get_metadata__rosidl_typesupport_fastrtps_c.dir/rosidl_generator_cs/ouster_sensor_msgs/srv/get_metadata_s.c.o[0m
[ 86%] [32mBuilding C object CMakeFiles/ouster_sensor_msgs_srv_set_config__rosidl_typesupport_fastrtps_c.dir/rosidl_generator_cs/ouster_sensor_msgs/srv/get_metadata_s.c.o[0m
[ 86%] [32mBuilding C object CMakeFiles/ouster_sensor_msgs_srv_get_metadata__rosidl_typesupport_fastrtps_c.dir/rosidl_generator_cs/ouster_sensor_msgs/srv/set_config_s.c.o[0m
[ 87%] [34m[1mGenerating Python code for ROS interfaces[0m
[ 87%] [32m[1mLinking C shared library rosidl_generator_cs/ouster_sensor_msgs/msg/libouster_sensor_msgs_packet_msg__rosidl_typesupport_fastrtps_c_native.so[0m
[ 88%] [32m[1mLinking C shared library rosidl_generator_cs/ouster_sensor_msgs/srv/libouster_sensor_msgs_srv_get_config__rosidl_typesupport_fastrtps_c_native.so[0m
[ 89%] [32m[1mLinking C shared library rosidl_generator_cs/ouster_sensor_msgs/srv/libouster_sensor_msgs_srv_set_config__rosidl_typesupport_fastrtps_c_native.so[0m
[ 90%] [32m[1mLinking C shared library rosidl_generator_cs/ouster_sensor_msgs/srv/libouster_sensor_msgs_srv_get_metadata__rosidl_typesupport_fastrtps_c_native.so[0m
[ 90%] [32m[1mLinking C shared library rosidl_generator_cs/ouster_sensor_msgs/msg/libouster_sensor_msgs_telemetry__rosidl_typesupport_fastrtps_c_native.so[0m
[ 91%] Built target ouster_sensor_msgs_packet_msg__rosidl_typesupport_fastrtps_c
[ 91%] Built target ouster_sensor_msgs_srv_get_config__rosidl_typesupport_fastrtps_c
[ 91%] Built target ouster_sensor_msgs_srv_set_config__rosidl_typesupport_fastrtps_c
[ 92%] Built target ouster_sensor_msgs_telemetry__rosidl_typesupport_fastrtps_c
[ 92%] Built target ouster_sensor_msgs_srv_get_metadata__rosidl_typesupport_fastrtps_c
  Determining projects to restore...
  Restored /home/ros2/tower_ws/build/ouster_sensor_msgs/ouster_sensor_msgs_assembly/ouster_sensor_msgs_assembly_dotnetcore.csproj (in 429 ms).
[?1h=Microsoft (R) Build Engine version 17.0.4+85d71072f for .NET
Copyright (C) Microsoft Corporation. All rights reserved.

  Determining projects to restore...
[ 92%] Built target ouster_sensor_msgs__py
[ 93%] [32mBuilding C object CMakeFiles/ouster_sensor_msgs__rosidl_generator_py.dir/rosidl_generator_py/ouster_sensor_msgs/msg/_packet_msg_s.c.o[0m
[ 94%] [32mBuilding C object CMakeFiles/ouster_sensor_msgs__rosidl_generator_py.dir/rosidl_generator_py/ouster_sensor_msgs/msg/_telemetry_s.c.o[0m
[ 95%] [32mBuilding C object CMakeFiles/ouster_sensor_msgs__rosidl_generator_py.dir/rosidl_generator_py/ouster_sensor_msgs/srv/_get_metadata_s.c.o[0m
[ 95%] [32mBuilding C object CMakeFiles/ouster_sensor_msgs__rosidl_generator_py.dir/rosidl_generator_py/ouster_sensor_msgs/srv/_get_config_s.c.o[0m
[ 96%] [32mBuilding C object CMakeFiles/ouster_sensor_msgs__rosidl_generator_py.dir/rosidl_generator_py/ouster_sensor_msgs/srv/_set_config_s.c.o[0m
[ 96%] [32m[1mLinking C shared library rosidl_generator_py/ouster_sensor_msgs/libouster_sensor_msgs__rosidl_generator_py.so[0m
[ 96%] Built target ouster_sensor_msgs__rosidl_generator_py
[ 96%] [32mBuilding C object CMakeFiles/ouster_sensor_msgs__rosidl_typesupport_fastrtps_c__pyext.dir/rosidl_generator_py/ouster_sensor_msgs/_ouster_sensor_msgs_s.ep.rosidl_typesupport_fastrtps_c.c.o[0m
[ 97%] [32mBuilding C object CMakeFiles/ouster_sensor_msgs__rosidl_typesupport_c__pyext.dir/rosidl_generator_py/ouster_sensor_msgs/_ouster_sensor_msgs_s.ep.rosidl_typesupport_c.c.o[0m
[ 98%] [32mBuilding C object CMakeFiles/ouster_sensor_msgs__rosidl_typesupport_introspection_c__pyext.dir/rosidl_generator_py/ouster_sensor_msgs/_ouster_sensor_msgs_s.ep.rosidl_typesupport_introspection_c.c.o[0m
  All projects are up-to-date for restore.
[ 99%] [32m[1mLinking C shared library rosidl_generator_py/ouster_sensor_msgs/ouster_sensor_msgs_s__rosidl_typesupport_fastrtps_c.cpython-310-x86_64-linux-gnu.so[0m
[ 99%] [32m[1mLinking C shared library rosidl_generator_py/ouster_sensor_msgs/ouster_sensor_msgs_s__rosidl_typesupport_c.cpython-310-x86_64-linux-gnu.so[0m
[ 99%] Built target ouster_sensor_msgs__rosidl_typesupport_fastrtps_c__pyext
[ 99%] Built target ouster_sensor_msgs__rosidl_typesupport_c__pyext
[100%] [32m[1mLinking C shared library rosidl_generator_py/ouster_sensor_msgs/ouster_sensor_msgs_s__rosidl_typesupport_introspection_c.cpython-310-x86_64-linux-gnu.so[0m
[100%] Built target ouster_sensor_msgs__rosidl_typesupport_introspection_c__pyext
  ouster_sensor_msgs_assembly_dotnetcore -> /home/ros2/tower_ws/build/ouster_sensor_msgs/netstandard2.0/ouster_sensor_msgs_assembly.dll
[39;49m[92m
Build succeeded.
[39;49m    0 Warning(s)
[39;49m    0 Error(s)
[39;49m
Time Elapsed 00:00:04.09
[100%] Built target ouster_sensor_msgs_assembly
-- Install configuration: ""
-- Installing: /home/ros2/tower_ws/install/ouster_sensor_msgs/share/ament_index/resource_index/rosidl_interfaces/ouster_sensor_msgs
-- Installing: /home/ros2/tower_ws/install/ouster_sensor_msgs/include/ouster_sensor_msgs/ouster_sensor_msgs
-- Installing: /home/ros2/tower_ws/install/ouster_sensor_msgs/include/ouster_sensor_msgs/ouster_sensor_msgs/srv
-- Installing: /home/ros2/tower_ws/install/ouster_sensor_msgs/include/ouster_sensor_msgs/ouster_sensor_msgs/srv/set_config.h
-- Installing: /home/ros2/tower_ws/install/ouster_sensor_msgs/include/ouster_sensor_msgs/ouster_sensor_msgs/srv/get_metadata.h
-- Installing: /home/ros2/tower_ws/install/ouster_sensor_msgs/include/ouster_sensor_msgs/ouster_sensor_msgs/srv/get_config.h
-- Installing: /home/ros2/tower_ws/install/ouster_sensor_msgs/include/ouster_sensor_msgs/ouster_sensor_msgs/srv/detail
-- Installing: /home/ros2/tower_ws/install/ouster_sensor_msgs/include/ouster_sensor_msgs/ouster_sensor_msgs/srv/detail/get_config__type_support.h
-- Installing: /home/ros2/tower_ws/install/ouster_sensor_msgs/include/ouster_sensor_msgs/ouster_sensor_msgs/srv/detail/set_config__functions.h
-- Installing: /home/ros2/tower_ws/install/ouster_sensor_msgs/include/ouster_sensor_msgs/ouster_sensor_msgs/srv/detail/set_config__functions.c
-- Installing: /home/ros2/tower_ws/install/ouster_sensor_msgs/include/ouster_sensor_msgs/ouster_sensor_msgs/srv/detail/get_config__functions.h
-- Installing: /home/ros2/tower_ws/install/ouster_sensor_msgs/include/ouster_sensor_msgs/ouster_sensor_msgs/srv/detail/get_metadata__functions.h
-- Installing: /home/ros2/tower_ws/install/ouster_sensor_msgs/include/ouster_sensor_msgs/ouster_sensor_msgs/srv/detail/get_config__functions.c
-- Installing: /home/ros2/tower_ws/install/ouster_sensor_msgs/include/ouster_sensor_msgs/ouster_sensor_msgs/srv/detail/set_config__struct.h
-- Installing: /home/ros2/tower_ws/install/ouster_sensor_msgs/include/ouster_sensor_msgs/ouster_sensor_msgs/srv/detail/get_metadata__struct.h
-- Installing: /home/ros2/tower_ws/install/ouster_sensor_msgs/include/ouster_sensor_msgs/ouster_sensor_msgs/srv/detail/set_config__type_support.h
-- Installing: /home/ros2/tower_ws/install/ouster_sensor_msgs/include/ouster_sensor_msgs/ouster_sensor_msgs/srv/detail/get_metadata__type_support.h
-- Installing: /home/ros2/tower_ws/install/ouster_sensor_msgs/include/ouster_sensor_msgs/ouster_sensor_msgs/srv/detail/get_metadata__functions.c
-- Installing: /home/ros2/tower_ws/install/ouster_sensor_msgs/include/ouster_sensor_msgs/ouster_sensor_msgs/srv/detail/get_config__struct.h
-- Installing: /home/ros2/tower_ws/install/ouster_sensor_msgs/include/ouster_sensor_msgs/ouster_sensor_msgs/msg
-- Installing: /home/ros2/tower_ws/install/ouster_sensor_msgs/include/ouster_sensor_msgs/ouster_sensor_msgs/msg/telemetry.h
-- Installing: /home/ros2/tower_ws/install/ouster_sensor_msgs/include/ouster_sensor_msgs/ouster_sensor_msgs/msg/rosidl_generator_c__visibility_control.h
-- Installing: /home/ros2/tower_ws/install/ouster_sensor_msgs/include/ouster_sensor_msgs/ouster_sensor_msgs/msg/detail
-- Installing: /home/ros2/tower_ws/install/ouster_sensor_msgs/include/ouster_sensor_msgs/ouster_sensor_msgs/msg/detail/telemetry__functions.h
-- Installing: /home/ros2/tower_ws/install/ouster_sensor_msgs/include/ouster_sensor_msgs/ouster_sensor_msgs/msg/detail/packet_msg__struct.h
-- Installing: /home/ros2/tower_ws/install/ouster_sensor_msgs/include/ouster_sensor_msgs/ouster_sensor_msgs/msg/detail/packet_msg__type_support.h
-- Installing: /home/ros2/tower_ws/install/ouster_sensor_msgs/include/ouster_sensor_msgs/ouster_sensor_msgs/msg/detail/telemetry__type_support.h
-- Installing: /home/ros2/tower_ws/install/ouster_sensor_msgs/include/ouster_sensor_msgs/ouster_sensor_msgs/msg/detail/telemetry__functions.c
-- Installing: /home/ros2/tower_ws/install/ouster_sensor_msgs/include/ouster_sensor_msgs/ouster_sensor_msgs/msg/detail/packet_msg__functions.h
-- Installing: /home/ros2/tower_ws/install/ouster_sensor_msgs/include/ouster_sensor_msgs/ouster_sensor_msgs/msg/detail/packet_msg__functions.c
-- Installing: /home/ros2/tower_ws/install/ouster_sensor_msgs/include/ouster_sensor_msgs/ouster_sensor_msgs/msg/detail/telemetry__struct.h
-- Installing: /home/ros2/tower_ws/install/ouster_sensor_msgs/include/ouster_sensor_msgs/ouster_sensor_msgs/msg/packet_msg.h
-- Installing: /home/ros2/tower_ws/install/ouster_sensor_msgs/share/ouster_sensor_msgs/environment/library_path.sh
-- Installing: /home/ros2/tower_ws/install/ouster_sensor_msgs/share/ouster_sensor_msgs/environment/library_path.dsv
-- Installing: /home/ros2/tower_ws/install/ouster_sensor_msgs/lib/libouster_sensor_msgs__rosidl_generator_c.so
-- Set runtime path of "/home/ros2/tower_ws/install/ouster_sensor_msgs/lib/libouster_sensor_msgs__rosidl_generator_c.so" to ""
-- Up-to-date: /home/ros2/tower_ws/install/ouster_sensor_msgs/include/ouster_sensor_msgs/ouster_sensor_msgs
-- Up-to-date: /home/ros2/tower_ws/install/ouster_sensor_msgs/include/ouster_sensor_msgs/ouster_sensor_msgs/srv
-- Up-to-date: /home/ros2/tower_ws/install/ouster_sensor_msgs/include/ouster_sensor_msgs/ouster_sensor_msgs/srv/detail
-- Installing: /home/ros2/tower_ws/install/ouster_sensor_msgs/include/ouster_sensor_msgs/ouster_sensor_msgs/srv/detail/set_config__rosidl_typesupport_fastrtps_c.h
-- Installing: /home/ros2/tower_ws/install/ouster_sensor_msgs/include/ouster_sensor_msgs/ouster_sensor_msgs/srv/detail/get_metadata__rosidl_typesupport_fastrtps_c.h
-- Installing: /home/ros2/tower_ws/install/ouster_sensor_msgs/include/ouster_sensor_msgs/ouster_sensor_msgs/srv/detail/get_config__rosidl_typesupport_fastrtps_c.h
-- Up-to-date: /home/ros2/tower_ws/install/ouster_sensor_msgs/include/ouster_sensor_msgs/ouster_sensor_msgs/msg
-- Up-to-date: /home/ros2/tower_ws/install/ouster_sensor_msgs/include/ouster_sensor_msgs/ouster_sensor_msgs/msg/detail
-- Installing: /home/ros2/tower_ws/install/ouster_sensor_msgs/include/ouster_sensor_msgs/ouster_sensor_msgs/msg/detail/telemetry__rosidl_typesupport_fastrtps_c.h
-- Installing: /home/ros2/tower_ws/install/ouster_sensor_msgs/include/ouster_sensor_msgs/ouster_sensor_msgs/msg/detail/packet_msg__rosidl_typesupport_fastrtps_c.h
-- Installing: /home/ros2/tower_ws/install/ouster_sensor_msgs/include/ouster_sensor_msgs/ouster_sensor_msgs/msg/rosidl_typesupport_fastrtps_c__visibility_control.h
-- Installing: /home/ros2/tower_ws/install/ouster_sensor_msgs/lib/libouster_sensor_msgs__rosidl_typesupport_fastrtps_c.so
-- Set runtime path of "/home/ros2/tower_ws/install/ouster_sensor_msgs/lib/libouster_sensor_msgs__rosidl_typesupport_fastrtps_c.so" to ""
-- Up-to-date: /home/ros2/tower_ws/install/ouster_sensor_msgs/include/ouster_sensor_msgs/ouster_sensor_msgs
-- Up-to-date: /home/ros2/tower_ws/install/ouster_sensor_msgs/include/ouster_sensor_msgs/ouster_sensor_msgs/srv
-- Installing: /home/ros2/tower_ws/install/ouster_sensor_msgs/include/ouster_sensor_msgs/ouster_sensor_msgs/srv/get_metadata.hpp
-- Up-to-date: /home/ros2/tower_ws/install/ouster_sensor_msgs/include/ouster_sensor_msgs/ouster_sensor_msgs/srv/detail
-- Installing: /home/ros2/tower_ws/install/ouster_sensor_msgs/include/ouster_sensor_msgs/ouster_sensor_msgs/srv/detail/get_config__type_support.hpp
-- Installing: /home/ros2/tower_ws/install/ouster_sensor_msgs/include/ouster_sensor_msgs/ouster_sensor_msgs/srv/detail/get_metadata__struct.hpp
-- Installing: /home/ros2/tower_ws/install/ouster_sensor_msgs/include/ouster_sensor_msgs/ouster_sensor_msgs/srv/detail/get_config__struct.hpp
-- Installing: /home/ros2/tower_ws/install/ouster_sensor_msgs/include/ouster_sensor_msgs/ouster_sensor_msgs/srv/detail/set_config__type_support.hpp
-- Installing: /home/ros2/tower_ws/install/ouster_sensor_msgs/include/ouster_sensor_msgs/ouster_sensor_msgs/srv/detail/get_config__traits.hpp
-- Installing: /home/ros2/tower_ws/install/ouster_sensor_msgs/include/ouster_sensor_msgs/ouster_sensor_msgs/srv/detail/get_config__builder.hpp
-- Installing: /home/ros2/tower_ws/install/ouster_sensor_msgs/include/ouster_sensor_msgs/ouster_sensor_msgs/srv/detail/get_metadata__traits.hpp
-- Installing: /home/ros2/tower_ws/install/ouster_sensor_msgs/include/ouster_sensor_msgs/ouster_sensor_msgs/srv/detail/set_config__builder.hpp
-- Installing: /home/ros2/tower_ws/install/ouster_sensor_msgs/include/ouster_sensor_msgs/ouster_sensor_msgs/srv/detail/get_metadata__type_support.hpp
-- Installing: /home/ros2/tower_ws/install/ouster_sensor_msgs/include/ouster_sensor_msgs/ouster_sensor_msgs/srv/detail/get_metadata__builder.hpp
-- Installing: /home/ros2/tower_ws/install/ouster_sensor_msgs/include/ouster_sensor_msgs/ouster_sensor_msgs/srv/detail/set_config__traits.hpp
-- Installing: /home/ros2/tower_ws/install/ouster_sensor_msgs/include/ouster_sensor_msgs/ouster_sensor_msgs/srv/detail/set_config__struct.hpp
-- Installing: /home/ros2/tower_ws/install/ouster_sensor_msgs/include/ouster_sensor_msgs/ouster_sensor_msgs/srv/get_config.hpp
-- Installing: /home/ros2/tower_ws/install/ouster_sensor_msgs/include/ouster_sensor_msgs/ouster_sensor_msgs/srv/set_config.hpp
-- Up-to-date: /home/ros2/tower_ws/install/ouster_sensor_msgs/include/ouster_sensor_msgs/ouster_sensor_msgs/msg
-- Installing: /home/ros2/tower_ws/install/ouster_sensor_msgs/include/ouster_sensor_msgs/ouster_sensor_msgs/msg/packet_msg.hpp
-- Up-to-date: /home/ros2/tower_ws/install/ouster_sensor_msgs/include/ouster_sensor_msgs/ouster_sensor_msgs/msg/detail
-- Installing: /home/ros2/tower_ws/install/ouster_sensor_msgs/include/ouster_sensor_msgs/ouster_sensor_msgs/msg/detail/telemetry__builder.hpp
-- Installing: /home/ros2/tower_ws/install/ouster_sensor_msgs/include/ouster_sensor_msgs/ouster_sensor_msgs/msg/detail/telemetry__traits.hpp
-- Installing: /home/ros2/tower_ws/install/ouster_sensor_msgs/include/ouster_sensor_msgs/ouster_sensor_msgs/msg/detail/packet_msg__builder.hpp
-- Installing: /home/ros2/tower_ws/install/ouster_sensor_msgs/include/ouster_sensor_msgs/ouster_sensor_msgs/msg/detail/telemetry__struct.hpp
-- Installing: /home/ros2/tower_ws/install/ouster_sensor_msgs/include/ouster_sensor_msgs/ouster_sensor_msgs/msg/detail/telemetry__type_support.hpp
-- Installing: /home/ros2/tower_ws/install/ouster_sensor_msgs/include/ouster_sensor_msgs/ouster_sensor_msgs/msg/detail/packet_msg__traits.hpp
-- Installing: /home/ros2/tower_ws/install/ouster_sensor_msgs/include/ouster_sensor_msgs/ouster_sensor_msgs/msg/detail/packet_msg__type_support.hpp
-- Installing: /home/ros2/tower_ws/install/ouster_sensor_msgs/include/ouster_sensor_msgs/ouster_sensor_msgs/msg/detail/packet_msg__struct.hpp
-- Installing: /home/ros2/tower_ws/install/ouster_sensor_msgs/include/ouster_sensor_msgs/ouster_sensor_msgs/msg/rosidl_generator_cpp__visibility_control.hpp
-- Installing: /home/ros2/tower_ws/install/ouster_sensor_msgs/include/ouster_sensor_msgs/ouster_sensor_msgs/msg/telemetry.hpp
-- Up-to-date: /home/ros2/tower_ws/install/ouster_sensor_msgs/include/ouster_sensor_msgs/ouster_sensor_msgs
-- Up-to-date: /home/ros2/tower_ws/install/ouster_sensor_msgs/include/ouster_sensor_msgs/ouster_sensor_msgs/srv
-- Up-to-date: /home/ros2/tower_ws/install/ouster_sensor_msgs/include/ouster_sensor_msgs/ouster_sensor_msgs/srv/detail
-- Installing: /home/ros2/tower_ws/install/ouster_sensor_msgs/include/ouster_sensor_msgs/ouster_sensor_msgs/srv/detail/set_config__rosidl_typesupport_fastrtps_cpp.hpp
-- Installing: /home/ros2/tower_ws/install/ouster_sensor_msgs/include/ouster_sensor_msgs/ouster_sensor_msgs/srv/detail/get_config__rosidl_typesupport_fastrtps_cpp.hpp
-- Installing: /home/ros2/tower_ws/install/ouster_sensor_msgs/include/ouster_sensor_msgs/ouster_sensor_msgs/srv/detail/dds_fastrtps
-- Installing: /home/ros2/tower_ws/install/ouster_sensor_msgs/include/ouster_sensor_msgs/ouster_sensor_msgs/srv/detail/get_metadata__rosidl_typesupport_fastrtps_cpp.hpp
-- Up-to-date: /home/ros2/tower_ws/install/ouster_sensor_msgs/include/ouster_sensor_msgs/ouster_sensor_msgs/msg
-- Installing: /home/ros2/tower_ws/install/ouster_sensor_msgs/include/ouster_sensor_msgs/ouster_sensor_msgs/msg/rosidl_typesupport_fastrtps_cpp__visibility_control.h
-- Up-to-date: /home/ros2/tower_ws/install/ouster_sensor_msgs/include/ouster_sensor_msgs/ouster_sensor_msgs/msg/detail
-- Installing: /home/ros2/tower_ws/install/ouster_sensor_msgs/include/ouster_sensor_msgs/ouster_sensor_msgs/msg/detail/telemetry__rosidl_typesupport_fastrtps_cpp.hpp
-- Installing: /home/ros2/tower_ws/install/ouster_sensor_msgs/include/ouster_sensor_msgs/ouster_sensor_msgs/msg/detail/packet_msg__rosidl_typesupport_fastrtps_cpp.hpp
-- Installing: /home/ros2/tower_ws/install/ouster_sensor_msgs/include/ouster_sensor_msgs/ouster_sensor_msgs/msg/detail/dds_fastrtps
-- Installing: /home/ros2/tower_ws/install/ouster_sensor_msgs/lib/libouster_sensor_msgs__rosidl_typesupport_fastrtps_cpp.so
-- Set runtime path of "/home/ros2/tower_ws/install/ouster_sensor_msgs/lib/libouster_sensor_msgs__rosidl_typesupport_fastrtps_cpp.so" to ""
-- Up-to-date: /home/ros2/tower_ws/install/ouster_sensor_msgs/include/ouster_sensor_msgs/ouster_sensor_msgs
-- Up-to-date: /home/ros2/tower_ws/install/ouster_sensor_msgs/include/ouster_sensor_msgs/ouster_sensor_msgs/srv
-- Up-to-date: /home/ros2/tower_ws/install/ouster_sensor_msgs/include/ouster_sensor_msgs/ouster_sensor_msgs/srv/detail
-- Installing: /home/ros2/tower_ws/install/ouster_sensor_msgs/include/ouster_sensor_msgs/ouster_sensor_msgs/srv/detail/get_metadata__rosidl_typesupport_introspection_c.h
-- Installing: /home/ros2/tower_ws/install/ouster_sensor_msgs/include/ouster_sensor_msgs/ouster_sensor_msgs/srv/detail/get_config__rosidl_typesupport_introspection_c.h
-- Installing: /home/ros2/tower_ws/install/ouster_sensor_msgs/include/ouster_sensor_msgs/ouster_sensor_msgs/srv/detail/get_config__type_support.c
-- Installing: /home/ros2/tower_ws/install/ouster_sensor_msgs/include/ouster_sensor_msgs/ouster_sensor_msgs/srv/detail/get_metadata__type_support.c
-- Installing: /home/ros2/tower_ws/install/ouster_sensor_msgs/include/ouster_sensor_msgs/ouster_sensor_msgs/srv/detail/set_config__type_support.c
-- Installing: /home/ros2/tower_ws/install/ouster_sensor_msgs/include/ouster_sensor_msgs/ouster_sensor_msgs/srv/detail/set_config__rosidl_typesupport_introspection_c.h
-- Up-to-date: /home/ros2/tower_ws/install/ouster_sensor_msgs/include/ouster_sensor_msgs/ouster_sensor_msgs/msg
-- Installing: /home/ros2/tower_ws/install/ouster_sensor_msgs/include/ouster_sensor_msgs/ouster_sensor_msgs/msg/rosidl_typesupport_introspection_c__visibility_control.h
-- Up-to-date: /home/ros2/tower_ws/install/ouster_sensor_msgs/include/ouster_sensor_msgs/ouster_sensor_msgs/msg/detail
-- Installing: /home/ros2/tower_ws/install/ouster_sensor_msgs/include/ouster_sensor_msgs/ouster_sensor_msgs/msg/detail/packet_msg__type_support.c
-- Installing: /home/ros2/tower_ws/install/ouster_sensor_msgs/include/ouster_sensor_msgs/ouster_sensor_msgs/msg/detail/packet_msg__rosidl_typesupport_introspection_c.h
-- Installing: /home/ros2/tower_ws/install/ouster_sensor_msgs/include/ouster_sensor_msgs/ouster_sensor_msgs/msg/detail/telemetry__type_support.c
-- Installing: /home/ros2/tower_ws/install/ouster_sensor_msgs/include/ouster_sensor_msgs/ouster_sensor_msgs/msg/detail/telemetry__rosidl_typesupport_introspection_c.h
-- Installing: /home/ros2/tower_ws/install/ouster_sensor_msgs/lib/libouster_sensor_msgs__rosidl_typesupport_introspection_c.so
-- Set runtime path of "/home/ros2/tower_ws/install/ouster_sensor_msgs/lib/libouster_sensor_msgs__rosidl_typesupport_introspection_c.so" to ""
-- Installing: /home/ros2/tower_ws/install/ouster_sensor_msgs/lib/libouster_sensor_msgs__rosidl_typesupport_c.so
-- Set runtime path of "/home/ros2/tower_ws/install/ouster_sensor_msgs/lib/libouster_sensor_msgs__rosidl_typesupport_c.so" to ""
-- Up-to-date: /home/ros2/tower_ws/install/ouster_sensor_msgs/include/ouster_sensor_msgs/ouster_sensor_msgs
-- Up-to-date: /home/ros2/tower_ws/install/ouster_sensor_msgs/include/ouster_sensor_msgs/ouster_sensor_msgs/srv
-- Up-to-date: /home/ros2/tower_ws/install/ouster_sensor_msgs/include/ouster_sensor_msgs/ouster_sensor_msgs/srv/detail
-- Installing: /home/ros2/tower_ws/install/ouster_sensor_msgs/include/ouster_sensor_msgs/ouster_sensor_msgs/srv/detail/set_config__rosidl_typesupport_introspection_cpp.hpp
-- Installing: /home/ros2/tower_ws/install/ouster_sensor_msgs/include/ouster_sensor_msgs/ouster_sensor_msgs/srv/detail/get_config__rosidl_typesupport_introspection_cpp.hpp
-- Installing: /home/ros2/tower_ws/install/ouster_sensor_msgs/include/ouster_sensor_msgs/ouster_sensor_msgs/srv/detail/set_config__type_support.cpp
-- Installing: /home/ros2/tower_ws/install/ouster_sensor_msgs/include/ouster_sensor_msgs/ouster_sensor_msgs/srv/detail/get_metadata__rosidl_typesupport_introspection_cpp.hpp
-- Installing: /home/ros2/tower_ws/install/ouster_sensor_msgs/include/ouster_sensor_msgs/ouster_sensor_msgs/srv/detail/get_metadata__type_support.cpp
-- Installing: /home/ros2/tower_ws/install/ouster_sensor_msgs/include/ouster_sensor_msgs/ouster_sensor_msgs/srv/detail/get_config__type_support.cpp
-- Up-to-date: /home/ros2/tower_ws/install/ouster_sensor_msgs/include/ouster_sensor_msgs/ouster_sensor_msgs/msg
-- Up-to-date: /home/ros2/tower_ws/install/ouster_sensor_msgs/include/ouster_sensor_msgs/ouster_sensor_msgs/msg/detail
-- Installing: /home/ros2/tower_ws/install/ouster_sensor_msgs/include/ouster_sensor_msgs/ouster_sensor_msgs/msg/detail/packet_msg__rosidl_typesupport_introspection_cpp.hpp
-- Installing: /home/ros2/tower_ws/install/ouster_sensor_msgs/include/ouster_sensor_msgs/ouster_sensor_msgs/msg/detail/packet_msg__type_support.cpp
-- Installing: /home/ros2/tower_ws/install/ouster_sensor_msgs/include/ouster_sensor_msgs/ouster_sensor_msgs/msg/detail/telemetry__rosidl_typesupport_introspection_cpp.hpp
-- Installing: /home/ros2/tower_ws/install/ouster_sensor_msgs/include/ouster_sensor_msgs/ouster_sensor_msgs/msg/detail/telemetry__type_support.cpp
-- Installing: /home/ros2/tower_ws/install/ouster_sensor_msgs/lib/libouster_sensor_msgs__rosidl_typesupport_introspection_cpp.so
-- Set runtime path of "/home/ros2/tower_ws/install/ouster_sensor_msgs/lib/libouster_sensor_msgs__rosidl_typesupport_introspection_cpp.so" to ""
-- Installing: /home/ros2/tower_ws/install/ouster_sensor_msgs/lib/libouster_sensor_msgs__rosidl_typesupport_cpp.so
-- Set runtime path of "/home/ros2/tower_ws/install/ouster_sensor_msgs/lib/libouster_sensor_msgs__rosidl_typesupport_cpp.so" to ""
-- Installing: /home/ros2/tower_ws/install/ouster_sensor_msgs/lib/libouster_sensor_msgs_packet_msg__rosidl_typesupport_c_native.so
-- Set runtime path of "/home/ros2/tower_ws/install/ouster_sensor_msgs/lib/libouster_sensor_msgs_packet_msg__rosidl_typesupport_c_native.so" to ""
-- Installing: /home/ros2/tower_ws/install/ouster_sensor_msgs/lib/libouster_sensor_msgs_packet_msg__rosidl_typesupport_introspection_c_native.so
-- Set runtime path of "/home/ros2/tower_ws/install/ouster_sensor_msgs/lib/libouster_sensor_msgs_packet_msg__rosidl_typesupport_introspection_c_native.so" to ""
-- Installing: /home/ros2/tower_ws/install/ouster_sensor_msgs/lib/libouster_sensor_msgs_packet_msg__rosidl_typesupport_fastrtps_c_native.so
-- Set runtime path of "/home/ros2/tower_ws/install/ouster_sensor_msgs/lib/libouster_sensor_msgs_packet_msg__rosidl_typesupport_fastrtps_c_native.so" to ""
-- Installing: /home/ros2/tower_ws/install/ouster_sensor_msgs/lib/libouster_sensor_msgs_telemetry__rosidl_typesupport_c_native.so
-- Set runtime path of "/home/ros2/tower_ws/install/ouster_sensor_msgs/lib/libouster_sensor_msgs_telemetry__rosidl_typesupport_c_native.so" to ""
-- Installing: /home/ros2/tower_ws/install/ouster_sensor_msgs/lib/libouster_sensor_msgs_telemetry__rosidl_typesupport_introspection_c_native.so
-- Set runtime path of "/home/ros2/tower_ws/install/ouster_sensor_msgs/lib/libouster_sensor_msgs_telemetry__rosidl_typesupport_introspection_c_native.so" to ""
-- Installing: /home/ros2/tower_ws/install/ouster_sensor_msgs/lib/libouster_sensor_msgs_telemetry__rosidl_typesupport_fastrtps_c_native.so
-- Set runtime path of "/home/ros2/tower_ws/install/ouster_sensor_msgs/lib/libouster_sensor_msgs_telemetry__rosidl_typesupport_fastrtps_c_native.so" to ""
-- Installing: /home/ros2/tower_ws/install/ouster_sensor_msgs/lib/libouster_sensor_msgs_srv_get_config__rosidl_typesupport_c_native.so
-- Set runtime path of "/home/ros2/tower_ws/install/ouster_sensor_msgs/lib/libouster_sensor_msgs_srv_get_config__rosidl_typesupport_c_native.so" to ""
-- Installing: /home/ros2/tower_ws/install/ouster_sensor_msgs/lib/libouster_sensor_msgs_srv_get_config__rosidl_typesupport_introspection_c_native.so
-- Set runtime path of "/home/ros2/tower_ws/install/ouster_sensor_msgs/lib/libouster_sensor_msgs_srv_get_config__rosidl_typesupport_introspection_c_native.so" to ""
-- Installing: /home/ros2/tower_ws/install/ouster_sensor_msgs/lib/libouster_sensor_msgs_srv_get_config__rosidl_typesupport_fastrtps_c_native.so
-- Set runtime path of "/home/ros2/tower_ws/install/ouster_sensor_msgs/lib/libouster_sensor_msgs_srv_get_config__rosidl_typesupport_fastrtps_c_native.so" to ""
-- Installing: /home/ros2/tower_ws/install/ouster_sensor_msgs/lib/libouster_sensor_msgs_srv_set_config__rosidl_typesupport_c_native.so
-- Set runtime path of "/home/ros2/tower_ws/install/ouster_sensor_msgs/lib/libouster_sensor_msgs_srv_set_config__rosidl_typesupport_c_native.so" to ""
-- Installing: /home/ros2/tower_ws/install/ouster_sensor_msgs/lib/libouster_sensor_msgs_srv_set_config__rosidl_typesupport_introspection_c_native.so
-- Set runtime path of "/home/ros2/tower_ws/install/ouster_sensor_msgs/lib/libouster_sensor_msgs_srv_set_config__rosidl_typesupport_introspection_c_native.so" to ""
-- Installing: /home/ros2/tower_ws/install/ouster_sensor_msgs/lib/libouster_sensor_msgs_srv_set_config__rosidl_typesupport_fastrtps_c_native.so
-- Set runtime path of "/home/ros2/tower_ws/install/ouster_sensor_msgs/lib/libouster_sensor_msgs_srv_set_config__rosidl_typesupport_fastrtps_c_native.so" to ""
-- Installing: /home/ros2/tower_ws/install/ouster_sensor_msgs/lib/libouster_sensor_msgs_srv_get_metadata__rosidl_typesupport_c_native.so
-- Set runtime path of "/home/ros2/tower_ws/install/ouster_sensor_msgs/lib/libouster_sensor_msgs_srv_get_metadata__rosidl_typesupport_c_native.so" to ""
-- Installing: /home/ros2/tower_ws/install/ouster_sensor_msgs/lib/libouster_sensor_msgs_srv_get_metadata__rosidl_typesupport_introspection_c_native.so
-- Set runtime path of "/home/ros2/tower_ws/install/ouster_sensor_msgs/lib/libouster_sensor_msgs_srv_get_metadata__rosidl_typesupport_introspection_c_native.so" to ""
-- Installing: /home/ros2/tower_ws/install/ouster_sensor_msgs/lib/libouster_sensor_msgs_srv_get_metadata__rosidl_typesupport_fastrtps_c_native.so
-- Set runtime path of "/home/ros2/tower_ws/install/ouster_sensor_msgs/lib/libouster_sensor_msgs_srv_get_metadata__rosidl_typesupport_fastrtps_c_native.so" to ""
-- Installing: /home/ros2/tower_ws/install/ouster_sensor_msgs/lib/dotnet
-- Installing: /home/ros2/tower_ws/install/ouster_sensor_msgs/lib/dotnet/std_msgs_assembly.dll
-- Installing: /home/ros2/tower_ws/install/ouster_sensor_msgs/lib/dotnet/builtin_interfaces_assembly.dll
-- Installing: /home/ros2/tower_ws/install/ouster_sensor_msgs/lib/dotnet/ouster_sensor_msgs_assembly.dll
-- Installing: /home/ros2/tower_ws/install/ouster_sensor_msgs/lib/dotnet/ros2cs_common.dll
-- Installing: /home/ros2/tower_ws/install/ouster_sensor_msgs/lib/dotnet/ouster_sensor_msgs_assembly.deps.json
-- Up-to-date: /home/ros2/tower_ws/install/ouster_sensor_msgs/lib/dotnet
-- Up-to-date: /home/ros2/tower_ws/install/ouster_sensor_msgs/lib/dotnet/std_msgs_assembly.dll
-- Up-to-date: /home/ros2/tower_ws/install/ouster_sensor_msgs/lib/dotnet/builtin_interfaces_assembly.dll
-- Up-to-date: /home/ros2/tower_ws/install/ouster_sensor_msgs/lib/dotnet/ouster_sensor_msgs_assembly.dll
-- Up-to-date: /home/ros2/tower_ws/install/ouster_sensor_msgs/lib/dotnet/ros2cs_common.dll
-- Up-to-date: /home/ros2/tower_ws/install/ouster_sensor_msgs/lib/dotnet/ouster_sensor_msgs_assembly.deps.json
-- Installing: /home/ros2/tower_ws/install/ouster_sensor_msgs/share/ouster_sensor_msgs/environment/pythonpath.sh
-- Installing: /home/ros2/tower_ws/install/ouster_sensor_msgs/share/ouster_sensor_msgs/environment/pythonpath.dsv
-- Installing: /home/ros2/tower_ws/install/ouster_sensor_msgs/local/lib/python3.10/dist-packages/ouster_sensor_msgs-0.14.1-py3.10.egg-info
-- Installing: /home/ros2/tower_ws/install/ouster_sensor_msgs/local/lib/python3.10/dist-packages/ouster_sensor_msgs-0.14.1-py3.10.egg-info/dependency_links.txt
-- Installing: /home/ros2/tower_ws/install/ouster_sensor_msgs/local/lib/python3.10/dist-packages/ouster_sensor_msgs-0.14.1-py3.10.egg-info/PKG-INFO
-- Installing: /home/ros2/tower_ws/install/ouster_sensor_msgs/local/lib/python3.10/dist-packages/ouster_sensor_msgs-0.14.1-py3.10.egg-info/top_level.txt
-- Installing: /home/ros2/tower_ws/install/ouster_sensor_msgs/local/lib/python3.10/dist-packages/ouster_sensor_msgs-0.14.1-py3.10.egg-info/SOURCES.txt
-- Installing: /home/ros2/tower_ws/install/ouster_sensor_msgs/local/lib/python3.10/dist-packages/ouster_sensor_msgs
-- Installing: /home/ros2/tower_ws/install/ouster_sensor_msgs/local/lib/python3.10/dist-packages/ouster_sensor_msgs/libouster_sensor_msgs__rosidl_generator_py.so
-- Installing: /home/ros2/tower_ws/install/ouster_sensor_msgs/local/lib/python3.10/dist-packages/ouster_sensor_msgs/_ouster_sensor_msgs_s.ep.rosidl_typesupport_introspection_c.c
-- Installing: /home/ros2/tower_ws/install/ouster_sensor_msgs/local/lib/python3.10/dist-packages/ouster_sensor_msgs/ouster_sensor_msgs_s__rosidl_typesupport_introspection_c.cpython-310-x86_64-linux-gnu.so
-- Installing: /home/ros2/tower_ws/install/ouster_sensor_msgs/local/lib/python3.10/dist-packages/ouster_sensor_msgs/_ouster_sensor_msgs_s.ep.rosidl_typesupport_fastrtps_c.c
-- Installing: /home/ros2/tower_ws/install/ouster_sensor_msgs/local/lib/python3.10/dist-packages/ouster_sensor_msgs/_ouster_sensor_msgs_s.ep.rosidl_typesupport_c.c
-- Installing: /home/ros2/tower_ws/install/ouster_sensor_msgs/local/lib/python3.10/dist-packages/ouster_sensor_msgs/ouster_sensor_msgs_s__rosidl_typesupport_fastrtps_c.cpython-310-x86_64-linux-gnu.so
-- Installing: /home/ros2/tower_ws/install/ouster_sensor_msgs/local/lib/python3.10/dist-packages/ouster_sensor_msgs/srv
-- Installing: /home/ros2/tower_ws/install/ouster_sensor_msgs/local/lib/python3.10/dist-packages/ouster_sensor_msgs/srv/_set_config.py
-- Installing: /home/ros2/tower_ws/install/ouster_sensor_msgs/local/lib/python3.10/dist-packages/ouster_sensor_msgs/srv/_get_config_s.c
-- Installing: /home/ros2/tower_ws/install/ouster_sensor_msgs/local/lib/python3.10/dist-packages/ouster_sensor_msgs/srv/_get_metadata_s.c
-- Installing: /home/ros2/tower_ws/install/ouster_sensor_msgs/local/lib/python3.10/dist-packages/ouster_sensor_msgs/srv/_get_config.py
-- Installing: /home/ros2/tower_ws/install/ouster_sensor_msgs/local/lib/python3.10/dist-packages/ouster_sensor_msgs/srv/_get_metadata.py
-- Installing: /home/ros2/tower_ws/install/ouster_sensor_msgs/local/lib/python3.10/dist-packages/ouster_sensor_msgs/srv/__init__.py
-- Installing: /home/ros2/tower_ws/install/ouster_sensor_msgs/local/lib/python3.10/dist-packages/ouster_sensor_msgs/srv/_set_config_s.c
-- Installing: /home/ros2/tower_ws/install/ouster_sensor_msgs/local/lib/python3.10/dist-packages/ouster_sensor_msgs/__init__.py
-- Installing: /home/ros2/tower_ws/install/ouster_sensor_msgs/local/lib/python3.10/dist-packages/ouster_sensor_msgs/ouster_sensor_msgs_s__rosidl_typesupport_c.cpython-310-x86_64-linux-gnu.so
-- Installing: /home/ros2/tower_ws/install/ouster_sensor_msgs/local/lib/python3.10/dist-packages/ouster_sensor_msgs/msg
-- Installing: /home/ros2/tower_ws/install/ouster_sensor_msgs/local/lib/python3.10/dist-packages/ouster_sensor_msgs/msg/_packet_msg_s.c
-- Installing: /home/ros2/tower_ws/install/ouster_sensor_msgs/local/lib/python3.10/dist-packages/ouster_sensor_msgs/msg/_telemetry.py
-- Installing: /home/ros2/tower_ws/install/ouster_sensor_msgs/local/lib/python3.10/dist-packages/ouster_sensor_msgs/msg/_telemetry_s.c
-- Installing: /home/ros2/tower_ws/install/ouster_sensor_msgs/local/lib/python3.10/dist-packages/ouster_sensor_msgs/msg/__init__.py
-- Installing: /home/ros2/tower_ws/install/ouster_sensor_msgs/local/lib/python3.10/dist-packages/ouster_sensor_msgs/msg/_packet_msg.py
Listing '/home/ros2/tower_ws/install/ouster_sensor_msgs/local/lib/python3.10/dist-packages/ouster_sensor_msgs'...
Compiling '/home/ros2/tower_ws/install/ouster_sensor_msgs/local/lib/python3.10/dist-packages/ouster_sensor_msgs/__init__.py'...
Listing '/home/ros2/tower_ws/install/ouster_sensor_msgs/local/lib/python3.10/dist-packages/ouster_sensor_msgs/msg'...
Compiling '/home/ros2/tower_ws/install/ouster_sensor_msgs/local/lib/python3.10/dist-packages/ouster_sensor_msgs/msg/__init__.py'...
Compiling '/home/ros2/tower_ws/install/ouster_sensor_msgs/local/lib/python3.10/dist-packages/ouster_sensor_msgs/msg/_packet_msg.py'...
Compiling '/home/ros2/tower_ws/install/ouster_sensor_msgs/local/lib/python3.10/dist-packages/ouster_sensor_msgs/msg/_telemetry.py'...
Listing '/home/ros2/tower_ws/install/ouster_sensor_msgs/local/lib/python3.10/dist-packages/ouster_sensor_msgs/srv'...
Compiling '/home/ros2/tower_ws/install/ouster_sensor_msgs/local/lib/python3.10/dist-packages/ouster_sensor_msgs/srv/__init__.py'...
Compiling '/home/ros2/tower_ws/install/ouster_sensor_msgs/local/lib/python3.10/dist-packages/ouster_sensor_msgs/srv/_get_config.py'...
Compiling '/home/ros2/tower_ws/install/ouster_sensor_msgs/local/lib/python3.10/dist-packages/ouster_sensor_msgs/srv/_get_metadata.py'...
Compiling '/home/ros2/tower_ws/install/ouster_sensor_msgs/local/lib/python3.10/dist-packages/ouster_sensor_msgs/srv/_set_config.py'...
-- Installing: /home/ros2/tower_ws/install/ouster_sensor_msgs/local/lib/python3.10/dist-packages/ouster_sensor_msgs/ouster_sensor_msgs_s__rosidl_typesupport_fastrtps_c.cpython-310-x86_64-linux-gnu.so
-- Set runtime path of "/home/ros2/tower_ws/install/ouster_sensor_msgs/local/lib/python3.10/dist-packages/ouster_sensor_msgs/ouster_sensor_msgs_s__rosidl_typesupport_fastrtps_c.cpython-310-x86_64-linux-gnu.so" to ""
-- Installing: /home/ros2/tower_ws/install/ouster_sensor_msgs/local/lib/python3.10/dist-packages/ouster_sensor_msgs/ouster_sensor_msgs_s__rosidl_typesupport_introspection_c.cpython-310-x86_64-linux-gnu.so
-- Set runtime path of "/home/ros2/tower_ws/install/ouster_sensor_msgs/local/lib/python3.10/dist-packages/ouster_sensor_msgs/ouster_sensor_msgs_s__rosidl_typesupport_introspection_c.cpython-310-x86_64-linux-gnu.so" to ""
-- Installing: /home/ros2/tower_ws/install/ouster_sensor_msgs/local/lib/python3.10/dist-packages/ouster_sensor_msgs/ouster_sensor_msgs_s__rosidl_typesupport_c.cpython-310-x86_64-linux-gnu.so
-- Set runtime path of "/home/ros2/tower_ws/install/ouster_sensor_msgs/local/lib/python3.10/dist-packages/ouster_sensor_msgs/ouster_sensor_msgs_s__rosidl_typesupport_c.cpython-310-x86_64-linux-gnu.so" to ""
-- Installing: /home/ros2/tower_ws/install/ouster_sensor_msgs/lib/libouster_sensor_msgs__rosidl_generator_py.so
-- Set runtime path of "/home/ros2/tower_ws/install/ouster_sensor_msgs/lib/libouster_sensor_msgs__rosidl_generator_py.so" to ""
-- Installing: /home/ros2/tower_ws/install/ouster_sensor_msgs/share/ament_index/resource_index/rust_packages/ouster_sensor_msgs
-- Installing: /home/ros2/tower_ws/install/ouster_sensor_msgs/share/ouster_sensor_msgs/rust
-- Installing: /home/ros2/tower_ws/install/ouster_sensor_msgs/share/ouster_sensor_msgs/rust/build.rs
-- Installing: /home/ros2/tower_ws/install/ouster_sensor_msgs/share/ouster_sensor_msgs/rust/src
-- Installing: /home/ros2/tower_ws/install/ouster_sensor_msgs/share/ouster_sensor_msgs/rust/src/msg.rs
-- Installing: /home/ros2/tower_ws/install/ouster_sensor_msgs/share/ouster_sensor_msgs/rust/src/srv
-- Installing: /home/ros2/tower_ws/install/ouster_sensor_msgs/share/ouster_sensor_msgs/rust/src/srv/rmw.rs
-- Installing: /home/ros2/tower_ws/install/ouster_sensor_msgs/share/ouster_sensor_msgs/rust/src/lib.rs
-- Installing: /home/ros2/tower_ws/install/ouster_sensor_msgs/share/ouster_sensor_msgs/rust/src/msg
-- Installing: /home/ros2/tower_ws/install/ouster_sensor_msgs/share/ouster_sensor_msgs/rust/src/msg/rmw.rs
-- Installing: /home/ros2/tower_ws/install/ouster_sensor_msgs/share/ouster_sensor_msgs/rust/src/srv.rs
-- Installing: /home/ros2/tower_ws/install/ouster_sensor_msgs/share/ouster_sensor_msgs/rust/Cargo.toml
-- Installing: /home/ros2/tower_ws/install/ouster_sensor_msgs/share/ouster_sensor_msgs/msg/PacketMsg.idl
-- Installing: /home/ros2/tower_ws/install/ouster_sensor_msgs/share/ouster_sensor_msgs/msg/Telemetry.idl
-- Installing: /home/ros2/tower_ws/install/ouster_sensor_msgs/share/ouster_sensor_msgs/srv/GetConfig.idl
-- Installing: /home/ros2/tower_ws/install/ouster_sensor_msgs/share/ouster_sensor_msgs/srv/SetConfig.idl
-- Installing: /home/ros2/tower_ws/install/ouster_sensor_msgs/share/ouster_sensor_msgs/srv/GetMetadata.idl
-- Installing: /home/ros2/tower_ws/install/ouster_sensor_msgs/share/ouster_sensor_msgs/msg/PacketMsg.msg
-- Installing: /home/ros2/tower_ws/install/ouster_sensor_msgs/share/ouster_sensor_msgs/msg/Telemetry.msg
-- Installing: /home/ros2/tower_ws/install/ouster_sensor_msgs/share/ouster_sensor_msgs/srv/GetConfig.srv
-- Installing: /home/ros2/tower_ws/install/ouster_sensor_msgs/share/ouster_sensor_msgs/srv/GetConfig_Request.msg
-- Installing: /home/ros2/tower_ws/install/ouster_sensor_msgs/share/ouster_sensor_msgs/srv/GetConfig_Response.msg
-- Installing: /home/ros2/tower_ws/install/ouster_sensor_msgs/share/ouster_sensor_msgs/srv/SetConfig.srv
-- Installing: /home/ros2/tower_ws/install/ouster_sensor_msgs/share/ouster_sensor_msgs/srv/SetConfig_Request.msg
-- Installing: /home/ros2/tower_ws/install/ouster_sensor_msgs/share/ouster_sensor_msgs/srv/SetConfig_Response.msg
-- Installing: /home/ros2/tower_ws/install/ouster_sensor_msgs/share/ouster_sensor_msgs/srv/GetMetadata.srv
-- Installing: /home/ros2/tower_ws/install/ouster_sensor_msgs/share/ouster_sensor_msgs/srv/GetMetadata_Request.msg
-- Installing: /home/ros2/tower_ws/install/ouster_sensor_msgs/share/ouster_sensor_msgs/srv/GetMetadata_Response.msg
-- Installing: /home/ros2/tower_ws/install/ouster_sensor_msgs/share/ament_index/resource_index/package_run_dependencies/ouster_sensor_msgs
-- Installing: /home/ros2/tower_ws/install/ouster_sensor_msgs/share/ament_index/resource_index/parent_prefix_path/ouster_sensor_msgs
-- Installing: /home/ros2/tower_ws/install/ouster_sensor_msgs/share/ouster_sensor_msgs/environment/ament_prefix_path.sh
-- Installing: /home/ros2/tower_ws/install/ouster_sensor_msgs/share/ouster_sensor_msgs/environment/ament_prefix_path.dsv
-- Installing: /home/ros2/tower_ws/install/ouster_sensor_msgs/share/ouster_sensor_msgs/environment/path.sh
-- Installing: /home/ros2/tower_ws/install/ouster_sensor_msgs/share/ouster_sensor_msgs/environment/path.dsv
-- Installing: /home/ros2/tower_ws/install/ouster_sensor_msgs/share/ouster_sensor_msgs/local_setup.bash
-- Installing: /home/ros2/tower_ws/install/ouster_sensor_msgs/share/ouster_sensor_msgs/local_setup.sh
-- Installing: /home/ros2/tower_ws/install/ouster_sensor_msgs/share/ouster_sensor_msgs/local_setup.zsh
-- Installing: /home/ros2/tower_ws/install/ouster_sensor_msgs/share/ouster_sensor_msgs/local_setup.dsv
-- Installing: /home/ros2/tower_ws/install/ouster_sensor_msgs/share/ouster_sensor_msgs/package.dsv
-- Installing: /home/ros2/tower_ws/install/ouster_sensor_msgs/share/ament_index/resource_index/packages/ouster_sensor_msgs
-- Installing: /home/ros2/tower_ws/install/ouster_sensor_msgs/share/ouster_sensor_msgs/cmake/export_ouster_sensor_msgs__rosidl_generator_cExport.cmake
-- Installing: /home/ros2/tower_ws/install/ouster_sensor_msgs/share/ouster_sensor_msgs/cmake/export_ouster_sensor_msgs__rosidl_generator_cExport-noconfig.cmake
-- Installing: /home/ros2/tower_ws/install/ouster_sensor_msgs/share/ouster_sensor_msgs/cmake/export_ouster_sensor_msgs__rosidl_typesupport_fastrtps_cExport.cmake
-- Installing: /home/ros2/tower_ws/install/ouster_sensor_msgs/share/ouster_sensor_msgs/cmake/export_ouster_sensor_msgs__rosidl_typesupport_fastrtps_cExport-noconfig.cmake
-- Installing: /home/ros2/tower_ws/install/ouster_sensor_msgs/share/ouster_sensor_msgs/cmake/export_ouster_sensor_msgs__rosidl_generator_cppExport.cmake
-- Installing: /home/ros2/tower_ws/install/ouster_sensor_msgs/share/ouster_sensor_msgs/cmake/export_ouster_sensor_msgs__rosidl_typesupport_fastrtps_cppExport.cmake
-- Installing: /home/ros2/tower_ws/install/ouster_sensor_msgs/share/ouster_sensor_msgs/cmake/export_ouster_sensor_msgs__rosidl_typesupport_fastrtps_cppExport-noconfig.cmake
-- Installing: /home/ros2/tower_ws/install/ouster_sensor_msgs/share/ouster_sensor_msgs/cmake/ouster_sensor_msgs__rosidl_typesupport_introspection_cExport.cmake
-- Installing: /home/ros2/tower_ws/install/ouster_sensor_msgs/share/ouster_sensor_msgs/cmake/ouster_sensor_msgs__rosidl_typesupport_introspection_cExport-noconfig.cmake
-- Installing: /home/ros2/tower_ws/install/ouster_sensor_msgs/share/ouster_sensor_msgs/cmake/ouster_sensor_msgs__rosidl_typesupport_cExport.cmake
-- Installing: /home/ros2/tower_ws/install/ouster_sensor_msgs/share/ouster_sensor_msgs/cmake/ouster_sensor_msgs__rosidl_typesupport_cExport-noconfig.cmake
-- Installing: /home/ros2/tower_ws/install/ouster_sensor_msgs/share/ouster_sensor_msgs/cmake/ouster_sensor_msgs__rosidl_typesupport_introspection_cppExport.cmake
-- Installing: /home/ros2/tower_ws/install/ouster_sensor_msgs/share/ouster_sensor_msgs/cmake/ouster_sensor_msgs__rosidl_typesupport_introspection_cppExport-noconfig.cmake
-- Installing: /home/ros2/tower_ws/install/ouster_sensor_msgs/share/ouster_sensor_msgs/cmake/ouster_sensor_msgs__rosidl_typesupport_cppExport.cmake
-- Installing: /home/ros2/tower_ws/install/ouster_sensor_msgs/share/ouster_sensor_msgs/cmake/ouster_sensor_msgs__rosidl_typesupport_cppExport-noconfig.cmake
-- Installing: /home/ros2/tower_ws/install/ouster_sensor_msgs/share/ouster_sensor_msgs/cmake/export_ouster_sensor_msgs__rosidl_generator_pyExport.cmake
-- Installing: /home/ros2/tower_ws/install/ouster_sensor_msgs/share/ouster_sensor_msgs/cmake/export_ouster_sensor_msgs__rosidl_generator_pyExport-noconfig.cmake
-- Installing: /home/ros2/tower_ws/install/ouster_sensor_msgs/share/ouster_sensor_msgs/cmake/rosidl_cmake-extras.cmake
-- Installing: /home/ros2/tower_ws/install/ouster_sensor_msgs/share/ouster_sensor_msgs/cmake/ament_cmake_export_dependencies-extras.cmake
-- Installing: /home/ros2/tower_ws/install/ouster_sensor_msgs/share/ouster_sensor_msgs/cmake/ament_cmake_export_include_directories-extras.cmake
-- Installing: /home/ros2/tower_ws/install/ouster_sensor_msgs/share/ouster_sensor_msgs/cmake/ament_cmake_export_libraries-extras.cmake
-- Installing: /home/ros2/tower_ws/install/ouster_sensor_msgs/share/ouster_sensor_msgs/cmake/ament_cmake_export_targets-extras.cmake
-- Installing: /home/ros2/tower_ws/install/ouster_sensor_msgs/share/ouster_sensor_msgs/cmake/rosidl_cmake_export_typesupport_targets-extras.cmake
-- Installing: /home/ros2/tower_ws/install/ouster_sensor_msgs/share/ouster_sensor_msgs/cmake/rosidl_cmake_export_typesupport_libraries-extras.cmake
-- Installing: /home/ros2/tower_ws/install/ouster_sensor_msgs/share/ouster_sensor_msgs/cmake/ament_cmake_export_assemblies-extras.cmake
-- Installing: /home/ros2/tower_ws/install/ouster_sensor_msgs/share/ouster_sensor_msgs/cmake/rosidl_cmake_aggregate_target-extras.cmake
-- Installing: /home/ros2/tower_ws/install/ouster_sensor_msgs/share/ouster_sensor_msgs/cmake/ouster_sensor_msgsConfig.cmake
-- Installing: /home/ros2/tower_ws/install/ouster_sensor_msgs/share/ouster_sensor_msgs/cmake/ouster_sensor_msgsConfig-version.cmake
-- Installing: /home/ros2/tower_ws/install/ouster_sensor_msgs/share/ouster_sensor_msgs/package.xml
