[0.008s] Invoking command in '/home/ros2/tower_ws/build/nav_launch': AMENT_PREFIX_PATH=/home/ros2/tower_ws/install/nav_radar:/home/ros2/tower_ws/install/nav_camera:/home/ros2/tower_ws/install/nav_messages:${AMENT_PREFIX_PATH} CMAKE_PREFIX_PATH=/home/ros2/tower_ws/install/nav_radar:/home/ros2/tower_ws/install/nav_camera:/home/ros2/tower_ws/install/nav_messages:/home/ros2/ros2_ws/install/zed_ros2:/home/ros2/ros2_ws/install/zed_wrapper:/home/ros2/ros2_ws/install/zed_components:/home/ros2/Downloads/final-ai/install/detectionmessage:/home/ros2/Downloads/ros2cs/install:/home/ros2/Downloads/final-ai/install/py_fakedata:/home/ros2/Downloads/final-ai/install/py_detectionmessage:/home/ros2/Downloads/final-ai/install/py_aiproc:/opt/ros/humble LD_LIBRARY_PATH=/home/ros2/tower_ws/install/nav_messages/lib:${LD_LIBRARY_PATH} PYTHONPATH=/home/ros2/tower_ws/install/nav_messages/local/lib/python3.10/dist-packages:${PYTHONPATH} /usr/bin/cmake /home/ros2/tower_ws/src/navtech/src/nav_launch -DCMAKE_INSTALL_PREFIX=/home/ros2/tower_ws/install/nav_launch
[0.045s] -- The C compiler identification is GNU 11.4.0
[0.089s] -- The CXX compiler identification is GNU 11.4.0
[0.093s] -- Detecting C compiler ABI info
[0.167s] -- Detecting C compiler ABI info - done
[0.173s] -- Check for working C compiler: /usr/bin/cc - skipped
[0.173s] -- Detecting C compile features
[0.174s] -- Detecting C compile features - done
[0.176s] -- Detecting CXX compiler ABI info
[0.249s] -- Detecting CXX compiler ABI info - done
[0.254s] -- Check for working CXX compiler: /usr/bin/c++ - skipped
[0.254s] -- Detecting CXX compile features
[0.254s] -- Detecting CXX compile features - done
[0.257s] -- Found ament_cmake: 1.3.14 (/opt/ros/humble/share/ament_cmake/cmake)
[0.364s] -- Found Python3: /usr/bin/python3 (found version "3.10.12") found components: Interpreter 
[0.435s] -- Found ament_lint_auto: 0.12.15 (/opt/ros/humble/share/ament_lint_auto/cmake)
[0.487s] -- Added test 'copyright' to check source files copyright and LICENSE
[0.488s] -- Added test 'flake8' to check Python code syntax and style conventions
[0.488s] -- Added test 'lint_cmake' to check CMake code style
[0.489s] -- Added test 'pep257' to check Python code against some of the docstring style conventions in PEP 257
[0.490s] -- Added test 'xmllint' to check XML markup files
[0.490s] -- Configuring done
[0.492s] -- Generating done
[0.492s] -- Build files have been written to: /home/ros2/tower_ws/build/nav_launch
[0.495s] Invoked command in '/home/ros2/tower_ws/build/nav_launch' returned '0': AMENT_PREFIX_PATH=/home/ros2/tower_ws/install/nav_radar:/home/ros2/tower_ws/install/nav_camera:/home/ros2/tower_ws/install/nav_messages:${AMENT_PREFIX_PATH} CMAKE_PREFIX_PATH=/home/ros2/tower_ws/install/nav_radar:/home/ros2/tower_ws/install/nav_camera:/home/ros2/tower_ws/install/nav_messages:/home/ros2/ros2_ws/install/zed_ros2:/home/ros2/ros2_ws/install/zed_wrapper:/home/ros2/ros2_ws/install/zed_components:/home/ros2/Downloads/final-ai/install/detectionmessage:/home/ros2/Downloads/ros2cs/install:/home/ros2/Downloads/final-ai/install/py_fakedata:/home/ros2/Downloads/final-ai/install/py_detectionmessage:/home/ros2/Downloads/final-ai/install/py_aiproc:/opt/ros/humble LD_LIBRARY_PATH=/home/ros2/tower_ws/install/nav_messages/lib:${LD_LIBRARY_PATH} PYTHONPATH=/home/ros2/tower_ws/install/nav_messages/local/lib/python3.10/dist-packages:${PYTHONPATH} /usr/bin/cmake /home/ros2/tower_ws/src/navtech/src/nav_launch -DCMAKE_INSTALL_PREFIX=/home/ros2/tower_ws/install/nav_launch
[0.496s] Invoking command in '/home/ros2/tower_ws/build/nav_launch': AMENT_PREFIX_PATH=/home/ros2/tower_ws/install/nav_radar:/home/ros2/tower_ws/install/nav_camera:/home/ros2/tower_ws/install/nav_messages:${AMENT_PREFIX_PATH} CMAKE_PREFIX_PATH=/home/ros2/tower_ws/install/nav_radar:/home/ros2/tower_ws/install/nav_camera:/home/ros2/tower_ws/install/nav_messages:/home/ros2/ros2_ws/install/zed_ros2:/home/ros2/ros2_ws/install/zed_wrapper:/home/ros2/ros2_ws/install/zed_components:/home/ros2/Downloads/final-ai/install/detectionmessage:/home/ros2/Downloads/ros2cs/install:/home/ros2/Downloads/final-ai/install/py_fakedata:/home/ros2/Downloads/final-ai/install/py_detectionmessage:/home/ros2/Downloads/final-ai/install/py_aiproc:/opt/ros/humble LD_LIBRARY_PATH=/home/ros2/tower_ws/install/nav_messages/lib:${LD_LIBRARY_PATH} PYTHONPATH=/home/ros2/tower_ws/install/nav_messages/local/lib/python3.10/dist-packages:${PYTHONPATH} /usr/bin/cmake --build /home/ros2/tower_ws/build/nav_launch -- -j24 -l24
[0.522s] Invoked command in '/home/ros2/tower_ws/build/nav_launch' returned '0': AMENT_PREFIX_PATH=/home/ros2/tower_ws/install/nav_radar:/home/ros2/tower_ws/install/nav_camera:/home/ros2/tower_ws/install/nav_messages:${AMENT_PREFIX_PATH} CMAKE_PREFIX_PATH=/home/ros2/tower_ws/install/nav_radar:/home/ros2/tower_ws/install/nav_camera:/home/ros2/tower_ws/install/nav_messages:/home/ros2/ros2_ws/install/zed_ros2:/home/ros2/ros2_ws/install/zed_wrapper:/home/ros2/ros2_ws/install/zed_components:/home/ros2/Downloads/final-ai/install/detectionmessage:/home/ros2/Downloads/ros2cs/install:/home/ros2/Downloads/final-ai/install/py_fakedata:/home/ros2/Downloads/final-ai/install/py_detectionmessage:/home/ros2/Downloads/final-ai/install/py_aiproc:/opt/ros/humble LD_LIBRARY_PATH=/home/ros2/tower_ws/install/nav_messages/lib:${LD_LIBRARY_PATH} PYTHONPATH=/home/ros2/tower_ws/install/nav_messages/local/lib/python3.10/dist-packages:${PYTHONPATH} /usr/bin/cmake --build /home/ros2/tower_ws/build/nav_launch -- -j24 -l24
[0.523s] Invoking command in '/home/ros2/tower_ws/build/nav_launch': AMENT_PREFIX_PATH=/home/ros2/tower_ws/install/nav_radar:/home/ros2/tower_ws/install/nav_camera:/home/ros2/tower_ws/install/nav_messages:${AMENT_PREFIX_PATH} CMAKE_PREFIX_PATH=/home/ros2/tower_ws/install/nav_radar:/home/ros2/tower_ws/install/nav_camera:/home/ros2/tower_ws/install/nav_messages:/home/ros2/ros2_ws/install/zed_ros2:/home/ros2/ros2_ws/install/zed_wrapper:/home/ros2/ros2_ws/install/zed_components:/home/ros2/Downloads/final-ai/install/detectionmessage:/home/ros2/Downloads/ros2cs/install:/home/ros2/Downloads/final-ai/install/py_fakedata:/home/ros2/Downloads/final-ai/install/py_detectionmessage:/home/ros2/Downloads/final-ai/install/py_aiproc:/opt/ros/humble LD_LIBRARY_PATH=/home/ros2/tower_ws/install/nav_messages/lib:${LD_LIBRARY_PATH} PYTHONPATH=/home/ros2/tower_ws/install/nav_messages/local/lib/python3.10/dist-packages:${PYTHONPATH} /usr/bin/cmake --install /home/ros2/tower_ws/build/nav_launch
[0.530s] -- Install configuration: ""
[0.530s] -- Installing: /home/ros2/tower_ws/install/nav_launch/share/nav_launch/launch
[0.530s] -- Installing: /home/ros2/tower_ws/install/nav_launch/share/nav_launch/launch/launch_cfar_point_cloud_publisher.launch.py
[0.530s] -- Installing: /home/ros2/tower_ws/install/nav_launch/share/nav_launch/launch/launch_everything.py
[0.530s] -- Installing: /home/ros2/tower_ws/install/nav_launch/share/nav_launch/launch/launch_colossus_and_camera_publisher.launch.py
[0.530s] -- Installing: /home/ros2/tower_ws/install/nav_launch/share/nav_launch/launch/os1-991911000046-metadata.json
[0.530s] -- Installing: /home/ros2/tower_ws/install/nav_launch/share/nav_launch/launch/launch_colossus_publisher.launch.py
[0.530s] -- Installing: /home/ros2/tower_ws/install/nav_launch/share/nav_launch/launch/boat_tower_x.urdf
[0.530s] -- Installing: /home/ros2/tower_ws/install/nav_launch/share/nav_launch/launch/launch_colossus_subscriber_laser_scan_publisher.launch.py
[0.530s] -- Installing: /home/ros2/tower_ws/install/nav_launch/share/nav_launch/launch/launch_b_scan_publisher.launch.py
[0.530s] -- Installing: /home/ros2/tower_ws/install/nav_launch/share/nav_launch/launch/launch_laser_scan_publisher.launch.py
[0.530s] -- Installing: /home/ros2/tower_ws/install/nav_launch/share/nav_launch/launch/launch_colossus_subscriber_point_cloud_publisher.launch.py
[0.530s] -- Installing: /home/ros2/tower_ws/install/nav_launch/share/nav_launch/launch/launch_navigation_mode_point_cloud_publisher.launch.py
[0.530s] -- Installing: /home/ros2/tower_ws/install/nav_launch/share/nav_launch/launch/launch_point_cloud_publisher.launch.py
[0.530s] -- Installing: /home/ros2/tower_ws/install/nav_launch/share/nav_launch/launch/launch_native_point_cloud_publisher.launch.py
[0.530s] -- Installing: /home/ros2/tower_ws/install/nav_launch/share/nav_launch/launch/__pycache__
[0.530s] -- Installing: /home/ros2/tower_ws/install/nav_launch/share/nav_launch/launch/__pycache__/launch_point_cloud_publisher.launch.cpython-38.pyc
[0.530s] -- Installing: /home/ros2/tower_ws/install/nav_launch/share/nav_launch/launch/launch_camera_publisher.launch.py
[0.530s] -- Installing: /home/ros2/tower_ws/install/nav_launch/share/ament_index/resource_index/package_run_dependencies/nav_launch
[0.531s] -- Installing: /home/ros2/tower_ws/install/nav_launch/share/ament_index/resource_index/parent_prefix_path/nav_launch
[0.531s] -- Installing: /home/ros2/tower_ws/install/nav_launch/share/nav_launch/environment/ament_prefix_path.sh
[0.531s] -- Installing: /home/ros2/tower_ws/install/nav_launch/share/nav_launch/environment/ament_prefix_path.dsv
[0.531s] -- Installing: /home/ros2/tower_ws/install/nav_launch/share/nav_launch/environment/path.sh
[0.531s] -- Installing: /home/ros2/tower_ws/install/nav_launch/share/nav_launch/environment/path.dsv
[0.531s] -- Installing: /home/ros2/tower_ws/install/nav_launch/share/nav_launch/local_setup.bash
[0.531s] -- Installing: /home/ros2/tower_ws/install/nav_launch/share/nav_launch/local_setup.sh
[0.531s] -- Installing: /home/ros2/tower_ws/install/nav_launch/share/nav_launch/local_setup.zsh
[0.531s] -- Installing: /home/ros2/tower_ws/install/nav_launch/share/nav_launch/local_setup.dsv
[0.531s] -- Installing: /home/ros2/tower_ws/install/nav_launch/share/nav_launch/package.dsv
[0.531s] -- Installing: /home/ros2/tower_ws/install/nav_launch/share/ament_index/resource_index/packages/nav_launch
[0.531s] -- Installing: /home/ros2/tower_ws/install/nav_launch/share/nav_launch/cmake/nav_launchConfig.cmake
[0.531s] -- Installing: /home/ros2/tower_ws/install/nav_launch/share/nav_launch/cmake/nav_launchConfig-version.cmake
[0.531s] -- Installing: /home/ros2/tower_ws/install/nav_launch/share/nav_launch/package.xml
[0.533s] Invoked command in '/home/ros2/tower_ws/build/nav_launch' returned '0': AMENT_PREFIX_PATH=/home/ros2/tower_ws/install/nav_radar:/home/ros2/tower_ws/install/nav_camera:/home/ros2/tower_ws/install/nav_messages:${AMENT_PREFIX_PATH} CMAKE_PREFIX_PATH=/home/ros2/tower_ws/install/nav_radar:/home/ros2/tower_ws/install/nav_camera:/home/ros2/tower_ws/install/nav_messages:/home/ros2/ros2_ws/install/zed_ros2:/home/ros2/ros2_ws/install/zed_wrapper:/home/ros2/ros2_ws/install/zed_components:/home/ros2/Downloads/final-ai/install/detectionmessage:/home/ros2/Downloads/ros2cs/install:/home/ros2/Downloads/final-ai/install/py_fakedata:/home/ros2/Downloads/final-ai/install/py_detectionmessage:/home/ros2/Downloads/final-ai/install/py_aiproc:/opt/ros/humble LD_LIBRARY_PATH=/home/ros2/tower_ws/install/nav_messages/lib:${LD_LIBRARY_PATH} PYTHONPATH=/home/ros2/tower_ws/install/nav_messages/local/lib/python3.10/dist-packages:${PYTHONPATH} /usr/bin/cmake --install /home/ros2/tower_ws/build/nav_launch
