[0.053s] DEBUG:colcon:Command line arguments: ['/usr/bin/colcon', 'build']
[0.053s] DEBUG:colcon:Parsed command line arguments: Namespace(log_base=None, log_level=None, verb_name='build', build_base='build', install_base='install', merge_install=False, symlink_install=False, test_result_base=None, continue_on_error=False, executor='parallel', parallel_workers=24, event_handlers=None, ignore_user_meta=False, metas=['./colcon.meta'], base_paths=['.'], packages_ignore=None, packages_ignore_regex=None, paths=None, packages_up_to=None, packages_up_to_regex=None, packages_above=None, packages_above_and_dependencies=None, packages_above_depth=None, packages_select_by_dep=None, packages_skip_by_dep=None, packages_skip_up_to=None, packages_select_build_failed=False, packages_skip_build_finished=False, packages_select_test_failures=False, packages_skip_test_passed=False, packages_select=None, packages_skip=None, packages_select_regex=None, packages_skip_regex=None, packages_start=None, packages_end=None, allow_overriding=[], cmake_args=None, cmake_target=None, cmake_target_skip_unavailable=False, cmake_clean_cache=False, cmake_clean_first=False, cmake_force_configure=False, ament_cmake_args=None, catkin_cmake_args=None, catkin_skip_building_tests=False, mixin_files=None, mixin=None, verb_parser=<colcon_mixin.mixin.mixin_argument.MixinArgumentDecorator object at 0x7250b0657310>, verb_extension=<colcon_core.verb.build.BuildVerb object at 0x7250b07a0580>, main=<bound method BuildVerb.main of <colcon_core.verb.build.BuildVerb object at 0x7250b07a0580>>, mixin_verb=('build',))
[0.129s] Level 1:colcon.colcon_core.package_discovery:discover_packages(colcon_meta) check parameters
[0.129s] Level 1:colcon.colcon_core.package_discovery:discover_packages(recursive) check parameters
[0.129s] Level 1:colcon.colcon_core.package_discovery:discover_packages(ignore) check parameters
[0.129s] Level 1:colcon.colcon_core.package_discovery:discover_packages(path) check parameters
[0.129s] Level 1:colcon.colcon_core.package_discovery:discover_packages(colcon_meta) discover
[0.129s] Level 1:colcon.colcon_core.package_discovery:discover_packages(recursive) discover
[0.129s] INFO:colcon.colcon_core.package_discovery:Crawling recursively for packages in '/home/ros2/tower_ws'
[0.129s] Level 1:colcon.colcon_core.package_identification:_identify(.) by extensions ['ignore', 'ignore_ament_install']
[0.129s] Level 1:colcon.colcon_core.package_identification:_identify(.) by extension 'ignore'
[0.129s] Level 1:colcon.colcon_core.package_identification:_identify(.) by extension 'ignore_ament_install'
[0.129s] Level 1:colcon.colcon_core.package_identification:_identify(.) by extensions ['colcon_pkg']
[0.129s] Level 1:colcon.colcon_core.package_identification:_identify(.) by extension 'colcon_pkg'
[0.130s] Level 1:colcon.colcon_core.package_identification:_identify(.) by extensions ['colcon_meta']
[0.130s] Level 1:colcon.colcon_core.package_identification:_identify(.) by extension 'colcon_meta'
[0.130s] Level 1:colcon.colcon_core.package_identification:_identify(.) by extensions ['ros']
[0.130s] Level 1:colcon.colcon_core.package_identification:_identify(.) by extension 'ros'
[0.135s] Level 1:colcon.colcon_core.package_identification:_identify(.) by extensions ['cmake', 'python']
[0.135s] Level 1:colcon.colcon_core.package_identification:_identify(.) by extension 'cmake'
[0.135s] Level 1:colcon.colcon_core.package_identification:_identify(.) by extension 'python'
[0.135s] Level 1:colcon.colcon_core.package_identification:_identify(.) by extensions ['python_setup_py']
[0.135s] Level 1:colcon.colcon_core.package_identification:_identify(.) by extension 'python_setup_py'
[0.135s] Level 1:colcon.colcon_core.package_identification:_identify(build) by extensions ['ignore', 'ignore_ament_install']
[0.135s] Level 1:colcon.colcon_core.package_identification:_identify(build) by extension 'ignore'
[0.135s] Level 1:colcon.colcon_core.package_identification:_identify(build) ignored
[0.135s] Level 1:colcon.colcon_core.package_identification:_identify(install) by extensions ['ignore', 'ignore_ament_install']
[0.135s] Level 1:colcon.colcon_core.package_identification:_identify(install) by extension 'ignore'
[0.135s] Level 1:colcon.colcon_core.package_identification:_identify(install) ignored
[0.136s] Level 1:colcon.colcon_core.package_identification:_identify(log) by extensions ['ignore', 'ignore_ament_install']
[0.136s] Level 1:colcon.colcon_core.package_identification:_identify(log) by extension 'ignore'
[0.136s] Level 1:colcon.colcon_core.package_identification:_identify(log) ignored
[0.136s] Level 1:colcon.colcon_core.package_identification:_identify(src) by extensions ['ignore', 'ignore_ament_install']
[0.136s] Level 1:colcon.colcon_core.package_identification:_identify(src) by extension 'ignore'
[0.136s] Level 1:colcon.colcon_core.package_identification:_identify(src) by extension 'ignore_ament_install'
[0.136s] Level 1:colcon.colcon_core.package_identification:_identify(src) by extensions ['colcon_pkg']
[0.136s] Level 1:colcon.colcon_core.package_identification:_identify(src) by extension 'colcon_pkg'
[0.136s] Level 1:colcon.colcon_core.package_identification:_identify(src) by extensions ['colcon_meta']
[0.136s] Level 1:colcon.colcon_core.package_identification:_identify(src) by extension 'colcon_meta'
[0.136s] Level 1:colcon.colcon_core.package_identification:_identify(src) by extensions ['ros']
[0.136s] Level 1:colcon.colcon_core.package_identification:_identify(src) by extension 'ros'
[0.136s] Level 1:colcon.colcon_core.package_identification:_identify(src) by extensions ['cmake', 'python']
[0.136s] Level 1:colcon.colcon_core.package_identification:_identify(src) by extension 'cmake'
[0.136s] Level 1:colcon.colcon_core.package_identification:_identify(src) by extension 'python'
[0.136s] Level 1:colcon.colcon_core.package_identification:_identify(src) by extensions ['python_setup_py']
[0.136s] Level 1:colcon.colcon_core.package_identification:_identify(src) by extension 'python_setup_py'
[0.136s] Level 1:colcon.colcon_core.package_identification:_identify(src/navtech) by extensions ['ignore', 'ignore_ament_install']
[0.136s] Level 1:colcon.colcon_core.package_identification:_identify(src/navtech) by extension 'ignore'
[0.136s] Level 1:colcon.colcon_core.package_identification:_identify(src/navtech) by extension 'ignore_ament_install'
[0.136s] Level 1:colcon.colcon_core.package_identification:_identify(src/navtech) by extensions ['colcon_pkg']
[0.136s] Level 1:colcon.colcon_core.package_identification:_identify(src/navtech) by extension 'colcon_pkg'
[0.136s] Level 1:colcon.colcon_core.package_identification:_identify(src/navtech) by extensions ['colcon_meta']
[0.136s] Level 1:colcon.colcon_core.package_identification:_identify(src/navtech) by extension 'colcon_meta'
[0.136s] Level 1:colcon.colcon_core.package_identification:_identify(src/navtech) by extensions ['ros']
[0.136s] Level 1:colcon.colcon_core.package_identification:_identify(src/navtech) by extension 'ros'
[0.136s] Level 1:colcon.colcon_core.package_identification:_identify(src/navtech) by extensions ['cmake', 'python']
[0.136s] Level 1:colcon.colcon_core.package_identification:_identify(src/navtech) by extension 'cmake'
[0.136s] Level 1:colcon.colcon_core.package_identification:_identify(src/navtech) by extension 'python'
[0.136s] Level 1:colcon.colcon_core.package_identification:_identify(src/navtech) by extensions ['python_setup_py']
[0.136s] Level 1:colcon.colcon_core.package_identification:_identify(src/navtech) by extension 'python_setup_py'
[0.136s] Level 1:colcon.colcon_core.package_identification:_identify(src/navtech/src) by extensions ['ignore', 'ignore_ament_install']
[0.136s] Level 1:colcon.colcon_core.package_identification:_identify(src/navtech/src) by extension 'ignore'
[0.136s] Level 1:colcon.colcon_core.package_identification:_identify(src/navtech/src) by extension 'ignore_ament_install'
[0.136s] Level 1:colcon.colcon_core.package_identification:_identify(src/navtech/src) by extensions ['colcon_pkg']
[0.136s] Level 1:colcon.colcon_core.package_identification:_identify(src/navtech/src) by extension 'colcon_pkg'
[0.136s] Level 1:colcon.colcon_core.package_identification:_identify(src/navtech/src) by extensions ['colcon_meta']
[0.136s] Level 1:colcon.colcon_core.package_identification:_identify(src/navtech/src) by extension 'colcon_meta'
[0.136s] Level 1:colcon.colcon_core.package_identification:_identify(src/navtech/src) by extensions ['ros']
[0.136s] Level 1:colcon.colcon_core.package_identification:_identify(src/navtech/src) by extension 'ros'
[0.136s] Level 1:colcon.colcon_core.package_identification:_identify(src/navtech/src) by extensions ['cmake', 'python']
[0.136s] Level 1:colcon.colcon_core.package_identification:_identify(src/navtech/src) by extension 'cmake'
[0.136s] Level 1:colcon.colcon_core.package_identification:_identify(src/navtech/src) by extension 'python'
[0.136s] Level 1:colcon.colcon_core.package_identification:_identify(src/navtech/src) by extensions ['python_setup_py']
[0.136s] Level 1:colcon.colcon_core.package_identification:_identify(src/navtech/src) by extension 'python_setup_py'
[0.136s] Level 1:colcon.colcon_core.package_identification:_identify(src/navtech/src/cpp_17) by extensions ['ignore', 'ignore_ament_install']
[0.136s] Level 1:colcon.colcon_core.package_identification:_identify(src/navtech/src/cpp_17) by extension 'ignore'
[0.136s] Level 1:colcon.colcon_core.package_identification:_identify(src/navtech/src/cpp_17) by extension 'ignore_ament_install'
[0.136s] Level 1:colcon.colcon_core.package_identification:_identify(src/navtech/src/cpp_17) by extensions ['colcon_pkg']
[0.137s] Level 1:colcon.colcon_core.package_identification:_identify(src/navtech/src/cpp_17) by extension 'colcon_pkg'
[0.137s] Level 1:colcon.colcon_core.package_identification:_identify(src/navtech/src/cpp_17) by extensions ['colcon_meta']
[0.137s] Level 1:colcon.colcon_core.package_identification:_identify(src/navtech/src/cpp_17) by extension 'colcon_meta'
[0.137s] Level 1:colcon.colcon_core.package_identification:_identify(src/navtech/src/cpp_17) by extensions ['ros']
[0.137s] Level 1:colcon.colcon_core.package_identification:_identify(src/navtech/src/cpp_17) by extension 'ros'
[0.137s] Level 1:colcon.colcon_core.package_identification:_identify(src/navtech/src/cpp_17) by extensions ['cmake', 'python']
[0.137s] Level 1:colcon.colcon_core.package_identification:_identify(src/navtech/src/cpp_17) by extension 'cmake'
[0.137s] Level 1:colcon.colcon_core.package_identification:_identify(src/navtech/src/cpp_17) by extension 'python'
[0.137s] Level 1:colcon.colcon_core.package_identification:_identify(src/navtech/src/cpp_17) by extensions ['python_setup_py']
[0.137s] Level 1:colcon.colcon_core.package_identification:_identify(src/navtech/src/cpp_17) by extension 'python_setup_py'
[0.137s] Level 1:colcon.colcon_core.package_identification:_identify(src/navtech/src/cpp_17/protobuf) by extensions ['ignore', 'ignore_ament_install']
[0.137s] Level 1:colcon.colcon_core.package_identification:_identify(src/navtech/src/cpp_17/protobuf) by extension 'ignore'
[0.137s] Level 1:colcon.colcon_core.package_identification:_identify(src/navtech/src/cpp_17/protobuf) by extension 'ignore_ament_install'
[0.137s] Level 1:colcon.colcon_core.package_identification:_identify(src/navtech/src/cpp_17/protobuf) by extensions ['colcon_pkg']
[0.137s] Level 1:colcon.colcon_core.package_identification:_identify(src/navtech/src/cpp_17/protobuf) by extension 'colcon_pkg'
[0.137s] Level 1:colcon.colcon_core.package_identification:_identify(src/navtech/src/cpp_17/protobuf) by extensions ['colcon_meta']
[0.137s] Level 1:colcon.colcon_core.package_identification:_identify(src/navtech/src/cpp_17/protobuf) by extension 'colcon_meta'
[0.137s] Level 1:colcon.colcon_core.package_identification:_identify(src/navtech/src/cpp_17/protobuf) by extensions ['ros']
[0.137s] Level 1:colcon.colcon_core.package_identification:_identify(src/navtech/src/cpp_17/protobuf) by extension 'ros'
[0.137s] Level 1:colcon.colcon_core.package_identification:_identify(src/navtech/src/cpp_17/protobuf) by extensions ['cmake', 'python']
[0.137s] Level 1:colcon.colcon_core.package_identification:_identify(src/navtech/src/cpp_17/protobuf) by extension 'cmake'
[0.137s] Level 1:colcon.colcon_core.package_identification:_identify(src/navtech/src/cpp_17/protobuf) by extension 'python'
[0.137s] Level 1:colcon.colcon_core.package_identification:_identify(src/navtech/src/cpp_17/protobuf) by extensions ['python_setup_py']
[0.137s] Level 1:colcon.colcon_core.package_identification:_identify(src/navtech/src/cpp_17/protobuf) by extension 'python_setup_py'
[0.137s] Level 1:colcon.colcon_core.package_identification:_identify(src/navtech/src/cpp_17/src) by extensions ['ignore', 'ignore_ament_install']
[0.137s] Level 1:colcon.colcon_core.package_identification:_identify(src/navtech/src/cpp_17/src) by extension 'ignore'
[0.137s] Level 1:colcon.colcon_core.package_identification:_identify(src/navtech/src/cpp_17/src) by extension 'ignore_ament_install'
[0.137s] Level 1:colcon.colcon_core.package_identification:_identify(src/navtech/src/cpp_17/src) by extensions ['colcon_pkg']
[0.137s] Level 1:colcon.colcon_core.package_identification:_identify(src/navtech/src/cpp_17/src) by extension 'colcon_pkg'
[0.137s] Level 1:colcon.colcon_core.package_identification:_identify(src/navtech/src/cpp_17/src) by extensions ['colcon_meta']
[0.137s] Level 1:colcon.colcon_core.package_identification:_identify(src/navtech/src/cpp_17/src) by extension 'colcon_meta'
[0.137s] Level 1:colcon.colcon_core.package_identification:_identify(src/navtech/src/cpp_17/src) by extensions ['ros']
[0.137s] Level 1:colcon.colcon_core.package_identification:_identify(src/navtech/src/cpp_17/src) by extension 'ros'
[0.137s] Level 1:colcon.colcon_core.package_identification:_identify(src/navtech/src/cpp_17/src) by extensions ['cmake', 'python']
[0.137s] Level 1:colcon.colcon_core.package_identification:_identify(src/navtech/src/cpp_17/src) by extension 'cmake'
[0.139s] Level 1:colcon.colcon_core.package_identification:_identify(src/navtech/src/cpp_17/src) by extension 'python'
[0.139s] DEBUG:colcon.colcon_core.package_identification:Package 'src/navtech/src/cpp_17/src' with type 'cmake' and name 'IASDK'
[0.139s] Level 1:colcon.colcon_core.package_identification:_identify(src/navtech/src/nav_camera) by extensions ['ignore', 'ignore_ament_install']
[0.139s] Level 1:colcon.colcon_core.package_identification:_identify(src/navtech/src/nav_camera) by extension 'ignore'
[0.139s] Level 1:colcon.colcon_core.package_identification:_identify(src/navtech/src/nav_camera) by extension 'ignore_ament_install'
[0.139s] Level 1:colcon.colcon_core.package_identification:_identify(src/navtech/src/nav_camera) by extensions ['colcon_pkg']
[0.139s] Level 1:colcon.colcon_core.package_identification:_identify(src/navtech/src/nav_camera) by extension 'colcon_pkg'
[0.139s] Level 1:colcon.colcon_core.package_identification:_identify(src/navtech/src/nav_camera) by extensions ['colcon_meta']
[0.139s] Level 1:colcon.colcon_core.package_identification:_identify(src/navtech/src/nav_camera) by extension 'colcon_meta'
[0.139s] Level 1:colcon.colcon_core.package_identification:_identify(src/navtech/src/nav_camera) by extensions ['ros']
[0.139s] Level 1:colcon.colcon_core.package_identification:_identify(src/navtech/src/nav_camera) by extension 'ros'
[0.151s] DEBUG:colcon.colcon_core.package_identification:Package 'src/navtech/src/nav_camera' with type 'ros.ament_cmake' and name 'nav_camera'
[0.151s] Level 1:colcon.colcon_core.package_identification:_identify(src/navtech/src/nav_launch) by extensions ['ignore', 'ignore_ament_install']
[0.151s] Level 1:colcon.colcon_core.package_identification:_identify(src/navtech/src/nav_launch) by extension 'ignore'
[0.151s] Level 1:colcon.colcon_core.package_identification:_identify(src/navtech/src/nav_launch) by extension 'ignore_ament_install'
[0.151s] Level 1:colcon.colcon_core.package_identification:_identify(src/navtech/src/nav_launch) by extensions ['colcon_pkg']
[0.151s] Level 1:colcon.colcon_core.package_identification:_identify(src/navtech/src/nav_launch) by extension 'colcon_pkg'
[0.151s] Level 1:colcon.colcon_core.package_identification:_identify(src/navtech/src/nav_launch) by extensions ['colcon_meta']
[0.151s] Level 1:colcon.colcon_core.package_identification:_identify(src/navtech/src/nav_launch) by extension 'colcon_meta'
[0.151s] Level 1:colcon.colcon_core.package_identification:_identify(src/navtech/src/nav_launch) by extensions ['ros']
[0.151s] Level 1:colcon.colcon_core.package_identification:_identify(src/navtech/src/nav_launch) by extension 'ros'
[0.151s] DEBUG:colcon.colcon_core.package_identification:Package 'src/navtech/src/nav_launch' with type 'ros.ament_cmake' and name 'nav_launch'
[0.151s] Level 1:colcon.colcon_core.package_identification:_identify(src/navtech/src/nav_messages) by extensions ['ignore', 'ignore_ament_install']
[0.151s] Level 1:colcon.colcon_core.package_identification:_identify(src/navtech/src/nav_messages) by extension 'ignore'
[0.151s] Level 1:colcon.colcon_core.package_identification:_identify(src/navtech/src/nav_messages) by extension 'ignore_ament_install'
[0.151s] Level 1:colcon.colcon_core.package_identification:_identify(src/navtech/src/nav_messages) by extensions ['colcon_pkg']
[0.151s] Level 1:colcon.colcon_core.package_identification:_identify(src/navtech/src/nav_messages) by extension 'colcon_pkg'
[0.151s] Level 1:colcon.colcon_core.package_identification:_identify(src/navtech/src/nav_messages) by extensions ['colcon_meta']
[0.151s] Level 1:colcon.colcon_core.package_identification:_identify(src/navtech/src/nav_messages) by extension 'colcon_meta'
[0.151s] Level 1:colcon.colcon_core.package_identification:_identify(src/navtech/src/nav_messages) by extensions ['ros']
[0.151s] Level 1:colcon.colcon_core.package_identification:_identify(src/navtech/src/nav_messages) by extension 'ros'
[0.152s] DEBUG:colcon.colcon_core.package_identification:Package 'src/navtech/src/nav_messages' with type 'ros.ament_cmake' and name 'nav_messages'
[0.152s] Level 1:colcon.colcon_core.package_identification:_identify(src/navtech/src/nav_radar) by extensions ['ignore', 'ignore_ament_install']
[0.152s] Level 1:colcon.colcon_core.package_identification:_identify(src/navtech/src/nav_radar) by extension 'ignore'
[0.152s] Level 1:colcon.colcon_core.package_identification:_identify(src/navtech/src/nav_radar) by extension 'ignore_ament_install'
[0.152s] Level 1:colcon.colcon_core.package_identification:_identify(src/navtech/src/nav_radar) by extensions ['colcon_pkg']
[0.152s] Level 1:colcon.colcon_core.package_identification:_identify(src/navtech/src/nav_radar) by extension 'colcon_pkg'
[0.152s] Level 1:colcon.colcon_core.package_identification:_identify(src/navtech/src/nav_radar) by extensions ['colcon_meta']
[0.152s] Level 1:colcon.colcon_core.package_identification:_identify(src/navtech/src/nav_radar) by extension 'colcon_meta'
[0.152s] Level 1:colcon.colcon_core.package_identification:_identify(src/navtech/src/nav_radar) by extensions ['ros']
[0.152s] Level 1:colcon.colcon_core.package_identification:_identify(src/navtech/src/nav_radar) by extension 'ros'
[0.152s] DEBUG:colcon.colcon_core.package_identification:Package 'src/navtech/src/nav_radar' with type 'ros.ament_cmake' and name 'nav_radar'
[0.152s] Level 1:colcon.colcon_core.package_identification:_identify(src/navtech/src/nav_rviz) by extensions ['ignore', 'ignore_ament_install']
[0.152s] Level 1:colcon.colcon_core.package_identification:_identify(src/navtech/src/nav_rviz) by extension 'ignore'
[0.152s] Level 1:colcon.colcon_core.package_identification:_identify(src/navtech/src/nav_rviz) by extension 'ignore_ament_install'
[0.152s] Level 1:colcon.colcon_core.package_identification:_identify(src/navtech/src/nav_rviz) by extensions ['colcon_pkg']
[0.152s] Level 1:colcon.colcon_core.package_identification:_identify(src/navtech/src/nav_rviz) by extension 'colcon_pkg'
[0.152s] Level 1:colcon.colcon_core.package_identification:_identify(src/navtech/src/nav_rviz) by extensions ['colcon_meta']
[0.152s] Level 1:colcon.colcon_core.package_identification:_identify(src/navtech/src/nav_rviz) by extension 'colcon_meta'
[0.152s] Level 1:colcon.colcon_core.package_identification:_identify(src/navtech/src/nav_rviz) by extensions ['ros']
[0.152s] Level 1:colcon.colcon_core.package_identification:_identify(src/navtech/src/nav_rviz) by extension 'ros'
[0.152s] Level 1:colcon.colcon_core.package_identification:_identify(src/navtech/src/nav_rviz) by extensions ['cmake', 'python']
[0.152s] Level 1:colcon.colcon_core.package_identification:_identify(src/navtech/src/nav_rviz) by extension 'cmake'
[0.152s] Level 1:colcon.colcon_core.package_identification:_identify(src/navtech/src/nav_rviz) by extension 'python'
[0.153s] Level 1:colcon.colcon_core.package_identification:_identify(src/navtech/src/nav_rviz) by extensions ['python_setup_py']
[0.153s] Level 1:colcon.colcon_core.package_identification:_identify(src/navtech/src/nav_rviz) by extension 'python_setup_py'
[0.153s] Level 1:colcon.colcon_core.package_discovery:discover_packages(recursive) using defaults
[0.153s] Level 1:colcon.colcon_core.package_discovery:discover_packages(ignore) discover
[0.153s] Level 1:colcon.colcon_core.package_discovery:discover_packages(ignore) using defaults
[0.153s] Level 1:colcon.colcon_core.package_discovery:discover_packages(path) discover
[0.153s] Level 1:colcon.colcon_core.package_discovery:discover_packages(path) using defaults
[0.168s] Level 1:colcon.colcon_core.package_discovery:discover_packages(prefix_path) check parameters
[0.168s] Level 1:colcon.colcon_core.package_discovery:discover_packages(prefix_path) discover
[0.169s] DEBUG:colcon.colcon_installed_package_information.package_discovery:Found 3 installed packages in /home/ros2/ros2_ws/install
[0.169s] DEBUG:colcon.colcon_installed_package_information.package_discovery:Found 4 installed packages in /home/ros2/Downloads/final-ai/install
[0.170s] DEBUG:colcon.colcon_installed_package_information.package_discovery:Found 48 installed packages in /home/ros2/Downloads/ros2cs/install
[0.171s] DEBUG:colcon.colcon_installed_package_information.package_discovery:Found 285 installed packages in /opt/ros/humble
[0.172s] Level 1:colcon.colcon_core.package_discovery:discover_packages(prefix_path) using defaults
[0.190s] Level 5:colcon.colcon_core.verb:set package 'IASDK' build argument 'cmake_args' from command line to 'None'
[0.190s] Level 5:colcon.colcon_core.verb:set package 'IASDK' build argument 'cmake_target' from command line to 'None'
[0.190s] Level 5:colcon.colcon_core.verb:set package 'IASDK' build argument 'cmake_target_skip_unavailable' from command line to 'False'
[0.190s] Level 5:colcon.colcon_core.verb:set package 'IASDK' build argument 'cmake_clean_cache' from command line to 'False'
[0.190s] Level 5:colcon.colcon_core.verb:set package 'IASDK' build argument 'cmake_clean_first' from command line to 'False'
[0.190s] Level 5:colcon.colcon_core.verb:set package 'IASDK' build argument 'cmake_force_configure' from command line to 'False'
[0.190s] Level 5:colcon.colcon_core.verb:set package 'IASDK' build argument 'ament_cmake_args' from command line to 'None'
[0.190s] Level 5:colcon.colcon_core.verb:set package 'IASDK' build argument 'catkin_cmake_args' from command line to 'None'
[0.190s] Level 5:colcon.colcon_core.verb:set package 'IASDK' build argument 'catkin_skip_building_tests' from command line to 'False'
[0.190s] DEBUG:colcon.colcon_core.verb:Building package 'IASDK' with the following arguments: {'ament_cmake_args': None, 'build_base': '/home/ros2/tower_ws/build/IASDK', 'catkin_cmake_args': None, 'catkin_skip_building_tests': False, 'cmake_args': None, 'cmake_clean_cache': False, 'cmake_clean_first': False, 'cmake_force_configure': False, 'cmake_target': None, 'cmake_target_skip_unavailable': False, 'install_base': '/home/ros2/tower_ws/install/IASDK', 'merge_install': False, 'path': '/home/ros2/tower_ws/src/navtech/src/cpp_17/src', 'symlink_install': False, 'test_result_base': None}
[0.191s] Level 5:colcon.colcon_core.verb:set package 'nav_messages' build argument 'cmake_args' from command line to 'None'
[0.191s] Level 5:colcon.colcon_core.verb:set package 'nav_messages' build argument 'cmake_target' from command line to 'None'
[0.191s] Level 5:colcon.colcon_core.verb:set package 'nav_messages' build argument 'cmake_target_skip_unavailable' from command line to 'False'
[0.191s] Level 5:colcon.colcon_core.verb:set package 'nav_messages' build argument 'cmake_clean_cache' from command line to 'False'
[0.191s] Level 5:colcon.colcon_core.verb:set package 'nav_messages' build argument 'cmake_clean_first' from command line to 'False'
[0.191s] Level 5:colcon.colcon_core.verb:set package 'nav_messages' build argument 'cmake_force_configure' from command line to 'False'
[0.191s] Level 5:colcon.colcon_core.verb:set package 'nav_messages' build argument 'ament_cmake_args' from command line to 'None'
[0.191s] Level 5:colcon.colcon_core.verb:set package 'nav_messages' build argument 'catkin_cmake_args' from command line to 'None'
[0.191s] Level 5:colcon.colcon_core.verb:set package 'nav_messages' build argument 'catkin_skip_building_tests' from command line to 'False'
[0.191s] DEBUG:colcon.colcon_core.verb:Building package 'nav_messages' with the following arguments: {'ament_cmake_args': None, 'build_base': '/home/ros2/tower_ws/build/nav_messages', 'catkin_cmake_args': None, 'catkin_skip_building_tests': False, 'cmake_args': None, 'cmake_clean_cache': False, 'cmake_clean_first': False, 'cmake_force_configure': False, 'cmake_target': None, 'cmake_target_skip_unavailable': False, 'install_base': '/home/ros2/tower_ws/install/nav_messages', 'merge_install': False, 'path': '/home/ros2/tower_ws/src/navtech/src/nav_messages', 'symlink_install': False, 'test_result_base': None}
[0.191s] Level 5:colcon.colcon_core.verb:set package 'nav_camera' build argument 'cmake_args' from command line to 'None'
[0.191s] Level 5:colcon.colcon_core.verb:set package 'nav_camera' build argument 'cmake_target' from command line to 'None'
[0.191s] Level 5:colcon.colcon_core.verb:set package 'nav_camera' build argument 'cmake_target_skip_unavailable' from command line to 'False'
[0.191s] Level 5:colcon.colcon_core.verb:set package 'nav_camera' build argument 'cmake_clean_cache' from command line to 'False'
[0.191s] Level 5:colcon.colcon_core.verb:set package 'nav_camera' build argument 'cmake_clean_first' from command line to 'False'
[0.191s] Level 5:colcon.colcon_core.verb:set package 'nav_camera' build argument 'cmake_force_configure' from command line to 'False'
[0.191s] Level 5:colcon.colcon_core.verb:set package 'nav_camera' build argument 'ament_cmake_args' from command line to 'None'
[0.191s] Level 5:colcon.colcon_core.verb:set package 'nav_camera' build argument 'catkin_cmake_args' from command line to 'None'
[0.191s] Level 5:colcon.colcon_core.verb:set package 'nav_camera' build argument 'catkin_skip_building_tests' from command line to 'False'
[0.191s] DEBUG:colcon.colcon_core.verb:Building package 'nav_camera' with the following arguments: {'ament_cmake_args': None, 'build_base': '/home/ros2/tower_ws/build/nav_camera', 'catkin_cmake_args': None, 'catkin_skip_building_tests': False, 'cmake_args': None, 'cmake_clean_cache': False, 'cmake_clean_first': False, 'cmake_force_configure': False, 'cmake_target': None, 'cmake_target_skip_unavailable': False, 'install_base': '/home/ros2/tower_ws/install/nav_camera', 'merge_install': False, 'path': '/home/ros2/tower_ws/src/navtech/src/nav_camera', 'symlink_install': False, 'test_result_base': None}
[0.191s] Level 5:colcon.colcon_core.verb:set package 'nav_radar' build argument 'cmake_args' from command line to 'None'
[0.191s] Level 5:colcon.colcon_core.verb:set package 'nav_radar' build argument 'cmake_target' from command line to 'None'
[0.191s] Level 5:colcon.colcon_core.verb:set package 'nav_radar' build argument 'cmake_target_skip_unavailable' from command line to 'False'
[0.191s] Level 5:colcon.colcon_core.verb:set package 'nav_radar' build argument 'cmake_clean_cache' from command line to 'False'
[0.191s] Level 5:colcon.colcon_core.verb:set package 'nav_radar' build argument 'cmake_clean_first' from command line to 'False'
[0.191s] Level 5:colcon.colcon_core.verb:set package 'nav_radar' build argument 'cmake_force_configure' from command line to 'False'
[0.191s] Level 5:colcon.colcon_core.verb:set package 'nav_radar' build argument 'ament_cmake_args' from command line to 'None'
[0.191s] Level 5:colcon.colcon_core.verb:set package 'nav_radar' build argument 'catkin_cmake_args' from command line to 'None'
[0.191s] Level 5:colcon.colcon_core.verb:set package 'nav_radar' build argument 'catkin_skip_building_tests' from command line to 'False'
[0.191s] DEBUG:colcon.colcon_core.verb:Building package 'nav_radar' with the following arguments: {'ament_cmake_args': None, 'build_base': '/home/ros2/tower_ws/build/nav_radar', 'catkin_cmake_args': None, 'catkin_skip_building_tests': False, 'cmake_args': None, 'cmake_clean_cache': False, 'cmake_clean_first': False, 'cmake_force_configure': False, 'cmake_target': None, 'cmake_target_skip_unavailable': False, 'install_base': '/home/ros2/tower_ws/install/nav_radar', 'merge_install': False, 'path': '/home/ros2/tower_ws/src/navtech/src/nav_radar', 'symlink_install': False, 'test_result_base': None}
[0.191s] Level 5:colcon.colcon_core.verb:set package 'nav_launch' build argument 'cmake_args' from command line to 'None'
[0.191s] Level 5:colcon.colcon_core.verb:set package 'nav_launch' build argument 'cmake_target' from command line to 'None'
[0.191s] Level 5:colcon.colcon_core.verb:set package 'nav_launch' build argument 'cmake_target_skip_unavailable' from command line to 'False'
[0.191s] Level 5:colcon.colcon_core.verb:set package 'nav_launch' build argument 'cmake_clean_cache' from command line to 'False'
[0.191s] Level 5:colcon.colcon_core.verb:set package 'nav_launch' build argument 'cmake_clean_first' from command line to 'False'
[0.191s] Level 5:colcon.colcon_core.verb:set package 'nav_launch' build argument 'cmake_force_configure' from command line to 'False'
[0.191s] Level 5:colcon.colcon_core.verb:set package 'nav_launch' build argument 'ament_cmake_args' from command line to 'None'
[0.191s] Level 5:colcon.colcon_core.verb:set package 'nav_launch' build argument 'catkin_cmake_args' from command line to 'None'
[0.191s] Level 5:colcon.colcon_core.verb:set package 'nav_launch' build argument 'catkin_skip_building_tests' from command line to 'False'
[0.191s] DEBUG:colcon.colcon_core.verb:Building package 'nav_launch' with the following arguments: {'ament_cmake_args': None, 'build_base': '/home/ros2/tower_ws/build/nav_launch', 'catkin_cmake_args': None, 'catkin_skip_building_tests': False, 'cmake_args': None, 'cmake_clean_cache': False, 'cmake_clean_first': False, 'cmake_force_configure': False, 'cmake_target': None, 'cmake_target_skip_unavailable': False, 'install_base': '/home/ros2/tower_ws/install/nav_launch', 'merge_install': False, 'path': '/home/ros2/tower_ws/src/navtech/src/nav_launch', 'symlink_install': False, 'test_result_base': None}
[0.192s] INFO:colcon.colcon_core.executor:Executing jobs using 'parallel' executor
[0.192s] DEBUG:colcon.colcon_parallel_executor.executor.parallel:run_until_complete
[0.193s] INFO:colcon.colcon_ros.task.ament_cmake.build:Building ROS package in '/home/ros2/tower_ws/src/navtech/src/nav_messages' with build type 'ament_cmake'
[0.193s] INFO:colcon.colcon_cmake.task.cmake.build:Building CMake package in '/home/ros2/tower_ws/src/navtech/src/nav_messages'
[0.193s] INFO:colcon.colcon_core.plugin_system:Skipping extension 'colcon_core.shell.bat': Not used on non-Windows systems
[0.194s] INFO:colcon.colcon_core.shell:Skip shell extension 'powershell' for command environment: Not usable outside of PowerShell
[0.194s] DEBUG:colcon.colcon_core.shell:Skip shell extension 'dsv' for command environment
[0.196s] INFO:colcon.colcon_cmake.task.cmake.build:Building CMake package in '/home/ros2/tower_ws/src/navtech/src/cpp_17/src'
[0.196s] INFO:colcon.colcon_core.shell:Skip shell extension 'powershell' for command environment: Not usable outside of PowerShell
[0.196s] DEBUG:colcon.colcon_core.shell:Skip shell extension 'dsv' for command environment
[0.199s] DEBUG:colcon.colcon_core.event_handler.log_command:Invoking command in '/home/ros2/tower_ws/build/nav_messages': CMAKE_PREFIX_PATH=${CMAKE_PREFIX_PATH}:/home/ros2/Downloads/final-ai/install/py_fakedata:/home/ros2/Downloads/final-ai/install/py_detectionmessage:/home/ros2/Downloads/final-ai/install/py_aiproc:/opt/ros/humble /usr/bin/cmake /home/ros2/tower_ws/src/navtech/src/nav_messages -DCMAKE_INSTALL_PREFIX=/home/ros2/tower_ws/install/nav_messages
[0.202s] DEBUG:colcon.colcon_core.event_handler.log_command:Invoking command in '/home/ros2/tower_ws/build/IASDK': /usr/bin/cmake /home/ros2/tower_ws/src/navtech/src/cpp_17/src -DCMAKE_INSTALL_PREFIX=/home/ros2/tower_ws/install/IASDK
[0.735s] DEBUG:colcon.colcon_core.event_handler.log_command:Invoked command in '/home/ros2/tower_ws/build/IASDK' returned '1': /usr/bin/cmake /home/ros2/tower_ws/src/navtech/src/cpp_17/src -DCMAKE_INSTALL_PREFIX=/home/ros2/tower_ws/install/IASDK
[2.070s] DEBUG:colcon.colcon_parallel_executor.executor.parallel:closing loop
[2.070s] DEBUG:colcon.colcon_parallel_executor.executor.parallel:loop closed
[2.070s] DEBUG:colcon.colcon_parallel_executor.executor.parallel:run_until_complete finished with '1'
[2.070s] DEBUG:colcon.colcon_core.event_reactor:joining thread
[2.077s] INFO:colcon.colcon_core.plugin_system:Skipping extension 'colcon_notification.desktop_notification.terminal_notifier': Not used on non-Darwin systems
[2.077s] INFO:colcon.colcon_core.plugin_system:Skipping extension 'colcon_notification.desktop_notification.win32': Not used on non-Windows systems
[2.077s] INFO:colcon.colcon_notification.desktop_notification:Sending desktop notification using 'notify2'
[2.090s] DEBUG:colcon.colcon_core.event_reactor:joined thread
[2.090s] INFO:colcon.colcon_core.shell:Creating prefix script '/home/ros2/tower_ws/install/local_setup.ps1'
[2.091s] INFO:colcon.colcon_core.shell:Creating prefix util module '/home/ros2/tower_ws/install/_local_setup_util_ps1.py'
[2.093s] INFO:colcon.colcon_core.shell:Creating prefix chain script '/home/ros2/tower_ws/install/setup.ps1'
[2.094s] INFO:colcon.colcon_core.shell:Creating prefix script '/home/ros2/tower_ws/install/local_setup.sh'
[2.095s] INFO:colcon.colcon_core.shell:Creating prefix util module '/home/ros2/tower_ws/install/_local_setup_util_sh.py'
[2.096s] INFO:colcon.colcon_core.shell:Creating prefix chain script '/home/ros2/tower_ws/install/setup.sh'
[2.097s] INFO:colcon.colcon_core.shell:Creating prefix script '/home/ros2/tower_ws/install/local_setup.bash'
[2.098s] INFO:colcon.colcon_core.shell:Creating prefix chain script '/home/ros2/tower_ws/install/setup.bash'
[2.100s] INFO:colcon.colcon_core.shell:Creating prefix script '/home/ros2/tower_ws/install/local_setup.zsh'
[2.100s] INFO:colcon.colcon_core.shell:Creating prefix chain script '/home/ros2/tower_ws/install/setup.zsh'
