[0.008s] Invoking command in '/home/ros2/tower_ws/build/nav_launch': CMAKE_PREFIX_PATH=/home/ros2/tower_ws/install/nav_radar:/home/ros2/tower_ws/install/nav_camera:/home/ros2/tower_ws/install/nav_messages:/home/ros2/tower_ws/install/nav_launch:/home/ros2/ros2_ws/install/zed_ros2:/home/ros2/ros2_ws/install/zed_wrapper:/home/ros2/ros2_ws/install/zed_components:/home/ros2/Downloads/final-ai/install/detectionmessage:/home/ros2/Downloads/ros2cs/install:/home/ros2/Downloads/final-ai/install/py_fakedata:/home/ros2/Downloads/final-ai/install/py_detectionmessage:/home/ros2/Downloads/final-ai/install/py_aiproc:/opt/ros/humble /usr/bin/cmake --build /home/ros2/tower_ws/build/nav_launch -- -j24 -l24
[0.034s] Invoked command in '/home/ros2/tower_ws/build/nav_launch' returned '0': CMAKE_PREFIX_PATH=/home/ros2/tower_ws/install/nav_radar:/home/ros2/tower_ws/install/nav_camera:/home/ros2/tower_ws/install/nav_messages:/home/ros2/tower_ws/install/nav_launch:/home/ros2/ros2_ws/install/zed_ros2:/home/ros2/ros2_ws/install/zed_wrapper:/home/ros2/ros2_ws/install/zed_components:/home/ros2/Downloads/final-ai/install/detectionmessage:/home/ros2/Downloads/ros2cs/install:/home/ros2/Downloads/final-ai/install/py_fakedata:/home/ros2/Downloads/final-ai/install/py_detectionmessage:/home/ros2/Downloads/final-ai/install/py_aiproc:/opt/ros/humble /usr/bin/cmake --build /home/ros2/tower_ws/build/nav_launch -- -j24 -l24
[0.036s] Invoking command in '/home/ros2/tower_ws/build/nav_launch': CMAKE_PREFIX_PATH=/home/ros2/tower_ws/install/nav_radar:/home/ros2/tower_ws/install/nav_camera:/home/ros2/tower_ws/install/nav_messages:/home/ros2/tower_ws/install/nav_launch:/home/ros2/ros2_ws/install/zed_ros2:/home/ros2/ros2_ws/install/zed_wrapper:/home/ros2/ros2_ws/install/zed_components:/home/ros2/Downloads/final-ai/install/detectionmessage:/home/ros2/Downloads/ros2cs/install:/home/ros2/Downloads/final-ai/install/py_fakedata:/home/ros2/Downloads/final-ai/install/py_detectionmessage:/home/ros2/Downloads/final-ai/install/py_aiproc:/opt/ros/humble /usr/bin/cmake --install /home/ros2/tower_ws/build/nav_launch
[0.041s] -- Install configuration: ""
[0.041s] -- Up-to-date: /home/ros2/tower_ws/install/nav_launch/share/nav_launch/launch
[0.041s] -- Up-to-date: /home/ros2/tower_ws/install/nav_launch/share/nav_launch/launch/launch_cfar_point_cloud_publisher.launch.py
[0.041s] -- Up-to-date: /home/ros2/tower_ws/install/nav_launch/share/nav_launch/launch/launch_everything.py
[0.041s] -- Up-to-date: /home/ros2/tower_ws/install/nav_launch/share/nav_launch/launch/launch_colossus_and_camera_publisher.launch.py
[0.041s] -- Up-to-date: /home/ros2/tower_ws/install/nav_launch/share/nav_launch/launch/os1-991911000046-metadata.json
[0.041s] -- Up-to-date: /home/ros2/tower_ws/install/nav_launch/share/nav_launch/launch/launch_colossus_publisher.launch.py
[0.041s] -- Up-to-date: /home/ros2/tower_ws/install/nav_launch/share/nav_launch/launch/boat_tower_x.urdf
[0.041s] -- Up-to-date: /home/ros2/tower_ws/install/nav_launch/share/nav_launch/launch/launch_colossus_subscriber_laser_scan_publisher.launch.py
[0.041s] -- Up-to-date: /home/ros2/tower_ws/install/nav_launch/share/nav_launch/launch/launch_b_scan_publisher.launch.py
[0.041s] -- Up-to-date: /home/ros2/tower_ws/install/nav_launch/share/nav_launch/launch/launch_laser_scan_publisher.launch.py
[0.041s] -- Up-to-date: /home/ros2/tower_ws/install/nav_launch/share/nav_launch/launch/launch_colossus_subscriber_point_cloud_publisher.launch.py
[0.041s] -- Up-to-date: /home/ros2/tower_ws/install/nav_launch/share/nav_launch/launch/launch_navigation_mode_point_cloud_publisher.launch.py
[0.041s] -- Up-to-date: /home/ros2/tower_ws/install/nav_launch/share/nav_launch/launch/launch_point_cloud_publisher.launch.py
[0.041s] -- Up-to-date: /home/ros2/tower_ws/install/nav_launch/share/nav_launch/launch/launch_native_point_cloud_publisher.launch.py
[0.041s] -- Up-to-date: /home/ros2/tower_ws/install/nav_launch/share/nav_launch/launch/__pycache__
[0.041s] -- Installing: /home/ros2/tower_ws/install/nav_launch/share/nav_launch/launch/__pycache__/launch_point_cloud_publisher.launch.cpython-310.pyc
[0.042s] -- Up-to-date: /home/ros2/tower_ws/install/nav_launch/share/nav_launch/launch/__pycache__/launch_point_cloud_publisher.launch.cpython-38.pyc
[0.042s] -- Up-to-date: /home/ros2/tower_ws/install/nav_launch/share/nav_launch/launch/launch_camera_publisher.launch.py
[0.042s] -- Up-to-date: /home/ros2/tower_ws/install/nav_launch/share/ament_index/resource_index/package_run_dependencies/nav_launch
[0.042s] -- Up-to-date: /home/ros2/tower_ws/install/nav_launch/share/ament_index/resource_index/parent_prefix_path/nav_launch
[0.042s] -- Up-to-date: /home/ros2/tower_ws/install/nav_launch/share/nav_launch/environment/ament_prefix_path.sh
[0.042s] -- Up-to-date: /home/ros2/tower_ws/install/nav_launch/share/nav_launch/environment/ament_prefix_path.dsv
[0.042s] -- Up-to-date: /home/ros2/tower_ws/install/nav_launch/share/nav_launch/environment/path.sh
[0.042s] -- Up-to-date: /home/ros2/tower_ws/install/nav_launch/share/nav_launch/environment/path.dsv
[0.042s] -- Up-to-date: /home/ros2/tower_ws/install/nav_launch/share/nav_launch/local_setup.bash
[0.042s] -- Up-to-date: /home/ros2/tower_ws/install/nav_launch/share/nav_launch/local_setup.sh
[0.042s] -- Up-to-date: /home/ros2/tower_ws/install/nav_launch/share/nav_launch/local_setup.zsh
[0.042s] -- Up-to-date: /home/ros2/tower_ws/install/nav_launch/share/nav_launch/local_setup.dsv
[0.042s] -- Up-to-date: /home/ros2/tower_ws/install/nav_launch/share/nav_launch/package.dsv
[0.042s] -- Up-to-date: /home/ros2/tower_ws/install/nav_launch/share/ament_index/resource_index/packages/nav_launch
[0.042s] -- Up-to-date: /home/ros2/tower_ws/install/nav_launch/share/nav_launch/cmake/nav_launchConfig.cmake
[0.042s] -- Up-to-date: /home/ros2/tower_ws/install/nav_launch/share/nav_launch/cmake/nav_launchConfig-version.cmake
[0.042s] -- Up-to-date: /home/ros2/tower_ws/install/nav_launch/share/nav_launch/package.xml
[0.043s] Invoked command in '/home/ros2/tower_ws/build/nav_launch' returned '0': CMAKE_PREFIX_PATH=/home/ros2/tower_ws/install/nav_radar:/home/ros2/tower_ws/install/nav_camera:/home/ros2/tower_ws/install/nav_messages:/home/ros2/tower_ws/install/nav_launch:/home/ros2/ros2_ws/install/zed_ros2:/home/ros2/ros2_ws/install/zed_wrapper:/home/ros2/ros2_ws/install/zed_components:/home/ros2/Downloads/final-ai/install/detectionmessage:/home/ros2/Downloads/ros2cs/install:/home/ros2/Downloads/final-ai/install/py_fakedata:/home/ros2/Downloads/final-ai/install/py_detectionmessage:/home/ros2/Downloads/final-ai/install/py_aiproc:/opt/ros/humble /usr/bin/cmake --install /home/ros2/tower_ws/build/nav_launch
