[0.022s] Invoking command in '/home/ros2/tower_ws/build/zed_ros2': CMAKE_PREFIX_PATH=/home/ros2/tower_ws/install/zed_wrapper:/home/ros2/tower_ws/install/zed_components:/home/ros2/tower_ws/install/zed_ros2:/home/ros2/tower_ws/install/nav_launch:/home/ros2/tower_ws/install/nav_radar:/home/ros2/tower_ws/install/nav_camera:/home/ros2/tower_ws/install/nav_messages:/home/ros2/ros2_ws/install/zed_ros2:/home/ros2/ros2_ws/install/zed_wrapper:/home/ros2/ros2_ws/install/zed_components:/home/ros2/Downloads/final-ai/install/detectionmessage:/home/ros2/Downloads/ros2cs/install:/home/ros2/Downloads/final-ai/install/py_fakedata:/home/ros2/Downloads/final-ai/install/py_detectionmessage:/home/ros2/Downloads/final-ai/install/py_aiproc:/opt/ros/humble /usr/bin/cmake --build /home/ros2/tower_ws/build/zed_ros2 -- -j24 -l24
[0.069s] Invoked command in '/home/ros2/tower_ws/build/zed_ros2' returned '0': CMAKE_PREFIX_PATH=/home/ros2/tower_ws/install/zed_wrapper:/home/ros2/tower_ws/install/zed_components:/home/ros2/tower_ws/install/zed_ros2:/home/ros2/tower_ws/install/nav_launch:/home/ros2/tower_ws/install/nav_radar:/home/ros2/tower_ws/install/nav_camera:/home/ros2/tower_ws/install/nav_messages:/home/ros2/ros2_ws/install/zed_ros2:/home/ros2/ros2_ws/install/zed_wrapper:/home/ros2/ros2_ws/install/zed_components:/home/ros2/Downloads/final-ai/install/detectionmessage:/home/ros2/Downloads/ros2cs/install:/home/ros2/Downloads/final-ai/install/py_fakedata:/home/ros2/Downloads/final-ai/install/py_detectionmessage:/home/ros2/Downloads/final-ai/install/py_aiproc:/opt/ros/humble /usr/bin/cmake --build /home/ros2/tower_ws/build/zed_ros2 -- -j24 -l24
[0.071s] Invoking command in '/home/ros2/tower_ws/build/zed_ros2': CMAKE_PREFIX_PATH=/home/ros2/tower_ws/install/zed_wrapper:/home/ros2/tower_ws/install/zed_components:/home/ros2/tower_ws/install/zed_ros2:/home/ros2/tower_ws/install/nav_launch:/home/ros2/tower_ws/install/nav_radar:/home/ros2/tower_ws/install/nav_camera:/home/ros2/tower_ws/install/nav_messages:/home/ros2/ros2_ws/install/zed_ros2:/home/ros2/ros2_ws/install/zed_wrapper:/home/ros2/ros2_ws/install/zed_components:/home/ros2/Downloads/final-ai/install/detectionmessage:/home/ros2/Downloads/ros2cs/install:/home/ros2/Downloads/final-ai/install/py_fakedata:/home/ros2/Downloads/final-ai/install/py_detectionmessage:/home/ros2/Downloads/final-ai/install/py_aiproc:/opt/ros/humble /usr/bin/cmake --install /home/ros2/tower_ws/build/zed_ros2
[0.078s] -- Install configuration: ""
[0.079s] -- Up-to-date: /home/ros2/tower_ws/install/zed_ros2/share/ament_index/resource_index/package_run_dependencies/zed_ros2
[0.079s] -- Up-to-date: /home/ros2/tower_ws/install/zed_ros2/share/ament_index/resource_index/parent_prefix_path/zed_ros2
[0.079s] -- Up-to-date: /home/ros2/tower_ws/install/zed_ros2/share/zed_ros2/environment/ament_prefix_path.sh
[0.079s] -- Up-to-date: /home/ros2/tower_ws/install/zed_ros2/share/zed_ros2/environment/ament_prefix_path.dsv
[0.079s] -- Up-to-date: /home/ros2/tower_ws/install/zed_ros2/share/zed_ros2/environment/path.sh
[0.079s] -- Up-to-date: /home/ros2/tower_ws/install/zed_ros2/share/zed_ros2/environment/path.dsv
[0.079s] -- Up-to-date: /home/ros2/tower_ws/install/zed_ros2/share/zed_ros2/local_setup.bash
[0.079s] -- Up-to-date: /home/ros2/tower_ws/install/zed_ros2/share/zed_ros2/local_setup.sh
[0.079s] -- Up-to-date: /home/ros2/tower_ws/install/zed_ros2/share/zed_ros2/local_setup.zsh
[0.080s] -- Up-to-date: /home/ros2/tower_ws/install/zed_ros2/share/zed_ros2/local_setup.dsv
[0.080s] -- Up-to-date: /home/ros2/tower_ws/install/zed_ros2/share/zed_ros2/package.dsv
[0.080s] -- Up-to-date: /home/ros2/tower_ws/install/zed_ros2/share/ament_index/resource_index/packages/zed_ros2
[0.080s] -- Up-to-date: /home/ros2/tower_ws/install/zed_ros2/share/zed_ros2/cmake/zed_ros2Config.cmake
[0.080s] -- Up-to-date: /home/ros2/tower_ws/install/zed_ros2/share/zed_ros2/cmake/zed_ros2Config-version.cmake
[0.080s] -- Up-to-date: /home/ros2/tower_ws/install/zed_ros2/share/zed_ros2/package.xml
[0.081s] Invoked command in '/home/ros2/tower_ws/build/zed_ros2' returned '0': CMAKE_PREFIX_PATH=/home/ros2/tower_ws/install/zed_wrapper:/home/ros2/tower_ws/install/zed_components:/home/ros2/tower_ws/install/zed_ros2:/home/ros2/tower_ws/install/nav_launch:/home/ros2/tower_ws/install/nav_radar:/home/ros2/tower_ws/install/nav_camera:/home/ros2/tower_ws/install/nav_messages:/home/ros2/ros2_ws/install/zed_ros2:/home/ros2/ros2_ws/install/zed_wrapper:/home/ros2/ros2_ws/install/zed_components:/home/ros2/Downloads/final-ai/install/detectionmessage:/home/ros2/Downloads/ros2cs/install:/home/ros2/Downloads/final-ai/install/py_fakedata:/home/ros2/Downloads/final-ai/install/py_detectionmessage:/home/ros2/Downloads/final-ai/install/py_aiproc:/opt/ros/humble /usr/bin/cmake --install /home/ros2/tower_ws/build/zed_ros2
