[35m[1mConsolidate compiler generated dependencies of target nav_messages__rosidl_generator_c[0m
[  1%] Built target nav_messages__cpp
[  1%] Built target nav_messages__rs
[  1%] Built target ament_cmake_python_copy_nav_messages
[  2%] Built target nav_messages__cs
[35m[1mConsolidate compiler generated dependencies of target nav_messages__rosidl_typesupport_cpp[0m
[35m[1mConsolidate compiler generated dependencies of target nav_messages__rosidl_typesupport_introspection_cpp[0m
[  7%] Built target nav_messages__rosidl_generator_c
[35m[1mConsolidate compiler generated dependencies of target nav_messages__rosidl_typesupport_fastrtps_cpp[0m
[ 12%] Built target nav_messages__rosidl_typesupport_introspection_cpp
[35m[1mConsolidate compiler generated dependencies of target nav_messages__rosidl_typesupport_introspection_c[0m
[35m[1mConsolidate compiler generated dependencies of target nav_messages__rosidl_typesupport_c[0m
[35m[1mConsolidate compiler generated dependencies of target nav_messages__rosidl_typesupport_fastrtps_c[0m
[ 17%] Built target nav_messages__rosidl_typesupport_cpp
[ 18%] [34m[1m/usr/bin/cmake;-version;/usr/bin/dotnet restore nav_messages_assembly_dotnetcore.csproj;          /usr/bin/dotnet build nav_messages_assembly_dotnetcore.csproj -> /home/ros2/tower_ws/build/nav_messages/nav_messages_assembly[0m
[ 23%] Built target nav_messages__rosidl_typesupport_introspection_c
[ 28%] Built target nav_messages__rosidl_typesupport_c
[ 34%] Built target nav_messages__rosidl_typesupport_fastrtps_cpp
[ 37%] Built target nav_messages__rosidl_typesupport_fastrtps_c
[35m[1mConsolidate compiler generated dependencies of target nav_messages_radar_configuration_message__rosidl_typesupport_introspection_c[0m
[35m[1mConsolidate compiler generated dependencies of target nav_messages_radar_fft_data_message__rosidl_typesupport_introspection_c[0m
[35m[1mConsolidate compiler generated dependencies of target nav_messages_radar_configuration_message__rosidl_typesupport_c[0m
[35m[1mConsolidate compiler generated dependencies of target nav_messages_camera_configuration_message__rosidl_typesupport_introspection_c[0m
[35m[1mConsolidate compiler generated dependencies of target nav_messages_camera_configuration_message__rosidl_typesupport_c[0m
[35m[1mConsolidate compiler generated dependencies of target nav_messages_radar_configuration_message__rosidl_typesupport_fastrtps_c[0m
[35m[1mConsolidate compiler generated dependencies of target nav_messages_radar_fft_data_message__rosidl_typesupport_fastrtps_c[0m
[35m[1mConsolidate compiler generated dependencies of target nav_messages_radar_fft_data_message__rosidl_typesupport_c[0m
[35m[1mConsolidate compiler generated dependencies of target nav_messages_camera_configuration_message__rosidl_typesupport_fastrtps_c[0m
[ 48%] Built target nav_messages_radar_configuration_message__rosidl_typesupport_c
[ 50%] Built target nav_messages_radar_configuration_message__rosidl_typesupport_introspection_c
[ 55%] Built target nav_messages_radar_fft_data_message__rosidl_typesupport_introspection_c
[ 61%] Built target nav_messages_camera_configuration_message__rosidl_typesupport_introspection_c
[ 66%] Built target nav_messages_camera_configuration_message__rosidl_typesupport_c
[ 72%] Built target nav_messages_radar_fft_data_message__rosidl_typesupport_c
[ 77%] Built target nav_messages_radar_configuration_message__rosidl_typesupport_fastrtps_c
[ 83%] Built target nav_messages_radar_fft_data_message__rosidl_typesupport_fastrtps_c
[ 89%] Built target nav_messages_camera_configuration_message__rosidl_typesupport_fastrtps_c
cmake version 3.22.1

CMake suite maintained and supported by Kitware (kitware.com/cmake).
[ 89%] Built target nav_messages
[ 90%] Built target nav_messages__py
[35m[1mConsolidate compiler generated dependencies of target nav_messages__rosidl_generator_py[0m
[ 94%] Built target nav_messages__rosidl_generator_py
[35m[1mConsolidate compiler generated dependencies of target nav_messages__rosidl_typesupport_introspection_c__pyext[0m
[35m[1mConsolidate compiler generated dependencies of target nav_messages__rosidl_typesupport_fastrtps_c__pyext[0m
[35m[1mConsolidate compiler generated dependencies of target nav_messages__rosidl_typesupport_c__pyext[0m
[ 96%] Built target nav_messages__rosidl_typesupport_introspection_c__pyext
[ 98%] Built target nav_messages__rosidl_typesupport_fastrtps_c__pyext
[100%] Built target nav_messages__rosidl_typesupport_c__pyext
[?1h=running egg_info
writing nav_messages.egg-info/PKG-INFO
writing dependency_links to nav_messages.egg-info/dependency_links.txt
writing top-level names to nav_messages.egg-info/top_level.txt
reading manifest file 'nav_messages.egg-info/SOURCES.txt'
writing manifest file 'nav_messages.egg-info/SOURCES.txt'
[100%] Built target ament_cmake_python_build_nav_messages_egg
  Determining projects to restore...
  All projects are up-to-date for restore.
[?1h=Microsoft (R) Build Engine version 17.0.4+85d71072f for .NET
Copyright (C) Microsoft Corporation. All rights reserved.

  Determining projects to restore...
  All projects are up-to-date for restore.
  nav_messages_assembly_dotnetcore -> /home/ros2/tower_ws/build/nav_messages/netstandard2.0/nav_messages_assembly.dll
[39;49m[92m
Build succeeded.
[39;49m    0 Warning(s)
[39;49m    0 Error(s)
[39;49m
Time Elapsed 00:00:00.52
[100%] Built target nav_messages_assembly
-- Install configuration: ""
-- Up-to-date: /home/ros2/tower_ws/install/nav_messages/share/ament_index/resource_index/rosidl_interfaces/nav_messages
-- Up-to-date: /home/ros2/tower_ws/install/nav_messages/include/nav_messages/nav_messages
-- Up-to-date: /home/ros2/tower_ws/install/nav_messages/include/nav_messages/nav_messages/msg
-- Up-to-date: /home/ros2/tower_ws/install/nav_messages/include/nav_messages/nav_messages/msg/radar_fft_data_message.h
-- Up-to-date: /home/ros2/tower_ws/install/nav_messages/include/nav_messages/nav_messages/msg/rosidl_generator_c__visibility_control.h
-- Up-to-date: /home/ros2/tower_ws/install/nav_messages/include/nav_messages/nav_messages/msg/camera_configuration_message.h
-- Up-to-date: /home/ros2/tower_ws/install/nav_messages/include/nav_messages/nav_messages/msg/detail
-- Up-to-date: /home/ros2/tower_ws/install/nav_messages/include/nav_messages/nav_messages/msg/detail/radar_configuration_message__type_support.h
-- Up-to-date: /home/ros2/tower_ws/install/nav_messages/include/nav_messages/nav_messages/msg/detail/camera_configuration_message__functions.h
-- Up-to-date: /home/ros2/tower_ws/install/nav_messages/include/nav_messages/nav_messages/msg/detail/radar_configuration_message__functions.h
-- Up-to-date: /home/ros2/tower_ws/install/nav_messages/include/nav_messages/nav_messages/msg/detail/radar_configuration_message__functions.c
-- Up-to-date: /home/ros2/tower_ws/install/nav_messages/include/nav_messages/nav_messages/msg/detail/camera_configuration_message__functions.c
-- Up-to-date: /home/ros2/tower_ws/install/nav_messages/include/nav_messages/nav_messages/msg/detail/camera_configuration_message__type_support.h
-- Up-to-date: /home/ros2/tower_ws/install/nav_messages/include/nav_messages/nav_messages/msg/detail/radar_fft_data_message__functions.h
-- Up-to-date: /home/ros2/tower_ws/install/nav_messages/include/nav_messages/nav_messages/msg/detail/radar_fft_data_message__type_support.h
-- Up-to-date: /home/ros2/tower_ws/install/nav_messages/include/nav_messages/nav_messages/msg/detail/radar_fft_data_message__struct.h
-- Up-to-date: /home/ros2/tower_ws/install/nav_messages/include/nav_messages/nav_messages/msg/detail/radar_fft_data_message__functions.c
-- Up-to-date: /home/ros2/tower_ws/install/nav_messages/include/nav_messages/nav_messages/msg/detail/camera_configuration_message__struct.h
-- Up-to-date: /home/ros2/tower_ws/install/nav_messages/include/nav_messages/nav_messages/msg/detail/radar_configuration_message__struct.h
-- Up-to-date: /home/ros2/tower_ws/install/nav_messages/include/nav_messages/nav_messages/msg/radar_configuration_message.h
-- Up-to-date: /home/ros2/tower_ws/install/nav_messages/share/nav_messages/environment/library_path.sh
-- Up-to-date: /home/ros2/tower_ws/install/nav_messages/share/nav_messages/environment/library_path.dsv
-- Up-to-date: /home/ros2/tower_ws/install/nav_messages/lib/libnav_messages__rosidl_generator_c.so
-- Up-to-date: /home/ros2/tower_ws/install/nav_messages/include/nav_messages/nav_messages
-- Up-to-date: /home/ros2/tower_ws/install/nav_messages/include/nav_messages/nav_messages/msg
-- Up-to-date: /home/ros2/tower_ws/install/nav_messages/include/nav_messages/nav_messages/msg/detail
-- Up-to-date: /home/ros2/tower_ws/install/nav_messages/include/nav_messages/nav_messages/msg/detail/camera_configuration_message__rosidl_typesupport_fastrtps_c.h
-- Up-to-date: /home/ros2/tower_ws/install/nav_messages/include/nav_messages/nav_messages/msg/detail/radar_fft_data_message__rosidl_typesupport_fastrtps_c.h
-- Up-to-date: /home/ros2/tower_ws/install/nav_messages/include/nav_messages/nav_messages/msg/detail/radar_configuration_message__rosidl_typesupport_fastrtps_c.h
-- Up-to-date: /home/ros2/tower_ws/install/nav_messages/include/nav_messages/nav_messages/msg/rosidl_typesupport_fastrtps_c__visibility_control.h
-- Up-to-date: /home/ros2/tower_ws/install/nav_messages/lib/libnav_messages__rosidl_typesupport_fastrtps_c.so
-- Up-to-date: /home/ros2/tower_ws/install/nav_messages/include/nav_messages/nav_messages
-- Up-to-date: /home/ros2/tower_ws/install/nav_messages/include/nav_messages/nav_messages/msg
-- Up-to-date: /home/ros2/tower_ws/install/nav_messages/include/nav_messages/nav_messages/msg/radar_fft_data_message.hpp
-- Up-to-date: /home/ros2/tower_ws/install/nav_messages/include/nav_messages/nav_messages/msg/camera_configuration_message.hpp
-- Up-to-date: /home/ros2/tower_ws/install/nav_messages/include/nav_messages/nav_messages/msg/radar_configuration_message.hpp
-- Up-to-date: /home/ros2/tower_ws/install/nav_messages/include/nav_messages/nav_messages/msg/detail
-- Up-to-date: /home/ros2/tower_ws/install/nav_messages/include/nav_messages/nav_messages/msg/detail/radar_fft_data_message__struct.hpp
-- Up-to-date: /home/ros2/tower_ws/install/nav_messages/include/nav_messages/nav_messages/msg/detail/camera_configuration_message__traits.hpp
-- Up-to-date: /home/ros2/tower_ws/install/nav_messages/include/nav_messages/nav_messages/msg/detail/camera_configuration_message__type_support.hpp
-- Up-to-date: /home/ros2/tower_ws/install/nav_messages/include/nav_messages/nav_messages/msg/detail/camera_configuration_message__builder.hpp
-- Up-to-date: /home/ros2/tower_ws/install/nav_messages/include/nav_messages/nav_messages/msg/detail/radar_configuration_message__traits.hpp
-- Up-to-date: /home/ros2/tower_ws/install/nav_messages/include/nav_messages/nav_messages/msg/detail/radar_fft_data_message__type_support.hpp
-- Up-to-date: /home/ros2/tower_ws/install/nav_messages/include/nav_messages/nav_messages/msg/detail/radar_configuration_message__type_support.hpp
-- Up-to-date: /home/ros2/tower_ws/install/nav_messages/include/nav_messages/nav_messages/msg/detail/radar_fft_data_message__builder.hpp
-- Up-to-date: /home/ros2/tower_ws/install/nav_messages/include/nav_messages/nav_messages/msg/detail/camera_configuration_message__struct.hpp
-- Up-to-date: /home/ros2/tower_ws/install/nav_messages/include/nav_messages/nav_messages/msg/detail/radar_configuration_message__builder.hpp
-- Up-to-date: /home/ros2/tower_ws/install/nav_messages/include/nav_messages/nav_messages/msg/detail/radar_configuration_message__struct.hpp
-- Up-to-date: /home/ros2/tower_ws/install/nav_messages/include/nav_messages/nav_messages/msg/detail/radar_fft_data_message__traits.hpp
-- Up-to-date: /home/ros2/tower_ws/install/nav_messages/include/nav_messages/nav_messages/msg/rosidl_generator_cpp__visibility_control.hpp
-- Up-to-date: /home/ros2/tower_ws/install/nav_messages/include/nav_messages/nav_messages
-- Up-to-date: /home/ros2/tower_ws/install/nav_messages/include/nav_messages/nav_messages/msg
-- Up-to-date: /home/ros2/tower_ws/install/nav_messages/include/nav_messages/nav_messages/msg/rosidl_typesupport_fastrtps_cpp__visibility_control.h
-- Up-to-date: /home/ros2/tower_ws/install/nav_messages/include/nav_messages/nav_messages/msg/detail
-- Up-to-date: /home/ros2/tower_ws/install/nav_messages/include/nav_messages/nav_messages/msg/detail/radar_fft_data_message__rosidl_typesupport_fastrtps_cpp.hpp
-- Up-to-date: /home/ros2/tower_ws/install/nav_messages/include/nav_messages/nav_messages/msg/detail/radar_configuration_message__rosidl_typesupport_fastrtps_cpp.hpp
-- Up-to-date: /home/ros2/tower_ws/install/nav_messages/include/nav_messages/nav_messages/msg/detail/camera_configuration_message__rosidl_typesupport_fastrtps_cpp.hpp
-- Up-to-date: /home/ros2/tower_ws/install/nav_messages/include/nav_messages/nav_messages/msg/detail/dds_fastrtps
-- Up-to-date: /home/ros2/tower_ws/install/nav_messages/lib/libnav_messages__rosidl_typesupport_fastrtps_cpp.so
-- Up-to-date: /home/ros2/tower_ws/install/nav_messages/include/nav_messages/nav_messages
-- Up-to-date: /home/ros2/tower_ws/install/nav_messages/include/nav_messages/nav_messages/msg
-- Up-to-date: /home/ros2/tower_ws/install/nav_messages/include/nav_messages/nav_messages/msg/rosidl_typesupport_introspection_c__visibility_control.h
-- Up-to-date: /home/ros2/tower_ws/install/nav_messages/include/nav_messages/nav_messages/msg/detail
-- Up-to-date: /home/ros2/tower_ws/install/nav_messages/include/nav_messages/nav_messages/msg/detail/radar_configuration_message__rosidl_typesupport_introspection_c.h
-- Up-to-date: /home/ros2/tower_ws/install/nav_messages/include/nav_messages/nav_messages/msg/detail/camera_configuration_message__rosidl_typesupport_introspection_c.h
-- Up-to-date: /home/ros2/tower_ws/install/nav_messages/include/nav_messages/nav_messages/msg/detail/radar_configuration_message__type_support.c
-- Up-to-date: /home/ros2/tower_ws/install/nav_messages/include/nav_messages/nav_messages/msg/detail/radar_fft_data_message__rosidl_typesupport_introspection_c.h
-- Up-to-date: /home/ros2/tower_ws/install/nav_messages/include/nav_messages/nav_messages/msg/detail/camera_configuration_message__type_support.c
-- Up-to-date: /home/ros2/tower_ws/install/nav_messages/include/nav_messages/nav_messages/msg/detail/radar_fft_data_message__type_support.c
-- Up-to-date: /home/ros2/tower_ws/install/nav_messages/lib/libnav_messages__rosidl_typesupport_introspection_c.so
-- Up-to-date: /home/ros2/tower_ws/install/nav_messages/lib/libnav_messages__rosidl_typesupport_c.so
-- Up-to-date: /home/ros2/tower_ws/install/nav_messages/include/nav_messages/nav_messages
-- Up-to-date: /home/ros2/tower_ws/install/nav_messages/include/nav_messages/nav_messages/msg
-- Up-to-date: /home/ros2/tower_ws/install/nav_messages/include/nav_messages/nav_messages/msg/detail
-- Up-to-date: /home/ros2/tower_ws/install/nav_messages/include/nav_messages/nav_messages/msg/detail/radar_configuration_message__type_support.cpp
-- Up-to-date: /home/ros2/tower_ws/install/nav_messages/include/nav_messages/nav_messages/msg/detail/radar_fft_data_message__type_support.cpp
-- Up-to-date: /home/ros2/tower_ws/install/nav_messages/include/nav_messages/nav_messages/msg/detail/camera_configuration_message__rosidl_typesupport_introspection_cpp.hpp
-- Up-to-date: /home/ros2/tower_ws/install/nav_messages/include/nav_messages/nav_messages/msg/detail/radar_fft_data_message__rosidl_typesupport_introspection_cpp.hpp
-- Up-to-date: /home/ros2/tower_ws/install/nav_messages/include/nav_messages/nav_messages/msg/detail/camera_configuration_message__type_support.cpp
-- Up-to-date: /home/ros2/tower_ws/install/nav_messages/include/nav_messages/nav_messages/msg/detail/radar_configuration_message__rosidl_typesupport_introspection_cpp.hpp
-- Up-to-date: /home/ros2/tower_ws/install/nav_messages/lib/libnav_messages__rosidl_typesupport_introspection_cpp.so
-- Up-to-date: /home/ros2/tower_ws/install/nav_messages/lib/libnav_messages__rosidl_typesupport_cpp.so
-- Up-to-date: /home/ros2/tower_ws/install/nav_messages/lib/libnav_messages_radar_configuration_message__rosidl_typesupport_c_native.so
-- Up-to-date: /home/ros2/tower_ws/install/nav_messages/lib/libnav_messages_radar_configuration_message__rosidl_typesupport_introspection_c_native.so
-- Up-to-date: /home/ros2/tower_ws/install/nav_messages/lib/libnav_messages_radar_configuration_message__rosidl_typesupport_fastrtps_c_native.so
-- Up-to-date: /home/ros2/tower_ws/install/nav_messages/lib/libnav_messages_radar_fft_data_message__rosidl_typesupport_c_native.so
-- Up-to-date: /home/ros2/tower_ws/install/nav_messages/lib/libnav_messages_radar_fft_data_message__rosidl_typesupport_introspection_c_native.so
-- Up-to-date: /home/ros2/tower_ws/install/nav_messages/lib/libnav_messages_radar_fft_data_message__rosidl_typesupport_fastrtps_c_native.so
-- Up-to-date: /home/ros2/tower_ws/install/nav_messages/lib/libnav_messages_camera_configuration_message__rosidl_typesupport_c_native.so
-- Up-to-date: /home/ros2/tower_ws/install/nav_messages/lib/libnav_messages_camera_configuration_message__rosidl_typesupport_introspection_c_native.so
-- Up-to-date: /home/ros2/tower_ws/install/nav_messages/lib/libnav_messages_camera_configuration_message__rosidl_typesupport_fastrtps_c_native.so
-- Up-to-date: /home/ros2/tower_ws/install/nav_messages/lib/dotnet
-- Up-to-date: /home/ros2/tower_ws/install/nav_messages/lib/dotnet/std_msgs_assembly.dll
-- Up-to-date: /home/ros2/tower_ws/install/nav_messages/lib/dotnet/nav_messages_assembly.dll
-- Up-to-date: /home/ros2/tower_ws/install/nav_messages/lib/dotnet/builtin_interfaces_assembly.dll
-- Up-to-date: /home/ros2/tower_ws/install/nav_messages/lib/dotnet/nav_messages_assembly.deps.json
-- Up-to-date: /home/ros2/tower_ws/install/nav_messages/lib/dotnet/ros2cs_common.dll
-- Up-to-date: /home/ros2/tower_ws/install/nav_messages/share/nav_messages/environment/pythonpath.sh
-- Up-to-date: /home/ros2/tower_ws/install/nav_messages/share/nav_messages/environment/pythonpath.dsv
-- Up-to-date: /home/ros2/tower_ws/install/nav_messages/local/lib/python3.10/dist-packages/nav_messages-1.0.0-py3.10.egg-info
-- Installing: /home/ros2/tower_ws/install/nav_messages/local/lib/python3.10/dist-packages/nav_messages-1.0.0-py3.10.egg-info/dependency_links.txt
-- Installing: /home/ros2/tower_ws/install/nav_messages/local/lib/python3.10/dist-packages/nav_messages-1.0.0-py3.10.egg-info/PKG-INFO
-- Installing: /home/ros2/tower_ws/install/nav_messages/local/lib/python3.10/dist-packages/nav_messages-1.0.0-py3.10.egg-info/top_level.txt
-- Installing: /home/ros2/tower_ws/install/nav_messages/local/lib/python3.10/dist-packages/nav_messages-1.0.0-py3.10.egg-info/SOURCES.txt
-- Up-to-date: /home/ros2/tower_ws/install/nav_messages/local/lib/python3.10/dist-packages/nav_messages
-- Up-to-date: /home/ros2/tower_ws/install/nav_messages/local/lib/python3.10/dist-packages/nav_messages/nav_messages_s__rosidl_typesupport_introspection_c.cpython-310-x86_64-linux-gnu.so
-- Up-to-date: /home/ros2/tower_ws/install/nav_messages/local/lib/python3.10/dist-packages/nav_messages/nav_messages_s__rosidl_typesupport_c.cpython-310-x86_64-linux-gnu.so
-- Up-to-date: /home/ros2/tower_ws/install/nav_messages/local/lib/python3.10/dist-packages/nav_messages/_nav_messages_s.ep.rosidl_typesupport_fastrtps_c.c
-- Up-to-date: /home/ros2/tower_ws/install/nav_messages/local/lib/python3.10/dist-packages/nav_messages/_nav_messages_s.ep.rosidl_typesupport_introspection_c.c
-- Up-to-date: /home/ros2/tower_ws/install/nav_messages/local/lib/python3.10/dist-packages/nav_messages/nav_messages_s__rosidl_typesupport_fastrtps_c.cpython-310-x86_64-linux-gnu.so
-- Up-to-date: /home/ros2/tower_ws/install/nav_messages/local/lib/python3.10/dist-packages/nav_messages/__init__.py
-- Up-to-date: /home/ros2/tower_ws/install/nav_messages/local/lib/python3.10/dist-packages/nav_messages/msg
-- Up-to-date: /home/ros2/tower_ws/install/nav_messages/local/lib/python3.10/dist-packages/nav_messages/msg/_camera_configuration_message.py
-- Up-to-date: /home/ros2/tower_ws/install/nav_messages/local/lib/python3.10/dist-packages/nav_messages/msg/_radar_configuration_message_s.c
-- Up-to-date: /home/ros2/tower_ws/install/nav_messages/local/lib/python3.10/dist-packages/nav_messages/msg/_camera_configuration_message_s.c
-- Up-to-date: /home/ros2/tower_ws/install/nav_messages/local/lib/python3.10/dist-packages/nav_messages/msg/_radar_fft_data_message.py
-- Up-to-date: /home/ros2/tower_ws/install/nav_messages/local/lib/python3.10/dist-packages/nav_messages/msg/__init__.py
-- Up-to-date: /home/ros2/tower_ws/install/nav_messages/local/lib/python3.10/dist-packages/nav_messages/msg/_radar_configuration_message.py
-- Up-to-date: /home/ros2/tower_ws/install/nav_messages/local/lib/python3.10/dist-packages/nav_messages/msg/_radar_fft_data_message_s.c
-- Up-to-date: /home/ros2/tower_ws/install/nav_messages/local/lib/python3.10/dist-packages/nav_messages/libnav_messages__rosidl_generator_py.so
-- Up-to-date: /home/ros2/tower_ws/install/nav_messages/local/lib/python3.10/dist-packages/nav_messages/_nav_messages_s.ep.rosidl_typesupport_c.c
Listing '/home/ros2/tower_ws/install/nav_messages/local/lib/python3.10/dist-packages/nav_messages'...
Listing '/home/ros2/tower_ws/install/nav_messages/local/lib/python3.10/dist-packages/nav_messages/msg'...
-- Up-to-date: /home/ros2/tower_ws/install/nav_messages/local/lib/python3.10/dist-packages/nav_messages/nav_messages_s__rosidl_typesupport_fastrtps_c.cpython-310-x86_64-linux-gnu.so
-- Up-to-date: /home/ros2/tower_ws/install/nav_messages/local/lib/python3.10/dist-packages/nav_messages/nav_messages_s__rosidl_typesupport_introspection_c.cpython-310-x86_64-linux-gnu.so
-- Up-to-date: /home/ros2/tower_ws/install/nav_messages/local/lib/python3.10/dist-packages/nav_messages/nav_messages_s__rosidl_typesupport_c.cpython-310-x86_64-linux-gnu.so
-- Up-to-date: /home/ros2/tower_ws/install/nav_messages/lib/libnav_messages__rosidl_generator_py.so
-- Up-to-date: /home/ros2/tower_ws/install/nav_messages/share/ament_index/resource_index/rust_packages/nav_messages
-- Up-to-date: /home/ros2/tower_ws/install/nav_messages/share/nav_messages/rust
-- Up-to-date: /home/ros2/tower_ws/install/nav_messages/share/nav_messages/rust/build.rs
-- Up-to-date: /home/ros2/tower_ws/install/nav_messages/share/nav_messages/rust/src
-- Up-to-date: /home/ros2/tower_ws/install/nav_messages/share/nav_messages/rust/src/msg.rs
-- Up-to-date: /home/ros2/tower_ws/install/nav_messages/share/nav_messages/rust/src/lib.rs
-- Up-to-date: /home/ros2/tower_ws/install/nav_messages/share/nav_messages/rust/src/msg
-- Up-to-date: /home/ros2/tower_ws/install/nav_messages/share/nav_messages/rust/src/msg/rmw.rs
-- Up-to-date: /home/ros2/tower_ws/install/nav_messages/share/nav_messages/rust/Cargo.toml
-- Up-to-date: /home/ros2/tower_ws/install/nav_messages/share/nav_messages/msg/RadarConfigurationMessage.idl
-- Up-to-date: /home/ros2/tower_ws/install/nav_messages/share/nav_messages/msg/RadarFftDataMessage.idl
-- Up-to-date: /home/ros2/tower_ws/install/nav_messages/share/nav_messages/msg/CameraConfigurationMessage.idl
-- Up-to-date: /home/ros2/tower_ws/install/nav_messages/share/nav_messages/msg/RadarConfigurationMessage.msg
-- Up-to-date: /home/ros2/tower_ws/install/nav_messages/share/nav_messages/msg/RadarFftDataMessage.msg
-- Up-to-date: /home/ros2/tower_ws/install/nav_messages/share/nav_messages/msg/CameraConfigurationMessage.msg
-- Up-to-date: /home/ros2/tower_ws/install/nav_messages/share/ament_index/resource_index/package_run_dependencies/nav_messages
-- Up-to-date: /home/ros2/tower_ws/install/nav_messages/share/ament_index/resource_index/parent_prefix_path/nav_messages
-- Up-to-date: /home/ros2/tower_ws/install/nav_messages/share/nav_messages/environment/ament_prefix_path.sh
-- Up-to-date: /home/ros2/tower_ws/install/nav_messages/share/nav_messages/environment/ament_prefix_path.dsv
-- Up-to-date: /home/ros2/tower_ws/install/nav_messages/share/nav_messages/environment/path.sh
-- Up-to-date: /home/ros2/tower_ws/install/nav_messages/share/nav_messages/environment/path.dsv
-- Up-to-date: /home/ros2/tower_ws/install/nav_messages/share/nav_messages/local_setup.bash
-- Up-to-date: /home/ros2/tower_ws/install/nav_messages/share/nav_messages/local_setup.sh
-- Up-to-date: /home/ros2/tower_ws/install/nav_messages/share/nav_messages/local_setup.zsh
-- Up-to-date: /home/ros2/tower_ws/install/nav_messages/share/nav_messages/local_setup.dsv
-- Installing: /home/ros2/tower_ws/install/nav_messages/share/nav_messages/package.dsv
-- Up-to-date: /home/ros2/tower_ws/install/nav_messages/share/ament_index/resource_index/packages/nav_messages
-- Up-to-date: /home/ros2/tower_ws/install/nav_messages/share/nav_messages/cmake/export_nav_messages__rosidl_generator_cExport.cmake
-- Up-to-date: /home/ros2/tower_ws/install/nav_messages/share/nav_messages/cmake/export_nav_messages__rosidl_generator_cExport-noconfig.cmake
-- Up-to-date: /home/ros2/tower_ws/install/nav_messages/share/nav_messages/cmake/export_nav_messages__rosidl_typesupport_fastrtps_cExport.cmake
-- Up-to-date: /home/ros2/tower_ws/install/nav_messages/share/nav_messages/cmake/export_nav_messages__rosidl_typesupport_fastrtps_cExport-noconfig.cmake
-- Up-to-date: /home/ros2/tower_ws/install/nav_messages/share/nav_messages/cmake/export_nav_messages__rosidl_generator_cppExport.cmake
-- Up-to-date: /home/ros2/tower_ws/install/nav_messages/share/nav_messages/cmake/export_nav_messages__rosidl_typesupport_fastrtps_cppExport.cmake
-- Up-to-date: /home/ros2/tower_ws/install/nav_messages/share/nav_messages/cmake/export_nav_messages__rosidl_typesupport_fastrtps_cppExport-noconfig.cmake
-- Up-to-date: /home/ros2/tower_ws/install/nav_messages/share/nav_messages/cmake/nav_messages__rosidl_typesupport_introspection_cExport.cmake
-- Up-to-date: /home/ros2/tower_ws/install/nav_messages/share/nav_messages/cmake/nav_messages__rosidl_typesupport_introspection_cExport-noconfig.cmake
-- Up-to-date: /home/ros2/tower_ws/install/nav_messages/share/nav_messages/cmake/nav_messages__rosidl_typesupport_cExport.cmake
-- Up-to-date: /home/ros2/tower_ws/install/nav_messages/share/nav_messages/cmake/nav_messages__rosidl_typesupport_cExport-noconfig.cmake
-- Up-to-date: /home/ros2/tower_ws/install/nav_messages/share/nav_messages/cmake/nav_messages__rosidl_typesupport_introspection_cppExport.cmake
-- Up-to-date: /home/ros2/tower_ws/install/nav_messages/share/nav_messages/cmake/nav_messages__rosidl_typesupport_introspection_cppExport-noconfig.cmake
-- Up-to-date: /home/ros2/tower_ws/install/nav_messages/share/nav_messages/cmake/nav_messages__rosidl_typesupport_cppExport.cmake
-- Up-to-date: /home/ros2/tower_ws/install/nav_messages/share/nav_messages/cmake/nav_messages__rosidl_typesupport_cppExport-noconfig.cmake
-- Up-to-date: /home/ros2/tower_ws/install/nav_messages/share/nav_messages/cmake/export_nav_messages__rosidl_generator_pyExport.cmake
-- Up-to-date: /home/ros2/tower_ws/install/nav_messages/share/nav_messages/cmake/export_nav_messages__rosidl_generator_pyExport-noconfig.cmake
-- Up-to-date: /home/ros2/tower_ws/install/nav_messages/share/nav_messages/cmake/rosidl_cmake-extras.cmake
-- Up-to-date: /home/ros2/tower_ws/install/nav_messages/share/nav_messages/cmake/ament_cmake_export_dependencies-extras.cmake
-- Up-to-date: /home/ros2/tower_ws/install/nav_messages/share/nav_messages/cmake/ament_cmake_export_include_directories-extras.cmake
-- Up-to-date: /home/ros2/tower_ws/install/nav_messages/share/nav_messages/cmake/ament_cmake_export_libraries-extras.cmake
-- Up-to-date: /home/ros2/tower_ws/install/nav_messages/share/nav_messages/cmake/ament_cmake_export_targets-extras.cmake
-- Up-to-date: /home/ros2/tower_ws/install/nav_messages/share/nav_messages/cmake/rosidl_cmake_export_typesupport_targets-extras.cmake
-- Up-to-date: /home/ros2/tower_ws/install/nav_messages/share/nav_messages/cmake/rosidl_cmake_export_typesupport_libraries-extras.cmake
-- Up-to-date: /home/ros2/tower_ws/install/nav_messages/share/nav_messages/cmake/ament_cmake_export_assemblies-extras.cmake
-- Up-to-date: /home/ros2/tower_ws/install/nav_messages/share/nav_messages/cmake/rosidl_cmake_aggregate_target-extras.cmake
-- Up-to-date: /home/ros2/tower_ws/install/nav_messages/share/nav_messages/cmake/nav_messagesConfig.cmake
-- Up-to-date: /home/ros2/tower_ws/install/nav_messages/share/nav_messages/cmake/nav_messagesConfig-version.cmake
-- Up-to-date: /home/ros2/tower_ws/install/nav_messages/share/nav_messages/package.xml
