[0.011s] Invoking command in '/home/ros2/tower_ws/build/nav_messages': CMAKE_PREFIX_PATH=${CMAKE_PREFIX_PATH}:/home/ros2/Downloads/final-ai/install/py_fakedata:/home/ros2/Downloads/final-ai/install/py_detectionmessage:/home/ros2/Downloads/final-ai/install/py_aiproc:/opt/ros/humble /usr/bin/cmake --build /home/ros2/tower_ws/build/nav_messages -- -j24 -l24
[0.043s] [35m[1mConsolidate compiler generated dependencies of target nav_messages__rosidl_generator_c[0m
[0.046s] [  1%] Built target nav_messages__cpp
[0.046s] [  1%] Built target nav_messages__rs
[0.051s] [  1%] Built target ament_cmake_python_copy_nav_messages
[0.052s] [  2%] Built target nav_messages__cs
[0.053s] [35m[1mConsolidate compiler generated dependencies of target nav_messages__rosidl_typesupport_cpp[0m
[0.053s] [35m[1mConsolidate compiler generated dependencies of target nav_messages__rosidl_typesupport_introspection_cpp[0m
[0.054s] [  7%] Built target nav_messages__rosidl_generator_c
[0.056s] [35m[1mConsolidate compiler generated dependencies of target nav_messages__rosidl_typesupport_fastrtps_cpp[0m
[0.060s] [ 12%] Built target nav_messages__rosidl_typesupport_introspection_cpp
[0.060s] [35m[1mConsolidate compiler generated dependencies of target nav_messages__rosidl_typesupport_introspection_c[0m
[0.061s] [35m[1mConsolidate compiler generated dependencies of target nav_messages__rosidl_typesupport_c[0m
[0.061s] [35m[1mConsolidate compiler generated dependencies of target nav_messages__rosidl_typesupport_fastrtps_c[0m
[0.062s] [ 17%] Built target nav_messages__rosidl_typesupport_cpp
[0.064s] [ 18%] [34m[1m/usr/bin/cmake;-version;/usr/bin/dotnet restore nav_messages_assembly_dotnetcore.csproj;          /usr/bin/dotnet build nav_messages_assembly_dotnetcore.csproj -> /home/ros2/tower_ws/build/nav_messages/nav_messages_assembly[0m
[0.067s] [ 23%] Built target nav_messages__rosidl_typesupport_introspection_c
[0.067s] [ 28%] Built target nav_messages__rosidl_typesupport_c
[0.069s] [ 34%] Built target nav_messages__rosidl_typesupport_fastrtps_cpp
[0.069s] [ 37%] Built target nav_messages__rosidl_typesupport_fastrtps_c
[0.074s] [35m[1mConsolidate compiler generated dependencies of target nav_messages_radar_configuration_message__rosidl_typesupport_introspection_c[0m
[0.074s] [35m[1mConsolidate compiler generated dependencies of target nav_messages_radar_fft_data_message__rosidl_typesupport_introspection_c[0m
[0.074s] [35m[1mConsolidate compiler generated dependencies of target nav_messages_radar_configuration_message__rosidl_typesupport_c[0m
[0.074s] [35m[1mConsolidate compiler generated dependencies of target nav_messages_camera_configuration_message__rosidl_typesupport_introspection_c[0m
[0.074s] [35m[1mConsolidate compiler generated dependencies of target nav_messages_camera_configuration_message__rosidl_typesupport_c[0m
[0.075s] [35m[1mConsolidate compiler generated dependencies of target nav_messages_radar_configuration_message__rosidl_typesupport_fastrtps_c[0m
[0.075s] [35m[1mConsolidate compiler generated dependencies of target nav_messages_radar_fft_data_message__rosidl_typesupport_fastrtps_c[0m
[0.076s] [35m[1mConsolidate compiler generated dependencies of target nav_messages_radar_fft_data_message__rosidl_typesupport_c[0m
[0.079s] [35m[1mConsolidate compiler generated dependencies of target nav_messages_camera_configuration_message__rosidl_typesupport_fastrtps_c[0m
[0.081s] [ 48%] Built target nav_messages_radar_configuration_message__rosidl_typesupport_c
[0.081s] [ 50%] Built target nav_messages_radar_configuration_message__rosidl_typesupport_introspection_c
[0.081s] [ 55%] Built target nav_messages_radar_fft_data_message__rosidl_typesupport_introspection_c
[0.081s] [ 61%] Built target nav_messages_camera_configuration_message__rosidl_typesupport_introspection_c
[0.082s] [ 66%] Built target nav_messages_camera_configuration_message__rosidl_typesupport_c
[0.084s] [ 72%] Built target nav_messages_radar_fft_data_message__rosidl_typesupport_c
[0.085s] [ 77%] Built target nav_messages_radar_configuration_message__rosidl_typesupport_fastrtps_c
[0.085s] [ 83%] Built target nav_messages_radar_fft_data_message__rosidl_typesupport_fastrtps_c
[0.086s] [ 89%] Built target nav_messages_camera_configuration_message__rosidl_typesupport_fastrtps_c
[0.087s] cmake version 3.22.1
[0.087s] 
[0.087s] CMake suite maintained and supported by Kitware (kitware.com/cmake).
[0.095s] [ 89%] Built target nav_messages
[0.109s] [ 90%] Built target nav_messages__py
[0.117s] [35m[1mConsolidate compiler generated dependencies of target nav_messages__rosidl_generator_py[0m
[0.128s] [ 94%] Built target nav_messages__rosidl_generator_py
[0.136s] [35m[1mConsolidate compiler generated dependencies of target nav_messages__rosidl_typesupport_introspection_c__pyext[0m
[0.137s] [35m[1mConsolidate compiler generated dependencies of target nav_messages__rosidl_typesupport_fastrtps_c__pyext[0m
[0.137s] [35m[1mConsolidate compiler generated dependencies of target nav_messages__rosidl_typesupport_c__pyext[0m
[0.146s] [ 96%] Built target nav_messages__rosidl_typesupport_introspection_c__pyext
[0.147s] [ 98%] Built target nav_messages__rosidl_typesupport_fastrtps_c__pyext
[0.147s] [100%] Built target nav_messages__rosidl_typesupport_c__pyext
[0.223s] [?1h=running egg_info
[0.223s] writing nav_messages.egg-info/PKG-INFO
[0.223s] writing dependency_links to nav_messages.egg-info/dependency_links.txt
[0.223s] writing top-level names to nav_messages.egg-info/top_level.txt
[0.225s] reading manifest file 'nav_messages.egg-info/SOURCES.txt'
[0.225s] writing manifest file 'nav_messages.egg-info/SOURCES.txt'
[0.243s] [100%] Built target ament_cmake_python_build_nav_messages_egg
[0.508s]   Determining projects to restore...
[0.611s]   All projects are up-to-date for restore.
[0.708s] [?1h=Microsoft (R) Build Engine version 17.0.4+85d71072f for .NET
[0.708s] Copyright (C) Microsoft Corporation. All rights reserved.
[0.708s] 
[0.998s]   Determining projects to restore...
[1.131s]   All projects are up-to-date for restore.
[1.284s]   nav_messages_assembly_dotnetcore -> /home/ros2/tower_ws/build/nav_messages/netstandard2.0/nav_messages_assembly.dll
[1.288s] [39;49m[92m
[1.288s] Build succeeded.
[1.288s] [39;49m    0 Warning(s)
[1.289s] [39;49m    0 Error(s)
[1.289s] [39;49m
[1.289s] Time Elapsed 00:00:00.52
[1.310s] [100%] Built target nav_messages_assembly
[1.319s] Invoked command in '/home/ros2/tower_ws/build/nav_messages' returned '0': CMAKE_PREFIX_PATH=${CMAKE_PREFIX_PATH}:/home/ros2/Downloads/final-ai/install/py_fakedata:/home/ros2/Downloads/final-ai/install/py_detectionmessage:/home/ros2/Downloads/final-ai/install/py_aiproc:/opt/ros/humble /usr/bin/cmake --build /home/ros2/tower_ws/build/nav_messages -- -j24 -l24
[1.327s] Invoking command in '/home/ros2/tower_ws/build/nav_messages': CMAKE_PREFIX_PATH=${CMAKE_PREFIX_PATH}:/home/ros2/Downloads/final-ai/install/py_fakedata:/home/ros2/Downloads/final-ai/install/py_detectionmessage:/home/ros2/Downloads/final-ai/install/py_aiproc:/opt/ros/humble /usr/bin/cmake --install /home/ros2/tower_ws/build/nav_messages
[1.334s] -- Install configuration: ""
[1.334s] -- Up-to-date: /home/ros2/tower_ws/install/nav_messages/share/ament_index/resource_index/rosidl_interfaces/nav_messages
[1.334s] -- Up-to-date: /home/ros2/tower_ws/install/nav_messages/include/nav_messages/nav_messages
[1.334s] -- Up-to-date: /home/ros2/tower_ws/install/nav_messages/include/nav_messages/nav_messages/msg
[1.334s] -- Up-to-date: /home/ros2/tower_ws/install/nav_messages/include/nav_messages/nav_messages/msg/radar_fft_data_message.h
[1.334s] -- Up-to-date: /home/ros2/tower_ws/install/nav_messages/include/nav_messages/nav_messages/msg/rosidl_generator_c__visibility_control.h
[1.334s] -- Up-to-date: /home/ros2/tower_ws/install/nav_messages/include/nav_messages/nav_messages/msg/camera_configuration_message.h
[1.334s] -- Up-to-date: /home/ros2/tower_ws/install/nav_messages/include/nav_messages/nav_messages/msg/detail
[1.334s] -- Up-to-date: /home/ros2/tower_ws/install/nav_messages/include/nav_messages/nav_messages/msg/detail/radar_configuration_message__type_support.h
[1.334s] -- Up-to-date: /home/ros2/tower_ws/install/nav_messages/include/nav_messages/nav_messages/msg/detail/camera_configuration_message__functions.h
[1.334s] -- Up-to-date: /home/ros2/tower_ws/install/nav_messages/include/nav_messages/nav_messages/msg/detail/radar_configuration_message__functions.h
[1.334s] -- Up-to-date: /home/ros2/tower_ws/install/nav_messages/include/nav_messages/nav_messages/msg/detail/radar_configuration_message__functions.c
[1.334s] -- Up-to-date: /home/ros2/tower_ws/install/nav_messages/include/nav_messages/nav_messages/msg/detail/camera_configuration_message__functions.c
[1.334s] -- Up-to-date: /home/ros2/tower_ws/install/nav_messages/include/nav_messages/nav_messages/msg/detail/camera_configuration_message__type_support.h
[1.335s] -- Up-to-date: /home/ros2/tower_ws/install/nav_messages/include/nav_messages/nav_messages/msg/detail/radar_fft_data_message__functions.h
[1.335s] -- Up-to-date: /home/ros2/tower_ws/install/nav_messages/include/nav_messages/nav_messages/msg/detail/radar_fft_data_message__type_support.h
[1.335s] -- Up-to-date: /home/ros2/tower_ws/install/nav_messages/include/nav_messages/nav_messages/msg/detail/radar_fft_data_message__struct.h
[1.335s] -- Up-to-date: /home/ros2/tower_ws/install/nav_messages/include/nav_messages/nav_messages/msg/detail/radar_fft_data_message__functions.c
[1.335s] -- Up-to-date: /home/ros2/tower_ws/install/nav_messages/include/nav_messages/nav_messages/msg/detail/camera_configuration_message__struct.h
[1.335s] -- Up-to-date: /home/ros2/tower_ws/install/nav_messages/include/nav_messages/nav_messages/msg/detail/radar_configuration_message__struct.h
[1.335s] -- Up-to-date: /home/ros2/tower_ws/install/nav_messages/include/nav_messages/nav_messages/msg/radar_configuration_message.h
[1.335s] -- Up-to-date: /home/ros2/tower_ws/install/nav_messages/share/nav_messages/environment/library_path.sh
[1.335s] -- Up-to-date: /home/ros2/tower_ws/install/nav_messages/share/nav_messages/environment/library_path.dsv
[1.335s] -- Up-to-date: /home/ros2/tower_ws/install/nav_messages/lib/libnav_messages__rosidl_generator_c.so
[1.335s] -- Up-to-date: /home/ros2/tower_ws/install/nav_messages/include/nav_messages/nav_messages
[1.335s] -- Up-to-date: /home/ros2/tower_ws/install/nav_messages/include/nav_messages/nav_messages/msg
[1.335s] -- Up-to-date: /home/ros2/tower_ws/install/nav_messages/include/nav_messages/nav_messages/msg/detail
[1.335s] -- Up-to-date: /home/ros2/tower_ws/install/nav_messages/include/nav_messages/nav_messages/msg/detail/camera_configuration_message__rosidl_typesupport_fastrtps_c.h
[1.336s] -- Up-to-date: /home/ros2/tower_ws/install/nav_messages/include/nav_messages/nav_messages/msg/detail/radar_fft_data_message__rosidl_typesupport_fastrtps_c.h
[1.336s] -- Up-to-date: /home/ros2/tower_ws/install/nav_messages/include/nav_messages/nav_messages/msg/detail/radar_configuration_message__rosidl_typesupport_fastrtps_c.h
[1.336s] -- Up-to-date: /home/ros2/tower_ws/install/nav_messages/include/nav_messages/nav_messages/msg/rosidl_typesupport_fastrtps_c__visibility_control.h
[1.336s] -- Up-to-date: /home/ros2/tower_ws/install/nav_messages/lib/libnav_messages__rosidl_typesupport_fastrtps_c.so
[1.336s] -- Up-to-date: /home/ros2/tower_ws/install/nav_messages/include/nav_messages/nav_messages
[1.336s] -- Up-to-date: /home/ros2/tower_ws/install/nav_messages/include/nav_messages/nav_messages/msg
[1.336s] -- Up-to-date: /home/ros2/tower_ws/install/nav_messages/include/nav_messages/nav_messages/msg/radar_fft_data_message.hpp
[1.336s] -- Up-to-date: /home/ros2/tower_ws/install/nav_messages/include/nav_messages/nav_messages/msg/camera_configuration_message.hpp
[1.336s] -- Up-to-date: /home/ros2/tower_ws/install/nav_messages/include/nav_messages/nav_messages/msg/radar_configuration_message.hpp
[1.336s] -- Up-to-date: /home/ros2/tower_ws/install/nav_messages/include/nav_messages/nav_messages/msg/detail
[1.336s] -- Up-to-date: /home/ros2/tower_ws/install/nav_messages/include/nav_messages/nav_messages/msg/detail/radar_fft_data_message__struct.hpp
[1.336s] -- Up-to-date: /home/ros2/tower_ws/install/nav_messages/include/nav_messages/nav_messages/msg/detail/camera_configuration_message__traits.hpp
[1.336s] -- Up-to-date: /home/ros2/tower_ws/install/nav_messages/include/nav_messages/nav_messages/msg/detail/camera_configuration_message__type_support.hpp
[1.336s] -- Up-to-date: /home/ros2/tower_ws/install/nav_messages/include/nav_messages/nav_messages/msg/detail/camera_configuration_message__builder.hpp
[1.336s] -- Up-to-date: /home/ros2/tower_ws/install/nav_messages/include/nav_messages/nav_messages/msg/detail/radar_configuration_message__traits.hpp
[1.337s] -- Up-to-date: /home/ros2/tower_ws/install/nav_messages/include/nav_messages/nav_messages/msg/detail/radar_fft_data_message__type_support.hpp
[1.337s] -- Up-to-date: /home/ros2/tower_ws/install/nav_messages/include/nav_messages/nav_messages/msg/detail/radar_configuration_message__type_support.hpp
[1.337s] -- Up-to-date: /home/ros2/tower_ws/install/nav_messages/include/nav_messages/nav_messages/msg/detail/radar_fft_data_message__builder.hpp
[1.337s] -- Up-to-date: /home/ros2/tower_ws/install/nav_messages/include/nav_messages/nav_messages/msg/detail/camera_configuration_message__struct.hpp
[1.337s] -- Up-to-date: /home/ros2/tower_ws/install/nav_messages/include/nav_messages/nav_messages/msg/detail/radar_configuration_message__builder.hpp
[1.337s] -- Up-to-date: /home/ros2/tower_ws/install/nav_messages/include/nav_messages/nav_messages/msg/detail/radar_configuration_message__struct.hpp
[1.337s] -- Up-to-date: /home/ros2/tower_ws/install/nav_messages/include/nav_messages/nav_messages/msg/detail/radar_fft_data_message__traits.hpp
[1.337s] -- Up-to-date: /home/ros2/tower_ws/install/nav_messages/include/nav_messages/nav_messages/msg/rosidl_generator_cpp__visibility_control.hpp
[1.337s] -- Up-to-date: /home/ros2/tower_ws/install/nav_messages/include/nav_messages/nav_messages
[1.337s] -- Up-to-date: /home/ros2/tower_ws/install/nav_messages/include/nav_messages/nav_messages/msg
[1.337s] -- Up-to-date: /home/ros2/tower_ws/install/nav_messages/include/nav_messages/nav_messages/msg/rosidl_typesupport_fastrtps_cpp__visibility_control.h
[1.337s] -- Up-to-date: /home/ros2/tower_ws/install/nav_messages/include/nav_messages/nav_messages/msg/detail
[1.337s] -- Up-to-date: /home/ros2/tower_ws/install/nav_messages/include/nav_messages/nav_messages/msg/detail/radar_fft_data_message__rosidl_typesupport_fastrtps_cpp.hpp
[1.337s] -- Up-to-date: /home/ros2/tower_ws/install/nav_messages/include/nav_messages/nav_messages/msg/detail/radar_configuration_message__rosidl_typesupport_fastrtps_cpp.hpp
[1.337s] -- Up-to-date: /home/ros2/tower_ws/install/nav_messages/include/nav_messages/nav_messages/msg/detail/camera_configuration_message__rosidl_typesupport_fastrtps_cpp.hpp
[1.337s] -- Up-to-date: /home/ros2/tower_ws/install/nav_messages/include/nav_messages/nav_messages/msg/detail/dds_fastrtps
[1.337s] -- Up-to-date: /home/ros2/tower_ws/install/nav_messages/lib/libnav_messages__rosidl_typesupport_fastrtps_cpp.so
[1.338s] -- Up-to-date: /home/ros2/tower_ws/install/nav_messages/include/nav_messages/nav_messages
[1.338s] -- Up-to-date: /home/ros2/tower_ws/install/nav_messages/include/nav_messages/nav_messages/msg
[1.338s] -- Up-to-date: /home/ros2/tower_ws/install/nav_messages/include/nav_messages/nav_messages/msg/rosidl_typesupport_introspection_c__visibility_control.h
[1.338s] -- Up-to-date: /home/ros2/tower_ws/install/nav_messages/include/nav_messages/nav_messages/msg/detail
[1.338s] -- Up-to-date: /home/ros2/tower_ws/install/nav_messages/include/nav_messages/nav_messages/msg/detail/radar_configuration_message__rosidl_typesupport_introspection_c.h
[1.338s] -- Up-to-date: /home/ros2/tower_ws/install/nav_messages/include/nav_messages/nav_messages/msg/detail/camera_configuration_message__rosidl_typesupport_introspection_c.h
[1.338s] -- Up-to-date: /home/ros2/tower_ws/install/nav_messages/include/nav_messages/nav_messages/msg/detail/radar_configuration_message__type_support.c
[1.338s] -- Up-to-date: /home/ros2/tower_ws/install/nav_messages/include/nav_messages/nav_messages/msg/detail/radar_fft_data_message__rosidl_typesupport_introspection_c.h
[1.338s] -- Up-to-date: /home/ros2/tower_ws/install/nav_messages/include/nav_messages/nav_messages/msg/detail/camera_configuration_message__type_support.c
[1.338s] -- Up-to-date: /home/ros2/tower_ws/install/nav_messages/include/nav_messages/nav_messages/msg/detail/radar_fft_data_message__type_support.c
[1.338s] -- Up-to-date: /home/ros2/tower_ws/install/nav_messages/lib/libnav_messages__rosidl_typesupport_introspection_c.so
[1.338s] -- Up-to-date: /home/ros2/tower_ws/install/nav_messages/lib/libnav_messages__rosidl_typesupport_c.so
[1.338s] -- Up-to-date: /home/ros2/tower_ws/install/nav_messages/include/nav_messages/nav_messages
[1.338s] -- Up-to-date: /home/ros2/tower_ws/install/nav_messages/include/nav_messages/nav_messages/msg
[1.338s] -- Up-to-date: /home/ros2/tower_ws/install/nav_messages/include/nav_messages/nav_messages/msg/detail
[1.338s] -- Up-to-date: /home/ros2/tower_ws/install/nav_messages/include/nav_messages/nav_messages/msg/detail/radar_configuration_message__type_support.cpp
[1.338s] -- Up-to-date: /home/ros2/tower_ws/install/nav_messages/include/nav_messages/nav_messages/msg/detail/radar_fft_data_message__type_support.cpp
[1.338s] -- Up-to-date: /home/ros2/tower_ws/install/nav_messages/include/nav_messages/nav_messages/msg/detail/camera_configuration_message__rosidl_typesupport_introspection_cpp.hpp
[1.339s] -- Up-to-date: /home/ros2/tower_ws/install/nav_messages/include/nav_messages/nav_messages/msg/detail/radar_fft_data_message__rosidl_typesupport_introspection_cpp.hpp
[1.339s] -- Up-to-date: /home/ros2/tower_ws/install/nav_messages/include/nav_messages/nav_messages/msg/detail/camera_configuration_message__type_support.cpp
[1.339s] -- Up-to-date: /home/ros2/tower_ws/install/nav_messages/include/nav_messages/nav_messages/msg/detail/radar_configuration_message__rosidl_typesupport_introspection_cpp.hpp
[1.339s] -- Up-to-date: /home/ros2/tower_ws/install/nav_messages/lib/libnav_messages__rosidl_typesupport_introspection_cpp.so
[1.339s] -- Up-to-date: /home/ros2/tower_ws/install/nav_messages/lib/libnav_messages__rosidl_typesupport_cpp.so
[1.339s] -- Up-to-date: /home/ros2/tower_ws/install/nav_messages/lib/libnav_messages_radar_configuration_message__rosidl_typesupport_c_native.so
[1.339s] -- Up-to-date: /home/ros2/tower_ws/install/nav_messages/lib/libnav_messages_radar_configuration_message__rosidl_typesupport_introspection_c_native.so
[1.339s] -- Up-to-date: /home/ros2/tower_ws/install/nav_messages/lib/libnav_messages_radar_configuration_message__rosidl_typesupport_fastrtps_c_native.so
[1.339s] -- Up-to-date: /home/ros2/tower_ws/install/nav_messages/lib/libnav_messages_radar_fft_data_message__rosidl_typesupport_c_native.so
[1.339s] -- Up-to-date: /home/ros2/tower_ws/install/nav_messages/lib/libnav_messages_radar_fft_data_message__rosidl_typesupport_introspection_c_native.so
[1.339s] -- Up-to-date: /home/ros2/tower_ws/install/nav_messages/lib/libnav_messages_radar_fft_data_message__rosidl_typesupport_fastrtps_c_native.so
[1.339s] -- Up-to-date: /home/ros2/tower_ws/install/nav_messages/lib/libnav_messages_camera_configuration_message__rosidl_typesupport_c_native.so
[1.339s] -- Up-to-date: /home/ros2/tower_ws/install/nav_messages/lib/libnav_messages_camera_configuration_message__rosidl_typesupport_introspection_c_native.so
[1.339s] -- Up-to-date: /home/ros2/tower_ws/install/nav_messages/lib/libnav_messages_camera_configuration_message__rosidl_typesupport_fastrtps_c_native.so
[1.339s] -- Up-to-date: /home/ros2/tower_ws/install/nav_messages/lib/dotnet
[1.339s] -- Up-to-date: /home/ros2/tower_ws/install/nav_messages/lib/dotnet/std_msgs_assembly.dll
[1.339s] -- Up-to-date: /home/ros2/tower_ws/install/nav_messages/lib/dotnet/nav_messages_assembly.dll
[1.339s] -- Up-to-date: /home/ros2/tower_ws/install/nav_messages/lib/dotnet/builtin_interfaces_assembly.dll
[1.340s] -- Up-to-date: /home/ros2/tower_ws/install/nav_messages/lib/dotnet/nav_messages_assembly.deps.json
[1.340s] -- Up-to-date: /home/ros2/tower_ws/install/nav_messages/lib/dotnet/ros2cs_common.dll
[1.340s] -- Up-to-date: /home/ros2/tower_ws/install/nav_messages/share/nav_messages/environment/pythonpath.sh
[1.340s] -- Up-to-date: /home/ros2/tower_ws/install/nav_messages/share/nav_messages/environment/pythonpath.dsv
[1.340s] -- Up-to-date: /home/ros2/tower_ws/install/nav_messages/local/lib/python3.10/dist-packages/nav_messages-1.0.0-py3.10.egg-info
[1.340s] -- Installing: /home/ros2/tower_ws/install/nav_messages/local/lib/python3.10/dist-packages/nav_messages-1.0.0-py3.10.egg-info/dependency_links.txt
[1.340s] -- Installing: /home/ros2/tower_ws/install/nav_messages/local/lib/python3.10/dist-packages/nav_messages-1.0.0-py3.10.egg-info/PKG-INFO
[1.340s] -- Installing: /home/ros2/tower_ws/install/nav_messages/local/lib/python3.10/dist-packages/nav_messages-1.0.0-py3.10.egg-info/top_level.txt
[1.340s] -- Installing: /home/ros2/tower_ws/install/nav_messages/local/lib/python3.10/dist-packages/nav_messages-1.0.0-py3.10.egg-info/SOURCES.txt
[1.340s] -- Up-to-date: /home/ros2/tower_ws/install/nav_messages/local/lib/python3.10/dist-packages/nav_messages
[1.340s] -- Up-to-date: /home/ros2/tower_ws/install/nav_messages/local/lib/python3.10/dist-packages/nav_messages/nav_messages_s__rosidl_typesupport_introspection_c.cpython-310-x86_64-linux-gnu.so
[1.340s] -- Up-to-date: /home/ros2/tower_ws/install/nav_messages/local/lib/python3.10/dist-packages/nav_messages/nav_messages_s__rosidl_typesupport_c.cpython-310-x86_64-linux-gnu.so
[1.340s] -- Up-to-date: /home/ros2/tower_ws/install/nav_messages/local/lib/python3.10/dist-packages/nav_messages/_nav_messages_s.ep.rosidl_typesupport_fastrtps_c.c
[1.340s] -- Up-to-date: /home/ros2/tower_ws/install/nav_messages/local/lib/python3.10/dist-packages/nav_messages/_nav_messages_s.ep.rosidl_typesupport_introspection_c.c
[1.340s] -- Up-to-date: /home/ros2/tower_ws/install/nav_messages/local/lib/python3.10/dist-packages/nav_messages/nav_messages_s__rosidl_typesupport_fastrtps_c.cpython-310-x86_64-linux-gnu.so
[1.340s] -- Up-to-date: /home/ros2/tower_ws/install/nav_messages/local/lib/python3.10/dist-packages/nav_messages/__init__.py
[1.340s] -- Up-to-date: /home/ros2/tower_ws/install/nav_messages/local/lib/python3.10/dist-packages/nav_messages/msg
[1.341s] -- Up-to-date: /home/ros2/tower_ws/install/nav_messages/local/lib/python3.10/dist-packages/nav_messages/msg/_camera_configuration_message.py
[1.341s] -- Up-to-date: /home/ros2/tower_ws/install/nav_messages/local/lib/python3.10/dist-packages/nav_messages/msg/_radar_configuration_message_s.c
[1.341s] -- Up-to-date: /home/ros2/tower_ws/install/nav_messages/local/lib/python3.10/dist-packages/nav_messages/msg/_camera_configuration_message_s.c
[1.341s] -- Up-to-date: /home/ros2/tower_ws/install/nav_messages/local/lib/python3.10/dist-packages/nav_messages/msg/_radar_fft_data_message.py
[1.341s] -- Up-to-date: /home/ros2/tower_ws/install/nav_messages/local/lib/python3.10/dist-packages/nav_messages/msg/__init__.py
[1.341s] -- Up-to-date: /home/ros2/tower_ws/install/nav_messages/local/lib/python3.10/dist-packages/nav_messages/msg/_radar_configuration_message.py
[1.341s] -- Up-to-date: /home/ros2/tower_ws/install/nav_messages/local/lib/python3.10/dist-packages/nav_messages/msg/_radar_fft_data_message_s.c
[1.341s] -- Up-to-date: /home/ros2/tower_ws/install/nav_messages/local/lib/python3.10/dist-packages/nav_messages/libnav_messages__rosidl_generator_py.so
[1.341s] -- Up-to-date: /home/ros2/tower_ws/install/nav_messages/local/lib/python3.10/dist-packages/nav_messages/_nav_messages_s.ep.rosidl_typesupport_c.c
[1.358s] Listing '/home/ros2/tower_ws/install/nav_messages/local/lib/python3.10/dist-packages/nav_messages'...
[1.358s] Listing '/home/ros2/tower_ws/install/nav_messages/local/lib/python3.10/dist-packages/nav_messages/msg'...
[1.361s] -- Up-to-date: /home/ros2/tower_ws/install/nav_messages/local/lib/python3.10/dist-packages/nav_messages/nav_messages_s__rosidl_typesupport_fastrtps_c.cpython-310-x86_64-linux-gnu.so
[1.361s] -- Up-to-date: /home/ros2/tower_ws/install/nav_messages/local/lib/python3.10/dist-packages/nav_messages/nav_messages_s__rosidl_typesupport_introspection_c.cpython-310-x86_64-linux-gnu.so
[1.361s] -- Up-to-date: /home/ros2/tower_ws/install/nav_messages/local/lib/python3.10/dist-packages/nav_messages/nav_messages_s__rosidl_typesupport_c.cpython-310-x86_64-linux-gnu.so
[1.361s] -- Up-to-date: /home/ros2/tower_ws/install/nav_messages/lib/libnav_messages__rosidl_generator_py.so
[1.361s] -- Up-to-date: /home/ros2/tower_ws/install/nav_messages/share/ament_index/resource_index/rust_packages/nav_messages
[1.361s] -- Up-to-date: /home/ros2/tower_ws/install/nav_messages/share/nav_messages/rust
[1.361s] -- Up-to-date: /home/ros2/tower_ws/install/nav_messages/share/nav_messages/rust/build.rs
[1.361s] -- Up-to-date: /home/ros2/tower_ws/install/nav_messages/share/nav_messages/rust/src
[1.362s] -- Up-to-date: /home/ros2/tower_ws/install/nav_messages/share/nav_messages/rust/src/msg.rs
[1.362s] -- Up-to-date: /home/ros2/tower_ws/install/nav_messages/share/nav_messages/rust/src/lib.rs
[1.362s] -- Up-to-date: /home/ros2/tower_ws/install/nav_messages/share/nav_messages/rust/src/msg
[1.362s] -- Up-to-date: /home/ros2/tower_ws/install/nav_messages/share/nav_messages/rust/src/msg/rmw.rs
[1.362s] -- Up-to-date: /home/ros2/tower_ws/install/nav_messages/share/nav_messages/rust/Cargo.toml
[1.362s] -- Up-to-date: /home/ros2/tower_ws/install/nav_messages/share/nav_messages/msg/RadarConfigurationMessage.idl
[1.362s] -- Up-to-date: /home/ros2/tower_ws/install/nav_messages/share/nav_messages/msg/RadarFftDataMessage.idl
[1.362s] -- Up-to-date: /home/ros2/tower_ws/install/nav_messages/share/nav_messages/msg/CameraConfigurationMessage.idl
[1.362s] -- Up-to-date: /home/ros2/tower_ws/install/nav_messages/share/nav_messages/msg/RadarConfigurationMessage.msg
[1.362s] -- Up-to-date: /home/ros2/tower_ws/install/nav_messages/share/nav_messages/msg/RadarFftDataMessage.msg
[1.362s] -- Up-to-date: /home/ros2/tower_ws/install/nav_messages/share/nav_messages/msg/CameraConfigurationMessage.msg
[1.362s] -- Up-to-date: /home/ros2/tower_ws/install/nav_messages/share/ament_index/resource_index/package_run_dependencies/nav_messages
[1.362s] -- Up-to-date: /home/ros2/tower_ws/install/nav_messages/share/ament_index/resource_index/parent_prefix_path/nav_messages
[1.362s] -- Up-to-date: /home/ros2/tower_ws/install/nav_messages/share/nav_messages/environment/ament_prefix_path.sh
[1.362s] -- Up-to-date: /home/ros2/tower_ws/install/nav_messages/share/nav_messages/environment/ament_prefix_path.dsv
[1.363s] -- Up-to-date: /home/ros2/tower_ws/install/nav_messages/share/nav_messages/environment/path.sh
[1.363s] -- Up-to-date: /home/ros2/tower_ws/install/nav_messages/share/nav_messages/environment/path.dsv
[1.363s] -- Up-to-date: /home/ros2/tower_ws/install/nav_messages/share/nav_messages/local_setup.bash
[1.363s] -- Up-to-date: /home/ros2/tower_ws/install/nav_messages/share/nav_messages/local_setup.sh
[1.363s] -- Up-to-date: /home/ros2/tower_ws/install/nav_messages/share/nav_messages/local_setup.zsh
[1.363s] -- Up-to-date: /home/ros2/tower_ws/install/nav_messages/share/nav_messages/local_setup.dsv
[1.363s] -- Installing: /home/ros2/tower_ws/install/nav_messages/share/nav_messages/package.dsv
[1.363s] -- Up-to-date: /home/ros2/tower_ws/install/nav_messages/share/ament_index/resource_index/packages/nav_messages
[1.363s] -- Up-to-date: /home/ros2/tower_ws/install/nav_messages/share/nav_messages/cmake/export_nav_messages__rosidl_generator_cExport.cmake
[1.363s] -- Up-to-date: /home/ros2/tower_ws/install/nav_messages/share/nav_messages/cmake/export_nav_messages__rosidl_generator_cExport-noconfig.cmake
[1.363s] -- Up-to-date: /home/ros2/tower_ws/install/nav_messages/share/nav_messages/cmake/export_nav_messages__rosidl_typesupport_fastrtps_cExport.cmake
[1.363s] -- Up-to-date: /home/ros2/tower_ws/install/nav_messages/share/nav_messages/cmake/export_nav_messages__rosidl_typesupport_fastrtps_cExport-noconfig.cmake
[1.363s] -- Up-to-date: /home/ros2/tower_ws/install/nav_messages/share/nav_messages/cmake/export_nav_messages__rosidl_generator_cppExport.cmake
[1.363s] -- Up-to-date: /home/ros2/tower_ws/install/nav_messages/share/nav_messages/cmake/export_nav_messages__rosidl_typesupport_fastrtps_cppExport.cmake
[1.363s] -- Up-to-date: /home/ros2/tower_ws/install/nav_messages/share/nav_messages/cmake/export_nav_messages__rosidl_typesupport_fastrtps_cppExport-noconfig.cmake
[1.364s] -- Up-to-date: /home/ros2/tower_ws/install/nav_messages/share/nav_messages/cmake/nav_messages__rosidl_typesupport_introspection_cExport.cmake
[1.364s] -- Up-to-date: /home/ros2/tower_ws/install/nav_messages/share/nav_messages/cmake/nav_messages__rosidl_typesupport_introspection_cExport-noconfig.cmake
[1.364s] -- Up-to-date: /home/ros2/tower_ws/install/nav_messages/share/nav_messages/cmake/nav_messages__rosidl_typesupport_cExport.cmake
[1.364s] -- Up-to-date: /home/ros2/tower_ws/install/nav_messages/share/nav_messages/cmake/nav_messages__rosidl_typesupport_cExport-noconfig.cmake
[1.364s] -- Up-to-date: /home/ros2/tower_ws/install/nav_messages/share/nav_messages/cmake/nav_messages__rosidl_typesupport_introspection_cppExport.cmake
[1.364s] -- Up-to-date: /home/ros2/tower_ws/install/nav_messages/share/nav_messages/cmake/nav_messages__rosidl_typesupport_introspection_cppExport-noconfig.cmake
[1.364s] -- Up-to-date: /home/ros2/tower_ws/install/nav_messages/share/nav_messages/cmake/nav_messages__rosidl_typesupport_cppExport.cmake
[1.364s] -- Up-to-date: /home/ros2/tower_ws/install/nav_messages/share/nav_messages/cmake/nav_messages__rosidl_typesupport_cppExport-noconfig.cmake
[1.364s] -- Up-to-date: /home/ros2/tower_ws/install/nav_messages/share/nav_messages/cmake/export_nav_messages__rosidl_generator_pyExport.cmake
[1.364s] -- Up-to-date: /home/ros2/tower_ws/install/nav_messages/share/nav_messages/cmake/export_nav_messages__rosidl_generator_pyExport-noconfig.cmake
[1.364s] -- Up-to-date: /home/ros2/tower_ws/install/nav_messages/share/nav_messages/cmake/rosidl_cmake-extras.cmake
[1.364s] -- Up-to-date: /home/ros2/tower_ws/install/nav_messages/share/nav_messages/cmake/ament_cmake_export_dependencies-extras.cmake
[1.364s] -- Up-to-date: /home/ros2/tower_ws/install/nav_messages/share/nav_messages/cmake/ament_cmake_export_include_directories-extras.cmake
[1.364s] -- Up-to-date: /home/ros2/tower_ws/install/nav_messages/share/nav_messages/cmake/ament_cmake_export_libraries-extras.cmake
[1.364s] -- Up-to-date: /home/ros2/tower_ws/install/nav_messages/share/nav_messages/cmake/ament_cmake_export_targets-extras.cmake
[1.364s] -- Up-to-date: /home/ros2/tower_ws/install/nav_messages/share/nav_messages/cmake/rosidl_cmake_export_typesupport_targets-extras.cmake
[1.364s] -- Up-to-date: /home/ros2/tower_ws/install/nav_messages/share/nav_messages/cmake/rosidl_cmake_export_typesupport_libraries-extras.cmake
[1.364s] -- Up-to-date: /home/ros2/tower_ws/install/nav_messages/share/nav_messages/cmake/ament_cmake_export_assemblies-extras.cmake
[1.364s] -- Up-to-date: /home/ros2/tower_ws/install/nav_messages/share/nav_messages/cmake/rosidl_cmake_aggregate_target-extras.cmake
[1.364s] -- Up-to-date: /home/ros2/tower_ws/install/nav_messages/share/nav_messages/cmake/nav_messagesConfig.cmake
[1.365s] -- Up-to-date: /home/ros2/tower_ws/install/nav_messages/share/nav_messages/cmake/nav_messagesConfig-version.cmake
[1.365s] -- Up-to-date: /home/ros2/tower_ws/install/nav_messages/share/nav_messages/package.xml
[1.365s] Invoked command in '/home/ros2/tower_ws/build/nav_messages' returned '0': CMAKE_PREFIX_PATH=${CMAKE_PREFIX_PATH}:/home/ros2/Downloads/final-ai/install/py_fakedata:/home/ros2/Downloads/final-ai/install/py_detectionmessage:/home/ros2/Downloads/final-ai/install/py_aiproc:/opt/ros/humble /usr/bin/cmake --install /home/ros2/tower_ws/build/nav_messages
