[0.009s] Invoking command in '/home/ros2/tower_ws/build/zed_components': CMAKE_PREFIX_PATH=${CMAKE_PREFIX_PATH}:/home/ros2/Downloads/final-ai/install/py_fakedata:/home/ros2/Downloads/final-ai/install/py_detectionmessage:/home/ros2/Downloads/final-ai/install/py_aiproc:/opt/ros/humble /usr/bin/cmake /home/ros2/tower_ws/src/zed-ros2-wrapper/zed_components -DCMAKE_INSTALL_PREFIX=/home/ros2/tower_ws/install/zed_components
[0.054s] -- The C compiler identification is GNU 11.4.0
[0.109s] -- The CXX compiler identification is GNU 11.4.0
[0.115s] -- Detecting C compiler ABI info
[0.163s] -- Detecting C compiler ABI info - done
[0.168s] -- Check for working C compiler: /usr/bin/cc - skipped
[0.168s] -- Detecting C compile features
[0.168s] -- Detecting C compile features - done
[0.170s] -- Detecting CXX compiler ABI info
[0.228s] -- Detecting CXX compiler ABI info - done
[0.232s] -- Check for working CXX compiler: /usr/bin/c++ - skipped
[0.232s] -- Detecting CXX compile features
[0.233s] -- Detecting CXX compile features - done
[0.236s] -- Looking for sgemm_
[0.287s] -- Looking for sgemm_ - not found
[0.288s] -- Looking for pthread.h
[0.336s] -- Looking for pthread.h - found
[0.336s] -- Performing Test CMAKE_HAVE_LIBC_PTHREAD
[0.383s] -- Performing Test CMAKE_HAVE_LIBC_PTHREAD - Success
[0.384s] -- Found Threads: TRUE  
[0.404s] -- Looking for sgemm_
[0.473s] -- Looking for sgemm_ - found
[0.474s] -- Found BLAS: /usr/lib/x86_64-linux-gnu/libopenblas.so  
[0.499s] -- Found CUDA: /usr/local/cuda (found suitable version "13.1", minimum required is "13") 
[0.531s] -- Found CUDA: /usr/local/cuda (found version "13.1") 
[0.534s] -- Found ament_cmake_auto: 1.3.14 (/opt/ros/humble/share/ament_cmake_auto/cmake)
[0.645s] -- Found Python3: /usr/bin/python3 (found version "3.10.12") found components: Interpreter 
[0.793s] -- Found rosidl_generator_c: 3.1.9 (/opt/ros/humble/share/rosidl_generator_c/cmake)
[0.797s] -- Found rosidl_adapter: 3.1.9 (/opt/ros/humble/share/rosidl_adapter/cmake)
[0.804s] -- Found rosidl_generator_cpp: 3.1.9 (/opt/ros/humble/share/rosidl_generator_cpp/cmake)
[0.813s] -- Using all available rosidl_typesupport_c: rosidl_typesupport_fastrtps_c;rosidl_typesupport_introspection_c
[0.825s] -- Using all available rosidl_typesupport_cpp: rosidl_typesupport_fastrtps_cpp;rosidl_typesupport_introspection_cpp
[0.913s] -- Found rmw_implementation_cmake: 6.1.3 (/opt/ros/humble/share/rmw_implementation_cmake/cmake)
[0.915s] -- Found rmw_fastrtps_cpp: 6.2.10 (/opt/ros/humble/share/rmw_fastrtps_cpp/cmake)
[0.978s] -- Found OpenSSL: /usr/lib/x86_64-linux-gnu/libcrypto.so (found version "3.0.2")  
[0.994s] -- Found FastRTPS: /opt/ros/humble/include  
[1.026s] -- Using RMW implementation 'rmw_fastrtps_cpp' as default
[1.219s] -- Found eigen3_cmake_module: 0.1.1 (/opt/ros/humble/share/eigen3_cmake_module/cmake)
[1.220s] -- Found Eigen3: TRUE (found version "3.4.0") 
[1.220s] -- Ensuring Eigen3 include directory is part of orocos-kdl CMake target
[1.318s] -- Found ament_lint_auto: 0.12.15 (/opt/ros/humble/share/ament_lint_auto/cmake)
[1.350s] -- Added test 'copyright' to check source files copyright and LICENSE
[1.351s] -- Added test 'cppcheck' to perform static code analysis on C / C++ code
[1.351s] -- Configured cppcheck include dirs: /home/ros2/tower_ws/src/zed-ros2-wrapper/zed_components/src/include;/home/ros2/tower_ws/src/zed-ros2-wrapper/zed_components/src/zed_camera/include;/home/ros2/tower_ws/src/zed-ros2-wrapper/zed_components/src/tools/include;/home/ros2/tower_ws/src/zed-ros2-wrapper/zed_components/src/zed_camera_one/include
[1.351s] -- Configured cppcheck exclude dirs and/or files: 
[1.352s] -- Added test 'lint_cmake' to check CMake code style
[1.352s] -- Added test 'uncrustify' to check C / C++ code style
[1.353s] -- Configured uncrustify additional arguments: 
[1.353s] -- Added test 'xmllint' to check XML markup files
[1.355s] -- Configuring done
[1.371s] -- Generating done
[1.376s] -- Build files have been written to: /home/ros2/tower_ws/build/zed_components
[1.385s] Invoked command in '/home/ros2/tower_ws/build/zed_components' returned '0': CMAKE_PREFIX_PATH=${CMAKE_PREFIX_PATH}:/home/ros2/Downloads/final-ai/install/py_fakedata:/home/ros2/Downloads/final-ai/install/py_detectionmessage:/home/ros2/Downloads/final-ai/install/py_aiproc:/opt/ros/humble /usr/bin/cmake /home/ros2/tower_ws/src/zed-ros2-wrapper/zed_components -DCMAKE_INSTALL_PREFIX=/home/ros2/tower_ws/install/zed_components
[1.385s] Invoking command in '/home/ros2/tower_ws/build/zed_components': CMAKE_PREFIX_PATH=${CMAKE_PREFIX_PATH}:/home/ros2/Downloads/final-ai/install/py_fakedata:/home/ros2/Downloads/final-ai/install/py_detectionmessage:/home/ros2/Downloads/final-ai/install/py_aiproc:/opt/ros/humble /usr/bin/cmake --build /home/ros2/tower_ws/build/zed_components -- -j24 -l24
[1.439s] [  5%] [32mBuilding CXX object CMakeFiles/zed_camera_component.dir/src/tools/src/sl_win_avg.cpp.o[0m
[1.440s] [ 11%] [32mBuilding CXX object CMakeFiles/zed_camera_component.dir/src/tools/src/gnss_replay.cpp.o[0m
[1.441s] [ 17%] [32mBuilding CXX object CMakeFiles/zed_camera_component.dir/src/tools/src/sl_tools.cpp.o[0m
[1.442s] [ 23%] [32mBuilding CXX object CMakeFiles/zed_camera_component.dir/src/zed_camera/src/zed_camera_component_main.cpp.o[0m
[1.443s] [ 29%] [32mBuilding CXX object CMakeFiles/zed_camera_component.dir/src/zed_camera/src/zed_camera_component_video_depth.cpp.o[0m
[1.444s] [ 35%] [32mBuilding CXX object CMakeFiles/zed_camera_one_component.dir/src/zed_camera_one/src/zed_camera_one_component_sensors.cpp.o[0m
[1.445s] [ 41%] [32mBuilding CXX object CMakeFiles/zed_camera_component.dir/src/zed_camera/src/zed_camera_component_objdet.cpp.o[0m
[1.445s] [ 47%] [32mBuilding CXX object CMakeFiles/zed_camera_one_component.dir/src/tools/src/gnss_replay.cpp.o[0m
[1.446s] [ 52%] [32mBuilding CXX object CMakeFiles/zed_camera_one_component.dir/src/zed_camera_one/src/zed_camera_one_component_video.cpp.o[0m
[1.446s] [ 58%] [32mBuilding CXX object CMakeFiles/zed_camera_one_component.dir/src/tools/src/sl_types.cpp.o[0m
[1.446s] [ 64%] [32mBuilding CXX object CMakeFiles/zed_camera_one_component.dir/src/zed_camera_one/src/zed_camera_one_component_main.cpp.o[0m
[1.449s] [ 70%] [32mBuilding CXX object CMakeFiles/zed_camera_one_component.dir/src/tools/src/sl_tools.cpp.o[0m
[1.450s] [ 76%] [32mBuilding CXX object CMakeFiles/zed_camera_component.dir/src/tools/src/sl_types.cpp.o[0m
[1.450s] [ 88%] [32mBuilding CXX object CMakeFiles/zed_camera_component.dir/src/zed_camera/src/zed_camera_component_bodytrk.cpp.o[0m
[1.450s] [ 88%] [32mBuilding CXX object CMakeFiles/zed_camera_one_component.dir/src/tools/src/sl_win_avg.cpp.o[0m
[13.225s] [ 94%] [32m[1mLinking CXX shared library libzed_camera_one_component.so[0m
[13.493s] [ 94%] Built target zed_camera_one_component
[34.116s] [100%] [32m[1mLinking CXX shared library libzed_camera_component.so[0m
[34.462s] [100%] Built target zed_camera_component
[34.472s] Invoked command in '/home/ros2/tower_ws/build/zed_components' returned '0': CMAKE_PREFIX_PATH=${CMAKE_PREFIX_PATH}:/home/ros2/Downloads/final-ai/install/py_fakedata:/home/ros2/Downloads/final-ai/install/py_detectionmessage:/home/ros2/Downloads/final-ai/install/py_aiproc:/opt/ros/humble /usr/bin/cmake --build /home/ros2/tower_ws/build/zed_components -- -j24 -l24
[34.475s] Invoking command in '/home/ros2/tower_ws/build/zed_components': CMAKE_PREFIX_PATH=${CMAKE_PREFIX_PATH}:/home/ros2/Downloads/final-ai/install/py_fakedata:/home/ros2/Downloads/final-ai/install/py_detectionmessage:/home/ros2/Downloads/final-ai/install/py_aiproc:/opt/ros/humble /usr/bin/cmake --install /home/ros2/tower_ws/build/zed_components
[34.481s] -- Install configuration: "Release"
[34.481s] -- Installing: /home/ros2/tower_ws/install/zed_components/lib/libzed_camera_component.so
[34.486s] -- Set runtime path of "/home/ros2/tower_ws/install/zed_components/lib/libzed_camera_component.so" to ""
[34.486s] -- Installing: /home/ros2/tower_ws/install/zed_components/lib/libzed_camera_one_component.so
[34.487s] -- Set runtime path of "/home/ros2/tower_ws/install/zed_components/lib/libzed_camera_one_component.so" to ""
[34.487s] -- Installing: /home/ros2/tower_ws/install/zed_components/include/zed_components/
[34.487s] -- Installing: /home/ros2/tower_ws/install/zed_components/include/zed_components//cost_traversability.hpp
[34.488s] -- Installing: /home/ros2/tower_ws/install/zed_components/include/zed_components//zed_camera_component.hpp
[34.488s] -- Up-to-date: /home/ros2/tower_ws/install/zed_components/include/zed_components/
[34.488s] -- Installing: /home/ros2/tower_ws/install/zed_components/include/zed_components//sl_types.hpp
[34.488s] -- Installing: /home/ros2/tower_ws/install/zed_components/include/zed_components//sl_tools.hpp
[34.488s] -- Installing: /home/ros2/tower_ws/install/zed_components/include/zed_components//sl_win_avg.hpp
[34.488s] -- Installing: /home/ros2/tower_ws/install/zed_components/include/zed_components//gnss_replay.hpp
[34.488s] -- Installing: /home/ros2/tower_ws/install/zed_components/include/zed_components//json.hpp
[34.488s] -- Installing: /home/ros2/tower_ws/install/zed_components/include/zed_components//sl_logging.hpp
[34.488s] -- Up-to-date: /home/ros2/tower_ws/install/zed_components/include/zed_components/
[34.488s] -- Installing: /home/ros2/tower_ws/install/zed_components/include/zed_components//visibility_control.hpp
[34.488s] -- Installing: /home/ros2/tower_ws/install/zed_components/include/zed_components//sl_version.hpp
[34.489s] -- Installing: /home/ros2/tower_ws/install/zed_components/share/zed_components/environment/library_path.sh
[34.489s] -- Installing: /home/ros2/tower_ws/install/zed_components/share/zed_components/environment/library_path.dsv
[34.489s] -- Installing: /home/ros2/tower_ws/install/zed_components/share/ament_index/resource_index/package_run_dependencies/zed_components
[34.489s] -- Installing: /home/ros2/tower_ws/install/zed_components/share/ament_index/resource_index/parent_prefix_path/zed_components
[34.489s] -- Installing: /home/ros2/tower_ws/install/zed_components/share/zed_components/environment/ament_prefix_path.sh
[34.489s] -- Installing: /home/ros2/tower_ws/install/zed_components/share/zed_components/environment/ament_prefix_path.dsv
[34.489s] -- Installing: /home/ros2/tower_ws/install/zed_components/share/zed_components/environment/path.sh
[34.489s] -- Installing: /home/ros2/tower_ws/install/zed_components/share/zed_components/environment/path.dsv
[34.490s] -- Installing: /home/ros2/tower_ws/install/zed_components/share/zed_components/local_setup.bash
[34.490s] -- Installing: /home/ros2/tower_ws/install/zed_components/share/zed_components/local_setup.sh
[34.490s] -- Installing: /home/ros2/tower_ws/install/zed_components/share/zed_components/local_setup.zsh
[34.490s] -- Installing: /home/ros2/tower_ws/install/zed_components/share/zed_components/local_setup.dsv
[34.490s] -- Installing: /home/ros2/tower_ws/install/zed_components/share/zed_components/package.dsv
[34.490s] -- Installing: /home/ros2/tower_ws/install/zed_components/share/ament_index/resource_index/packages/zed_components
[34.490s] -- Installing: /home/ros2/tower_ws/install/zed_components/share/ament_index/resource_index/rclcpp_components/zed_components
[34.490s] -- Installing: /home/ros2/tower_ws/install/zed_components/share/zed_components/cmake/ament_cmake_export_include_directories-extras.cmake
[34.490s] -- Installing: /home/ros2/tower_ws/install/zed_components/share/zed_components/cmake/ament_cmake_export_libraries-extras.cmake
[34.490s] -- Installing: /home/ros2/tower_ws/install/zed_components/share/zed_components/cmake/ament_cmake_export_dependencies-extras.cmake
[34.491s] -- Installing: /home/ros2/tower_ws/install/zed_components/share/zed_components/cmake/zed_componentsConfig.cmake
[34.491s] -- Installing: /home/ros2/tower_ws/install/zed_components/share/zed_components/cmake/zed_componentsConfig-version.cmake
[34.491s] -- Installing: /home/ros2/tower_ws/install/zed_components/share/zed_components/package.xml
[34.493s] Invoked command in '/home/ros2/tower_ws/build/zed_components' returned '0': CMAKE_PREFIX_PATH=${CMAKE_PREFIX_PATH}:/home/ros2/Downloads/final-ai/install/py_fakedata:/home/ros2/Downloads/final-ai/install/py_detectionmessage:/home/ros2/Downloads/final-ai/install/py_aiproc:/opt/ros/humble /usr/bin/cmake --install /home/ros2/tower_ws/build/zed_components
